Component: ARM Compiler 5.06 update 6 (build 750) Tool: armlink [4d35ed]

==============================================================================

Section Cross References

    startup_stm32f103xe.o(RESET) refers to startup_stm32f103xe.o(STACK) for __initial_sp
    startup_stm32f103xe.o(RESET) refers to startup_stm32f103xe.o(.text) for Reset_Handler
    startup_stm32f103xe.o(RESET) refers to stm32f1xx_it.o(i.NMI_Handler) for NMI_Handler
    startup_stm32f103xe.o(RESET) refers to stm32f1xx_it.o(i.HardFault_Handler) for HardFault_Handler
    startup_stm32f103xe.o(RESET) refers to stm32f1xx_it.o(i.MemManage_Handler) for MemManage_Handler
    startup_stm32f103xe.o(RESET) refers to stm32f1xx_it.o(i.BusFault_Handler) for BusFault_Handler
    startup_stm32f103xe.o(RESET) refers to stm32f1xx_it.o(i.UsageFault_Handler) for UsageFault_Handler
    startup_stm32f103xe.o(RESET) refers to stm32f1xx_it.o(i.SVC_Handler) for SVC_Handler
    startup_stm32f103xe.o(RESET) refers to stm32f1xx_it.o(i.DebugMon_Handler) for DebugMon_Handler
    startup_stm32f103xe.o(RESET) refers to stm32f1xx_it.o(i.PendSV_Handler) for PendSV_Handler
    startup_stm32f103xe.o(RESET) refers to stm32f1xx_it.o(i.SysTick_Handler) for SysTick_Handler
    startup_stm32f103xe.o(RESET) refers to stm32f1xx_it.o(i.DMA1_Channel1_IRQHandler) for DMA1_Channel1_IRQHandler
    startup_stm32f103xe.o(RESET) refers to stm32f1xx_it.o(i.USB_LP_CAN1_RX0_IRQHandler) for USB_LP_CAN1_RX0_IRQHandler
    startup_stm32f103xe.o(RESET) refers to stm32f1xx_it.o(i.EXTI9_5_IRQHandler) for EXTI9_5_IRQHandler
    startup_stm32f103xe.o(RESET) refers to stm32f1xx_it.o(i.TIM6_IRQHandler) for TIM6_IRQHandler
    startup_stm32f103xe.o(.text) refers to system_stm32f1xx.o(i.SystemInit) for SystemInit
    startup_stm32f103xe.o(.text) refers to entry.o(.ARM.Collect$$$$00000000) for __main
    serialcommand.o(i.ParseCMD) refers to serialcommand.o(i.cmdGetArgNum) for cmdGetArgNum
    serialcommand.o(i.ParseCMD) refers to malloc.o(i.malloc) for malloc
    serialcommand.o(i.ParseCMD) refers to strtok.o(.text) for strtok
    serialcommand.o(i.ParseCMD) refers to strlen.o(.text) for strlen
    serialcommand.o(i.ParseCMD) refers to strncmp.o(.text) for strncmp
    serialcommand.o(i.ParseCMD) refers to malloc.o(i.free) for free
    serialcommand.o(i.ParseCMD) refers to main.o(.data) for Console
    serialcommand.o(i.PrintFloat) refers to serialcommand.o(i.ftoa) for ftoa
    serialcommand.o(i.PrintFloat) refers to serialcommand.o(i.PrintString) for PrintString
    serialcommand.o(i.PrintInt) refers to serialcommand.o(i.itoa) for itoa
    serialcommand.o(i.PrintInt) refers to serialcommand.o(i.PrintString) for PrintString
    serialcommand.o(i.PrintString) refers to strlen.o(.text) for strlen
    serialcommand.o(i.PrintString) refers to serialcommand.o(i.SerialBufferSend) for SerialBufferSend
    serialcommand.o(i.SerialBufferSend) refers to serialcommand.o(.bss) for serial_str_tx
    serialcommand.o(i.SerialBufferSend) refers to serialcommand.o(.data) for serial_tx_buf_pos
    serialcommand.o(i.SerialParse) refers to stm32f1xx_hal_gpio.o(i.HAL_GPIO_TogglePin) for HAL_GPIO_TogglePin
    serialcommand.o(i.SerialParse) refers to serialcommand.o(i.ParseCMD) for ParseCMD
    serialcommand.o(i.SerialParse) refers to serialcommand.o(.data) for msg_pos
    serialcommand.o(i.SerialParse) refers to serialcommand.o(.bss) for serial_str_rx
    serialcommand.o(i.SerialSendHandlar) refers to usbd_cdc_if.o(i.CDC_Transmit_FS) for CDC_Transmit_FS
    serialcommand.o(i.SerialSendHandlar) refers to serialcommand.o(.data) for serial_tx_buf_pos
    serialcommand.o(i.SerialSendHandlar) refers to serialcommand.o(.bss) for serial_str_tx
    serialcommand.o(i.ftoa) refers to serialcommand.o(i.itoa) for itoa
    serialcommand.o(i.itoa) refers to serialcommand.o(i.reverse) for reverse
    serialcommand.o(i.reverse) refers to strlen.o(.text) for strlen
    main.o(i.DoCmd1) refers to serialcommand.o(i.PrintInt) for PrintInt
    main.o(i.DoCmd1) refers to serialcommand.o(i.SerialSendHandlar) for SerialSendHandlar
    main.o(i.HAL_GPIO_EXTI_Callback) refers to stm32f1xx_hal_tim.o(i.HAL_TIM_Base_Start) for HAL_TIM_Base_Start
    main.o(i.HAL_GPIO_EXTI_Callback) refers to stm32f1xx_hal_tim.o(i.HAL_TIM_Base_Start_IT) for HAL_TIM_Base_Start_IT
    main.o(i.HAL_GPIO_EXTI_Callback) refers to main.o(.bss) for htim6
    main.o(i.MX_ADC1_Init) refers to stm32f1xx_hal_adc.o(i.HAL_ADC_Init) for HAL_ADC_Init
    main.o(i.MX_ADC1_Init) refers to main.o(i.Error_Handler) for Error_Handler
    main.o(i.MX_ADC1_Init) refers to stm32f1xx_hal_adc.o(i.HAL_ADC_ConfigChannel) for HAL_ADC_ConfigChannel
    main.o(i.MX_ADC1_Init) refers to main.o(.bss) for hadc1
    main.o(i.MX_DMA_Init) refers to stm32f1xx_hal_cortex.o(i.HAL_NVIC_SetPriority) for HAL_NVIC_SetPriority
    main.o(i.MX_DMA_Init) refers to stm32f1xx_hal_cortex.o(i.HAL_NVIC_EnableIRQ) for HAL_NVIC_EnableIRQ
[...]
    USBD_CDC_DeviceQualifierDesc             0x200000b4   Data          10  usbd_cdc.o(.data)
    ifalt                                    0x200001c3   Data           1  usbd_cdc.o(.data)
    .data                                    0x200001c4   Section        6  ff.o(.data)
    FatFs                                    0x200001c4   Data           4  ff.o(.data)
    Fsid                                     0x200001c8   Data           2  ff.o(.data)
    .data                                    0x200001ca   Section        1  sd_diskio.o(.data)
    Stat                                     0x200001ca   Data           1  sd_diskio.o(.data)
    .data                                    0x200001cc   Section        4  strtok.o(.data)
    state                                    0x200001cc   Data           4  strtok.o(.data)
    .data                                    0x200001d0   Section        4  mvars.o(.data)
    .data                                    0x200001d4   Section        4  mvars.o(.data)
    .bss                                     0x200001d8   Section      400  serialcommand.o(.bss)
    .bss                                     0x20000368   Section     8680  main.o(.bss)
    .bss                                     0x20002550   Section      548  usb_device.o(.bss)
    .bss                                     0x20002774   Section     1664  usbd_conf.o(.bss)
    mem                                      0x20002bd4   Data         544  usbd_conf.o(.bss)
    .bss                                     0x20002df4   Section      512  usbd_desc.o(.bss)
    .bss                                     0x20002ff4   Section     4096  usbd_cdc_if.o(.bss)
    .bss                                     0x20003ff4   Section       24  ff.o(.bss)
    Files                                    0x20003ff4   Data          24  ff.o(.bss)
    .bss                                     0x2000400c   Section       12  ff_gen_drv.o(.bss)
    HEAP                                     0x20004018   Section      512  startup_stm32f103xe.o(HEAP)
    STACK                                    0x20004218   Section     1024  startup_stm32f103xe.o(STACK)

    Global Symbols

    Symbol Name                              Value     Ov Type        Size  Object(Section)

    BuildAttributes$$THM_ISAv4$P$D$K$B$S$PE$A:L22UL41UL21$X:L11$S22US41US21$IEEE1$IW$USESV6$~STKCKD$USESV7$~SHL$OSPACE$EBA8$MICROLIB$REQ8$PRES8$EABIv2 0x00000000   Number         0  anon$$obj.o ABSOLUTE
    __ARM_use_no_argv                        0x00000000   Number         0  main.o ABSOLUTE
    __cpp_initialize__aeabi_                  - Undefined Weak Reference
    __cxa_finalize                            - Undefined Weak Reference
    _clock_init                               - Undefined Weak Reference
    _microlib_exit                            - Undefined Weak Reference
    __Vectors_Size                           0x00000130   Number         0  startup_stm32f103xe.o ABSOLUTE
    __Vectors                                0x08000000   Data           4  startup_stm32f103xe.o(RESET)
    __Vectors_End                            0x08000130   Data           0  startup_stm32f103xe.o(RESET)
    __main                                   0x08000131   Thumb Code     0  entry.o(.ARM.Collect$$$$00000000)
    _main_stk                                0x08000131   Thumb Code     0  entry2.o(.ARM.Collect$$$$00000001)
    _main_scatterload                        0x08000135   Thumb Code     0  entry5.o(.ARM.Collect$$$$00000004)
    __main_after_scatterload                 0x08000139   Thumb Code     0  entry5.o(.ARM.Collect$$$$00000004)
    _main_clock                              0x08000139   Thumb Code     0  entry7b.o(.ARM.Collect$$$$00000008)
    _main_cpp_init                           0x08000139   Thumb Code     0  entry8b.o(.ARM.Collect$$$$0000000A)
    _main_init                               0x08000139   Thumb Code     0  entry9a.o(.ARM.Collect$$$$0000000B)
    __rt_final_cpp                           0x08000141   Thumb Code     0  entry10a.o(.ARM.Collect$$$$0000000D)
    __rt_final_exit                          0x08000141   Thumb Code     0  entry11a.o(.ARM.Collect$$$$0000000F)
    Reset_Handler                            0x08000145   Thumb Code     8  startup_stm32f103xe.o(.text)
    ADC1_2_IRQHandler                        0x0800015f   Thumb Code     0  startup_stm32f103xe.o(.text)
    ADC3_IRQHandler                          0x0800015f   Thumb Code     0  startup_stm32f103xe.o(.text)
    CAN1_RX1_IRQHandler                      0x0800015f   Thumb Code     0  startup_stm32f103xe.o(.text)
    CAN1_SCE_IRQHandler                      0x0800015f   Thumb Code     0  startup_stm32f103xe.o(.text)
    DMA1_Channel2_IRQHandler                 0x0800015f   Thumb Code     0  startup_stm32f103xe.o(.text)
    DMA1_Channel3_IRQHandler                 0x0800015f   Thumb Code     0  startup_stm32f103xe.o(.text)
    DMA1_Channel4_IRQHandler                 0x0800015f   Thumb Code     0  startup_stm32f103xe.o(.text)
    DMA1_Channel5_IRQHandler                 0x0800015f   Thumb Code     0  startup_stm32f103xe.o(.text)
    DMA1_Channel6_IRQHandler                 0x0800015f   Thumb Code     0  startup_stm32f103xe.o(.text)
    DMA1_Channel7_IRQHandler                 0x0800015f   Thumb Code     0  startup_stm32f103xe.o(.text)
    DMA2_Channel1_IRQHandler                 0x0800015f   Thumb Code     0  startup_stm32f103xe.o(.text)
    DMA2_Channel2_IRQHandler                 0x0800015f   Thumb Code     0  startup_stm32f103xe.o(.text)
    DMA2_Channel3_IRQHandler                 0x0800015f   Thumb Code     0  startup_stm32f103xe.o(.text)
    DMA2_Channel4_5_IRQHandler               0x0800015f   Thumb Code     0  startup_stm32f103xe.o(.text)
    EXTI0_IRQHandler                         0x0800015f   Thumb Code     0  startup_stm32f103xe.o(.text)
    EXTI15_10_IRQHandler                     0x0800015f   Thumb Code     0  startup_stm32f103xe.o(.text)
    EXTI1_IRQHandler                         0x0800015f   Thumb Code     0  startup_stm32f103xe.o(.text)
    EXTI2_IRQHandler                         0x0800015f   Thumb Code     0  startup_stm32f103xe.o(.text)
    EXTI3_IRQHandler                         0x0800015f   Thumb Code     0  startup_stm32f103xe.o(.text)
    EXTI4_IRQHandler                         0x0800015f   Thumb Code     0  startup_stm32f103xe.o(.text)
    FLASH_IRQHandler                         0x0800015f   Thumb Code     0  startup_stm32f103xe.o(.text)
    FSMC_IRQHandler                          0x0800015f   Thumb Code     0  startup_stm32f103xe.o(.text)
    I2C1_ER_IRQHandler                       0x0800015f   Thumb Code     0  startup_stm32f103xe.o(.text)
    I2C1_EV_IRQHandler                       0x0800015f   Thumb Code     0  startup_stm32f103xe.o(.text)
    I2C2_ER_IRQHandler                       0x0800015f   Thumb Code     0  startup_stm32f103xe.o(.text)
    I2C2_EV_IRQHandler                       0x0800015f   Thumb Code     0  startup_stm32f103xe.o(.text)
    PVD_IRQHandler                           0x0800015f   Thumb Code     0  startup_stm32f103xe.o(.text)
    RCC_IRQHandler                           0x0800015f   Thumb Code     0  startup_stm32f103xe.o(.text)
    RTC_Alarm_IRQHandler                     0x0800015f   Thumb Code     0  startup_stm32f103xe.o(.text)
    RTC_IRQHandler                           0x0800015f   Thumb Code     0  startup_stm32f103xe.o(.text)
    SDIO_IRQHandler                          0x0800015f   Thumb Code     0  startup_stm32f103xe.o(.text)
    SPI1_IRQHandler                          0x0800015f   Thumb Code     0  startup_stm32f103xe.o(.text)
    SPI2_IRQHandler                          0x0800015f   Thumb Code     0  startup_stm32f103xe.o(.text)
    SPI3_IRQHandler                          0x0800015f   Thumb Code     0  startup_stm32f103xe.o(.text)
    TAMPER_IRQHandler                        0x0800015f   Thumb Code     0  startup_stm32f103xe.o(.text)
    TIM1_BRK_IRQHandler                      0x0800015f   Thumb Code     0  startup_stm32f103xe.o(.text)
    TIM1_CC_IRQHandler                       0x0800015f   Thumb Code     0  startup_stm32f103xe.o(.text)
    TIM1_TRG_COM_IRQHandler                  0x0800015f   Thumb Code     0  startup_stm32f103xe.o(.text)
    TIM1_UP_IRQHandler                       0x0800015f   Thumb Code     0  startup_stm32f103xe.o(.text)
    TIM2_IRQHandler                          0x0800015f   Thumb Code     0  startup_stm32f103xe.o(.text)
    TIM3_IRQHandler                          0x0800015f   Thumb Code     0  startup_stm32f103xe.o(.text)
    TIM4_IRQHandler                          0x0800015f   Thumb Code     0  startup_stm32f103xe.o(.text)
    TIM5_IRQHandler                          0x0800015f   Thumb Code     0  startup_stm32f103xe.o(.text)
    TIM7_IRQHandler                          0x0800015f   Thumb Code     0  startup_stm32f103xe.o(.text)
    TIM8_BRK_IRQHandler                      0x0800015f   Thumb Code     0  startup_stm32f103xe.o(.text)
    TIM8_CC_IRQHandler                       0x0800015f   Thumb Code     0  startup_stm32f103xe.o(.text)
    TIM8_TRG_COM_IRQHandler                  0x0800015f   Thumb Code     0  startup_stm32f103xe.o(.text)
    TIM8_UP_IRQHandler                       0x0800015f   Thumb Code     0  startup_stm32f103xe.o(.text)
    UART4_IRQHandler                         0x0800015f   Thumb Code     0  startup_stm32f103xe.o(.text)
    UART5_IRQHandler                         0x0800015f   Thumb Code     0  startup_stm32f103xe.o(.text)
    USART1_IRQHandler                        0x0800015f   Thumb Code     0  startup_stm32f103xe.o(.text)
    USART2_IRQHandler                        0x0800015f   Thumb Code     0  startup_stm32f103xe.o(.text)
    USART3_IRQHandler                        0x0800015f   Thumb Code     0  startup_stm32f103xe.o(.text)
    USBWakeUp_IRQHandler                     0x0800015f   Thumb Code     0  startup_stm32f103xe.o(.text)
    USB_HP_CAN1_TX_IRQHandler                0x0800015f   Thumb Code     0  startup_stm32f103xe.o(.text)
    WWDG_IRQHandler                          0x0800015f   Thumb Code     0  startup_stm32f103xe.o(.text)
    __aeabi_memcpy                           0x08000169   Thumb Code    36  memcpya.o(.text)
    __aeabi_memcpy4                          0x08000169   Thumb Code     0  memcpya.o(.text)
    __aeabi_memcpy8                          0x08000169   Thumb Code     0  memcpya.o(.text)
    __aeabi_memset                           0x0800018d   Thumb Code    14  memseta.o(.text)
    __aeabi_memset4                          0x0800018d   Thumb Code     0  memseta.o(.text)
    __aeabi_memset8                          0x0800018d   Thumb Code     0  memseta.o(.text)
    __aeabi_memclr                           0x0800019b   Thumb Code     4  memseta.o(.text)
    __aeabi_memclr4                          0x0800019b   Thumb Code     0  memseta.o(.text)
    __aeabi_memclr8                          0x0800019b   Thumb Code     0  memseta.o(.text)
    _memset$wrapper                          0x0800019f   Thumb Code    18  memseta.o(.text)
    strlen                                   0x080001b1   Thumb Code    14  strlen.o(.text)
    strncmp                                  0x080001bf   Thumb Code    30  strncmp.o(.text)
    strtok                                   0x080001dd   Thumb Code    62  strtok.o(.text)
    __scatterload                            0x08000221   Thumb Code    28  init.o(.text)
    __scatterload_rt2                        0x08000221   Thumb Code     0  init.o(.text)
    __decompress                             0x08000245   Thumb Code     0  __dczerorl2.o(.text)
    __decompress1                            0x08000245   Thumb Code    86  __dczerorl2.o(.text)
    ADC_ConversionStop_Disable               0x0800029b   Thumb Code    82  stm32f1xx_hal_adc.o(i.ADC_ConversionStop_Disable)
    ADC_DMAConvCplt                          0x080002ed   Thumb Code    82  stm32f1xx_hal_adc.o(i.ADC_DMAConvCplt)
    ADC_DMAError                             0x0800033f   Thumb Code    30  stm32f1xx_hal_adc.o(i.ADC_DMAError)
    ADC_DMAHalfConvCplt                      0x0800035d   Thumb Code    14  stm32f1xx_hal_adc.o(i.ADC_DMAHalfConvCplt)
    ADC_Enable                               0x0800036d   Thumb Code   122  stm32f1xx_hal_adc.o(i.ADC_Enable)
    BSP_SD_GetCardInfo                       0x080003f1   Thumb Code    14  bsp_driver_sd.o(i.BSP_SD_GetCardInfo)
    BSP_SD_GetCardState                      0x08000405   Thumb Code    20  bsp_driver_sd.o(i.BSP_SD_GetCardState)
    BSP_SD_Init                              0x0800041d   Thumb Code    44  bsp_driver_sd.o(i.BSP_SD_Init)
    BSP_SD_IsDetected                        0x0800044d   Thumb Code    12  bsp_driver_sd.o(i.BSP_SD_IsDetected)
    BSP_SD_ReadBlocks                        0x08000459   Thumb Code    42  bsp_driver_sd.o(i.BSP_SD_ReadBlocks)
    BSP_SD_WriteBlocks                       0x08000489   Thumb Code    42  bsp_driver_sd.o(i.BSP_SD_WriteBlocks)
    BusFault_Handler                         0x080004b9   Thumb Code     4  stm32f1xx_it.o(i.BusFault_Handler)
    CDC_Transmit_FS                          0x08000545   Thumb Code    50  usbd_cdc_if.o(i.CDC_Transmit_FS)
    ConsoleInit                              0x0800057d   Thumb Code    10  serialcommand.o(i.ConsoleInit)
    DMA1_Channel1_IRQHandler                 0x08000589   Thumb Code    10  stm32f1xx_it.o(i.DMA1_Channel1_IRQHandler)
    DebugMon_Handler                         0x080005c5   Thumb Code     2  stm32f1xx_it.o(i.DebugMon_Handler)
    DoCmd1                                   0x080005c7   Thumb Code    20  main.o(i.DoCmd1)
    DoCmd2                                   0x080005db   Thumb Code     6  main.o(i.DoCmd2)
    DoCmd3                                   0x080005e1   Thumb Code     6  main.o(i.DoCmd3)
    EXTI9_5_IRQHandler                       0x080005e7   Thumb Code    10  stm32f1xx_it.o(i.EXTI9_5_IRQHandler)
    Error_Handler                            0x080005f1   Thumb Code     2  main.o(i.Error_Handler)
    FATFS_LinkDriver                         0x080005f3   Thumb Code    18  ff_gen_drv.o(i.FATFS_LinkDriver)
    FATFS_LinkDriverEx                       0x08000605   Thumb Code    78  ff_gen_drv.o(i.FATFS_LinkDriverEx)
    HAL_ADCEx_Calibration_Start              0x0800068d   Thumb Code   256  stm32f1xx_hal_adc_ex.o(i.HAL_ADCEx_Calibration_Start)
    HAL_ADC_ConfigChannel                    0x08000791   Thumb Code   338  stm32f1xx_hal_adc.o(i.HAL_ADC_ConfigChannel)
    HAL_ADC_ConvCpltCallback                 0x080008f1   Thumb Code     2  main.o(i.HAL_ADC_ConvCpltCallback)
    HAL_ADC_ConvHalfCpltCallback             0x080008f3   Thumb Code     2  stm32f1xx_hal_adc.o(i.HAL_ADC_ConvHalfCpltCallback)
    HAL_ADC_ErrorCallback                    0x080008f5   Thumb Code     2  stm32f1xx_hal_adc.o(i.HAL_ADC_ErrorCallback)
    HAL_ADC_Init                             0x080008f9   Thumb Code   340  stm32f1xx_hal_adc.o(i.HAL_ADC_Init)
    HAL_ADC_MspInit                          0x08000a59   Thumb Code   152  stm32f1xx_hal_msp.o(i.HAL_ADC_MspInit)
    HAL_ADC_Start_DMA                        0x08000b05   Thumb Code   362  stm32f1xx_hal_adc.o(i.HAL_ADC_Start_DMA)
    HAL_DMA_IRQHandler                       0x08000c85   Thumb Code   910  stm32f1xx_hal_dma.o(i.HAL_DMA_IRQHandler)
    HAL_DMA_Init                             0x0800101d   Thumb Code   132  stm32f1xx_hal_dma.o(i.HAL_DMA_Init)
    HAL_DMA_Start_IT                         0x080010a9   Thumb Code   156  stm32f1xx_hal_dma.o(i.HAL_DMA_Start_IT)
    HAL_Delay                                0x08001145   Thumb Code    36  stm32f1xx_hal.o(i.HAL_Delay)
    HAL_GPIO_EXTI_Callback                   0x0800116d   Thumb Code    26  main.o(i.HAL_GPIO_EXTI_Callback)
    HAL_GPIO_EXTI_IRQHandler                 0x0800118d   Thumb Code    24  stm32f1xx_hal_gpio.o(i.HAL_GPIO_EXTI_IRQHandler)
    HAL_GPIO_Init                            0x080011a9   Thumb Code   790  stm32f1xx_hal_gpio.o(i.HAL_GPIO_Init)
    HAL_GPIO_ReadPin                         0x080014e9   Thumb Code    16  stm32f1xx_hal_gpio.o(i.HAL_GPIO_ReadPin)
    HAL_GPIO_TogglePin                       0x080014f9   Thumb Code     8  stm32f1xx_hal_gpio.o(i.HAL_GPIO_TogglePin)
    HAL_GPIO_WritePin                        0x08001501   Thumb Code    12  stm32f1xx_hal_gpio.o(i.HAL_GPIO_WritePin)
    HAL_GetTick                              0x0800150d   Thumb Code     6  stm32f1xx_hal.o(i.HAL_GetTick)
    HAL_IncTick                              0x08001519   Thumb Code    16  stm32f1xx_hal.o(i.HAL_IncTick)
    HAL_Init                                 0x08001531   Thumb Code    34  stm32f1xx_hal.o(i.HAL_Init)
    HAL_InitTick                             0x08001559   Thumb Code    64  stm32f1xx_hal.o(i.HAL_InitTick)
    HAL_MspInit                              0x080015a5   Thumb Code    76  stm32f1xx_hal_msp.o(i.HAL_MspInit)
    HAL_NVIC_EnableIRQ                       0x080015f9   Thumb Code    26  stm32f1xx_hal_cortex.o(i.HAL_NVIC_EnableIRQ)
    HAL_NVIC_SetPriority                     0x08001613   Thumb Code   124  stm32f1xx_hal_cortex.o(i.HAL_NVIC_SetPriority)
    HAL_NVIC_SetPriorityGrouping             0x08001691   Thumb Code    32  stm32f1xx_hal_cortex.o(i.HAL_NVIC_SetPriorityGrouping)
    HAL_PCDEx_PMAConfig                      0x080016b9   Thumb Code    62  stm32f1xx_hal_pcd_ex.o(i.HAL_PCDEx_PMAConfig)
    HAL_PCDEx_SetConnectionState             0x080016f7   Thumb Code     2  usbd_conf.o(i.HAL_PCDEx_SetConnectionState)
    HAL_PCD_DataInStageCallback              0x080016f9   Thumb Code    28  usbd_conf.o(i.HAL_PCD_DataInStageCallback)
    HAL_PCD_DataOutStageCallback             0x08001715   Thumb Code    28  usbd_conf.o(i.HAL_PCD_DataOutStageCallback)
    HAL_PCD_EP_Close                         0x08001731   Thumb Code   100  stm32f1xx_hal_pcd.o(i.HAL_PCD_EP_Close)
    HAL_PCD_EP_ClrStall                      0x08001795   Thumb Code    98  stm32f1xx_hal_pcd.o(i.HAL_PCD_EP_ClrStall)
    HAL_PCD_EP_GetRxCount                    0x080017f7   Thumb Code    20  stm32f1xx_hal_pcd.o(i.HAL_PCD_EP_GetRxCount)
    HAL_PCD_EP_Open                          0x0800180b   Thumb Code   118  stm32f1xx_hal_pcd.o(i.HAL_PCD_EP_Open)
    HAL_PCD_EP_Receive                       0x08001881   Thumb Code    74  stm32f1xx_hal_pcd.o(i.HAL_PCD_EP_Receive)
    HAL_PCD_EP_SetStall                      0x080018cb   Thumb Code   114  stm32f1xx_hal_pcd.o(i.HAL_PCD_EP_SetStall)
    HAL_PCD_EP_Transmit                      0x0800193d   Thumb Code    76  stm32f1xx_hal_pcd.o(i.HAL_PCD_EP_Transmit)
    HAL_PCD_IRQHandler                       0x08001989   Thumb Code   360  stm32f1xx_hal_pcd.o(i.HAL_PCD_IRQHandler)
    HAL_PCD_Init                             0x08001af1   Thumb Code   282  stm32f1xx_hal_pcd.o(i.HAL_PCD_Init)
    HAL_PCD_MspInit                          0x08001c0d   Thumb Code    58  usbd_conf.o(i.HAL_PCD_MspInit)
    HAL_PCD_ResetCallback                    0x08001c51   Thumb Code    36  usbd_conf.o(i.HAL_PCD_ResetCallback)
    HAL_PCD_ResumeCallback                   0x08001c75   Thumb Code    14  usbd_conf.o(i.HAL_PCD_ResumeCallback)
    HAL_PCD_SOFCallback                      0x08001c83   Thumb Code    14  usbd_conf.o(i.HAL_PCD_SOFCallback)
    HAL_PCD_SetAddress                       0x08001c91   Thumb Code    54  stm32f1xx_hal_pcd.o(i.HAL_PCD_SetAddress)
    HAL_PCD_SetupStageCallback               0x08001cc7   Thumb Code    18  usbd_conf.o(i.HAL_PCD_SetupStageCallback)
    HAL_PCD_Start                            0x08001cd9   Thumb Code    60  stm32f1xx_hal_pcd.o(i.HAL_PCD_Start)
    HAL_PCD_SuspendCallback                  0x08001d15   Thumb Code    30  usbd_conf.o(i.HAL_PCD_SuspendCallback)
    HAL_PWR_EnableBkUpAccess                 0x08001d39   Thumb Code     8  stm32f1xx_hal_pwr.o(i.HAL_PWR_EnableBkUpAccess)
    HAL_RCCEx_GetPeriphCLKFreq               0x08001d45   Thumb Code   284  stm32f1xx_hal_rcc_ex.o(i.HAL_RCCEx_GetPeriphCLKFreq)
    HAL_RCCEx_PeriphCLKConfig                0x08001e81   Thumb Code   290  stm32f1xx_hal_rcc_ex.o(i.HAL_RCCEx_PeriphCLKConfig)
    HAL_RCC_ClockConfig                      0x08001fb1   Thumb Code   446  stm32f1xx_hal_rcc.o(i.HAL_RCC_ClockConfig)
    HAL_RCC_GetHCLKFreq                      0x08002181   Thumb Code     6  stm32f1xx_hal_rcc.o(i.HAL_RCC_GetHCLKFreq)
    HAL_RCC_GetPCLK2Freq                     0x0800218d   Thumb Code    22  stm32f1xx_hal_rcc.o(i.HAL_RCC_GetPCLK2Freq)
    HAL_RCC_GetSysClockFreq                  0x080021ad   Thumb Code   116  stm32f1xx_hal_rcc.o(i.HAL_RCC_GetSysClockFreq)
    HAL_RCC_OscConfig                        0x08002241   Thumb Code  1078  stm32f1xx_hal_rcc.o(i.HAL_RCC_OscConfig)
    HAL_RTC_Init                             0x08002681   Thumb Code   202  stm32f1xx_hal_rtc.o(i.HAL_RTC_Init)
    HAL_RTC_MspInit                          0x08002751   Thumb Code    52  stm32f1xx_hal_msp.o(i.HAL_RTC_MspInit)
    HAL_RTC_SetDate                          0x08002791   Thumb Code   242  stm32f1xx_hal_rtc.o(i.HAL_RTC_SetDate)
    HAL_RTC_SetTime                          0x08002889   Thumb Code   214  stm32f1xx_hal_rtc.o(i.HAL_RTC_SetTime)
    HAL_RTC_WaitForSynchro                   0x08002965   Thumb Code    64  stm32f1xx_hal_rtc.o(i.HAL_RTC_WaitForSynchro)
    HAL_SD_ConfigWideBusOperation            0x080029a5   Thumb Code   168  stm32f1xx_hal_sd.o(i.HAL_SD_ConfigWideBusOperation)
    HAL_SD_GetCardCSD                        0x08002a4d   Thumb Code   496  stm32f1xx_hal_sd.o(i.HAL_SD_GetCardCSD)
    HAL_SD_GetCardInfo                       0x08002c3d   Thumb Code    38  stm32f1xx_hal_sd.o(i.HAL_SD_GetCardInfo)
    HAL_SD_GetCardState                      0x08002c63   Thumb Code    40  stm32f1xx_hal_sd.o(i.HAL_SD_GetCardState)
    HAL_SD_Init                              0x08002c8b   Thumb Code    54  stm32f1xx_hal_sd.o(i.HAL_SD_Init)
    HAL_SD_InitCard                          0x08002cc1   Thumb Code   128  stm32f1xx_hal_sd.o(i.HAL_SD_InitCard)
    HAL_SD_MspInit                           0x08002d45   Thumb Code   150  stm32f1xx_hal_msp.o(i.HAL_SD_MspInit)
    HAL_SD_ReadBlocks                        0x08002ded   Thumb Code   588  stm32f1xx_hal_sd.o(i.HAL_SD_ReadBlocks)
    HAL_SD_WriteBlocks                       0x08003039   Thumb Code   516  stm32f1xx_hal_sd.o(i.HAL_SD_WriteBlocks)
    HAL_SYSTICK_Config                       0x0800323d   Thumb Code    52  stm32f1xx_hal_cortex.o(i.HAL_SYSTICK_Config)
    HAL_TIMEx_BreakCallback                  0x08003271   Thumb Code     2  stm32f1xx_hal_tim_ex.o(i.HAL_TIMEx_BreakCallback)
    HAL_TIMEx_CommutationCallback            0x08003273   Thumb Code     2  stm32f1xx_hal_tim_ex.o(i.HAL_TIMEx_CommutationCallback)
    HAL_TIMEx_MasterConfigSynchronization    0x08003275   Thumb Code    98  stm32f1xx_hal_tim_ex.o(i.HAL_TIMEx_MasterConfigSynchronization)
    HAL_TIM_Base_Init                        0x080032d7   Thumb Code    52  stm32f1xx_hal_tim.o(i.HAL_TIM_Base_Init)
    HAL_TIM_Base_MspInit                     0x0800330d   Thumb Code    58  stm32f1xx_hal_msp.o(i.HAL_TIM_Base_MspInit)
    HAL_TIM_Base_Start                       0x08003351   Thumb Code    30  stm32f1xx_hal_tim.o(i.HAL_TIM_Base_Start)
    HAL_TIM_Base_Start_IT                    0x0800336f   Thumb Code    30  stm32f1xx_hal_tim.o(i.HAL_TIM_Base_Start_IT)
    HAL_TIM_Base_Stop_IT                     0x0800338d   Thumb Code    56  stm32f1xx_hal_tim.o(i.HAL_TIM_Base_Stop_IT)
    HAL_TIM_IC_CaptureCallback               0x080033c5   Thumb Code     2  stm32f1xx_hal_tim.o(i.HAL_TIM_IC_CaptureCallback)
    HAL_TIM_IRQHandler                       0x080033c7   Thumb Code   406  stm32f1xx_hal_tim.o(i.HAL_TIM_IRQHandler)
    HAL_TIM_OC_DelayElapsedCallback          0x0800355d   Thumb Code     2  stm32f1xx_hal_tim.o(i.HAL_TIM_OC_DelayElapsedCallback)
    HAL_TIM_PWM_PulseFinishedCallback        0x0800355f   Thumb Code     2  stm32f1xx_hal_tim.o(i.HAL_TIM_PWM_PulseFinishedCallback)
    HAL_TIM_PeriodElapsedCallback            0x08003561   Thumb Code     2  stm32f1xx_hal_tim.o(i.HAL_TIM_PeriodElapsedCallback)
    HAL_TIM_TriggerCallback                  0x08003563   Thumb Code     2  stm32f1xx_hal_tim.o(i.HAL_TIM_TriggerCallback)
    Halt                                     0x08003565   Thumb Code    14  bs.o(i.Halt)
    HardFault_Handler                        0x08003579   Thumb Code     4  stm32f1xx_it.o(i.HardFault_Handler)
    MX_FATFS_Init                            0x08003661   Thumb Code    16  fatfs.o(i.MX_FATFS_Init)
    MX_USB_DEVICE_Init                       0x08003835   Thumb Code    60  usb_device.o(i.MX_USB_DEVICE_Init)
    MemManage_Handler                        0x08003881   Thumb Code     4  stm32f1xx_it.o(i.MemManage_Handler)
    NMI_Handler                              0x08003885   Thumb Code     2  stm32f1xx_it.o(i.NMI_Handler)
    ParseCMD                                 0x08003d05   Thumb Code   162  serialcommand.o(i.ParseCMD)
    PendSV_Handler                           0x08003db1   Thumb Code     2  stm32f1xx_it.o(i.PendSV_Handler)
    PrintInt                                 0x08003db3   Thumb Code    22  serialcommand.o(i.PrintInt)
    PrintString                              0x08003dc9   Thumb Code    22  serialcommand.o(i.PrintString)
    SDIO_ConfigData                          0x08003fbf   Thumb Code    44  stm32f1xx_ll_sdmmc.o(i.SDIO_ConfigData)
    SDIO_GetCommandResponse                  0x08003feb   Thumb Code     8  stm32f1xx_ll_sdmmc.o(i.SDIO_GetCommandResponse)
    SDIO_GetPowerState                       0x08003ff3   Thumb Code    10  stm32f1xx_ll_sdmmc.o(i.SDIO_GetPowerState)
    SDIO_GetResponse                         0x08003ffd   Thumb Code    22  stm32f1xx_ll_sdmmc.o(i.SDIO_GetResponse)
    SDIO_Init                                0x08004013   Thumb Code    52  stm32f1xx_ll_sdmmc.o(i.SDIO_Init)
    SDIO_PowerState_ON                       0x08004047   Thumb Code    10  stm32f1xx_ll_sdmmc.o(i.SDIO_PowerState_ON)
    SDIO_ReadFIFO                            0x08004051   Thumb Code     8  stm32f1xx_ll_sdmmc.o(i.SDIO_ReadFIFO)
    SDIO_SendCommand                         0x08004059   Thumb Code    40  stm32f1xx_ll_sdmmc.o(i.SDIO_SendCommand)
    SDIO_WriteFIFO                           0x08004081   Thumb Code    12  stm32f1xx_ll_sdmmc.o(i.SDIO_WriteFIFO)
    SDMMC_CmdAppCommand                      0x0800408d   Thumb Code    58  stm32f1xx_ll_sdmmc.o(i.SDMMC_CmdAppCommand)
    SDMMC_CmdAppOperCommand                  0x080040c9   Thumb Code    56  stm32f1xx_ll_sdmmc.o(i.SDMMC_CmdAppOperCommand)
    SDMMC_CmdBlockLength                     0x08004105   Thumb Code    58  stm32f1xx_ll_sdmmc.o(i.SDMMC_CmdBlockLength)
    SDMMC_CmdBusWidth                        0x0800413f   Thumb Code    58  stm32f1xx_ll_sdmmc.o(i.SDMMC_CmdBusWidth)
    SDMMC_CmdGoIdleState                     0x08004179   Thumb Code    46  stm32f1xx_ll_sdmmc.o(i.SDMMC_CmdGoIdleState)
    SDMMC_CmdOperCond                        0x080041a7   Thumb Code    54  stm32f1xx_ll_sdmmc.o(i.SDMMC_CmdOperCond)
    SDMMC_CmdReadMultiBlock                  0x080041dd   Thumb Code    58  stm32f1xx_ll_sdmmc.o(i.SDMMC_CmdReadMultiBlock)
    SDMMC_CmdReadSingleBlock                 0x08004217   Thumb Code    58  stm32f1xx_ll_sdmmc.o(i.SDMMC_CmdReadSingleBlock)
    SDMMC_CmdSelDesel                        0x08004251   Thumb Code    60  stm32f1xx_ll_sdmmc.o(i.SDMMC_CmdSelDesel)
    SDMMC_CmdSendCID                         0x0800428d   Thumb Code    52  stm32f1xx_ll_sdmmc.o(i.SDMMC_CmdSendCID)
    SDMMC_CmdSendCSD                         0x080042c1   Thumb Code    52  stm32f1xx_ll_sdmmc.o(i.SDMMC_CmdSendCSD)
    SDMMC_CmdSendSCR                         0x080042f5   Thumb Code    58  stm32f1xx_ll_sdmmc.o(i.SDMMC_CmdSendSCR)
    SDMMC_CmdSendStatus                      0x0800432f   Thumb Code    58  stm32f1xx_ll_sdmmc.o(i.SDMMC_CmdSendStatus)
    SDMMC_CmdSetRelAdd                       0x08004369   Thumb Code    58  stm32f1xx_ll_sdmmc.o(i.SDMMC_CmdSetRelAdd)
    SDMMC_CmdStopTransfer                    0x080043a5   Thumb Code    56  stm32f1xx_ll_sdmmc.o(i.SDMMC_CmdStopTransfer)
    SDMMC_CmdWriteMultiBlock                 0x080043e1   Thumb Code    58  stm32f1xx_ll_sdmmc.o(i.SDMMC_CmdWriteMultiBlock)
    SDMMC_CmdWriteSingleBlock                0x0800441b   Thumb Code    58  stm32f1xx_ll_sdmmc.o(i.SDMMC_CmdWriteSingleBlock)
    SD_initialize                            0x08004c09   Thumb Code    34  sd_diskio.o(i.SD_initialize)
    SD_ioctl                                 0x08004c31   Thumb Code   100  sd_diskio.o(i.SD_ioctl)
    SD_read                                  0x08004c99   Thumb Code    64  sd_diskio.o(i.SD_read)
    SD_status                                0x08004ce1   Thumb Code    34  sd_diskio.o(i.SD_status)
    SD_write                                 0x08004d09   Thumb Code    64  sd_diskio.o(i.SD_write)
    SVC_Handler                              0x08004d51   Thumb Code     2  stm32f1xx_it.o(i.SVC_Handler)
    SerialBufferSend                         0x08004d55   Thumb Code    52  serialcommand.o(i.SerialBufferSend)
    SerialParse                              0x08004d91   Thumb Code   150  serialcommand.o(i.SerialParse)
    SerialSendHandlar                        0x08004e39   Thumb Code    22  serialcommand.o(i.SerialSendHandlar)
    SysTick_Handler                          0x08004e59   Thumb Code    18  stm32f1xx_it.o(i.SysTick_Handler)
    SystemClock_Config                       0x08004e71   Thumb Code   144  main.o(i.SystemClock_Config)
    SystemInit                               0x08004f01   Thumb Code    70  system_stm32f1xx.o(i.SystemInit)
    TIM6_IRQHandler                          0x08004f59   Thumb Code    78  stm32f1xx_it.o(i.TIM6_IRQHandler)
    TIM_Base_SetConfig                       0x08004fb9   Thumb Code   132  stm32f1xx_hal_tim.o(i.TIM_Base_SetConfig)
    USBD_CDC_GetDeviceQualifierDescriptor    0x08005111   Thumb Code    10  usbd_cdc.o(i.USBD_CDC_GetDeviceQualifierDescriptor)
    USBD_CDC_ReceivePacket                   0x080051f7   Thumb Code    58  usbd_cdc.o(i.USBD_CDC_ReceivePacket)
    USBD_CDC_RegisterInterface               0x08005231   Thumb Code    14  usbd_cdc.o(i.USBD_CDC_RegisterInterface)
    USBD_CDC_SetRxBuffer                     0x0800523f   Thumb Code    14  usbd_cdc.o(i.USBD_CDC_SetRxBuffer)
    USBD_CDC_SetTxBuffer                     0x0800524d   Thumb Code    20  usbd_cdc.o(i.USBD_CDC_SetTxBuffer)
    USBD_CDC_TransmitPacket                  0x080052f1   Thumb Code    56  usbd_cdc.o(i.USBD_CDC_TransmitPacket)
    USBD_ClrClassConfig                      0x08005329   Thumb Code    22  usbd_core.o(i.USBD_ClrClassConfig)
    USBD_CtlContinueRx                       0x08005383   Thumb Code    24  usbd_ioreq.o(i.USBD_CtlContinueRx)
    USBD_CtlContinueSendData                 0x0800539b   Thumb Code    24  usbd_ioreq.o(i.USBD_CtlContinueSendData)
    USBD_CtlError                            0x080053b3   Thumb Code    24  usbd_ctlreq.o(i.USBD_CtlError)
    USBD_CtlPrepareRx                        0x080053cb   Thumb Code    40  usbd_ioreq.o(i.USBD_CtlPrepareRx)
    USBD_CtlReceiveStatus                    0x080053f3   Thumb Code    26  usbd_ioreq.o(i.USBD_CtlReceiveStatus)
    USBD_CtlSendData                         0x0800540d   Thumb Code    34  usbd_ioreq.o(i.USBD_CtlSendData)
    USBD_CtlSendStatus                       0x0800542f   Thumb Code    26  usbd_ioreq.o(i.USBD_CtlSendStatus)
    USBD_FS_ConfigStrDescriptor              0x08005449   Thumb Code    34  usbd_desc.o(i.USBD_FS_ConfigStrDescriptor)
    USBD_FS_DeviceDescriptor                 0x0800547d   Thumb Code    10  usbd_desc.o(i.USBD_FS_DeviceDescriptor)
    USBD_FS_InterfaceStrDescriptor           0x0800548d   Thumb Code    34  usbd_desc.o(i.USBD_FS_InterfaceStrDescriptor)
    USBD_FS_LangIDStrDescriptor              0x080054c5   Thumb Code    10  usbd_desc.o(i.USBD_FS_LangIDStrDescriptor)
    USBD_FS_ManufacturerStrDescriptor        0x080054d5   Thumb Code    20  usbd_desc.o(i.USBD_FS_ManufacturerStrDescriptor)
    USBD_FS_ProductStrDescriptor             0x080054f5   Thumb Code    34  usbd_desc.o(i.USBD_FS_ProductStrDescriptor)
    USBD_FS_SerialStrDescriptor              0x08005529   Thumb Code    18  usbd_desc.o(i.USBD_FS_SerialStrDescriptor)
    USBD_GetString                           0x08005731   Thumb Code    82  usbd_ctlreq.o(i.USBD_GetString)
    USBD_Init                                0x080057af   Thumb Code    50  usbd_core.o(i.USBD_Init)
    USBD_LL_ClearStallEP                     0x080057e1   Thumb Code    38  usbd_conf.o(i.USBD_LL_ClearStallEP)
    USBD_LL_CloseEP                          0x08005807   Thumb Code    38  usbd_conf.o(i.USBD_LL_CloseEP)
    USBD_LL_DataInStage                      0x0800582d   Thumb Code   218  usbd_core.o(i.USBD_LL_DataInStage)
    USBD_LL_DataOutStage                     0x08005907   Thumb Code   134  usbd_core.o(i.USBD_LL_DataOutStage)
    USBD_LL_GetRxDataSize                    0x0800598d   Thumb Code    18  usbd_conf.o(i.USBD_LL_GetRxDataSize)
    USBD_LL_Init                             0x080059a1   Thumb Code   124  usbd_conf.o(i.USBD_LL_Init)
    USBD_LL_IsStallEP                        0x08005a25   Thumb Code    48  usbd_conf.o(i.USBD_LL_IsStallEP)
    USBD_LL_OpenEP                           0x08005a55   Thumb Code    48  usbd_conf.o(i.USBD_LL_OpenEP)
    USBD_LL_PrepareReceive                   0x08005a85   Thumb Code    48  usbd_conf.o(i.USBD_LL_PrepareReceive)
    USBD_LL_Reset                            0x08005ab5   Thumb Code    68  usbd_core.o(i.USBD_LL_Reset)
    USBD_LL_Resume                           0x08005af9   Thumb Code    14  usbd_core.o(i.USBD_LL_Resume)
    USBD_LL_SOF                              0x08005b07   Thumb Code    34  usbd_core.o(i.USBD_LL_SOF)
    USBD_LL_SetSpeed                         0x08005b29   Thumb Code     8  usbd_core.o(i.USBD_LL_SetSpeed)
    USBD_LL_SetUSBAddress                    0x08005b31   Thumb Code    38  usbd_conf.o(i.USBD_LL_SetUSBAddress)
    USBD_LL_SetupStage                       0x08005b57   Thumb Code   110  usbd_core.o(i.USBD_LL_SetupStage)
    USBD_LL_StallEP                          0x08005bc5   Thumb Code    38  usbd_conf.o(i.USBD_LL_StallEP)
    USBD_LL_Start                            0x08005beb   Thumb Code    30  usbd_conf.o(i.USBD_LL_Start)
    USBD_LL_Suspend                          0x08005c09   Thumb Code    20  usbd_core.o(i.USBD_LL_Suspend)
    USBD_LL_Transmit                         0x08005c1d   Thumb Code    48  usbd_conf.o(i.USBD_LL_Transmit)
    USBD_ParseSetupRequest                   0x08005c4d   Thumb Code    40  usbd_ctlreq.o(i.USBD_ParseSetupRequest)
    USBD_RegisterClass                       0x08005c75   Thumb Code    16  usbd_core.o(i.USBD_RegisterClass)
    USBD_RunTestMode                         0x08005c85   Thumb Code     6  usbd_core.o(i.USBD_RunTestMode)
    USBD_SetClassConfig                      0x08005cdf   Thumb Code    34  usbd_core.o(i.USBD_SetClassConfig)
    USBD_Start                               0x08005e05   Thumb Code    14  usbd_core.o(i.USBD_Start)
    USBD_StdDevReq                           0x08005e13   Thumb Code   114  usbd_ctlreq.o(i.USBD_StdDevReq)
    USBD_StdEPReq                            0x08005e85   Thumb Code   342  usbd_ctlreq.o(i.USBD_StdEPReq)
    USBD_StdItfReq                           0x08005fdb   Thumb Code    74  usbd_ctlreq.o(i.USBD_StdItfReq)
    USBD_static_free                         0x08006025   Thumb Code     2  usbd_conf.o(i.USBD_static_free)
    USBD_static_malloc                       0x08006029   Thumb Code     6  usbd_conf.o(i.USBD_static_malloc)
    USB_ActivateEndpoint                     0x08006035   Thumb Code   938  stm32f1xx_ll_usb.o(i.USB_ActivateEndpoint)
    USB_CoreInit                             0x080063df   Thumb Code     8  stm32f1xx_ll_usb.o(i.USB_CoreInit)
    USB_DeactivateEndpoint                   0x080063e7   Thumb Code   532  stm32f1xx_ll_usb.o(i.USB_DeactivateEndpoint)
    USB_DevConnect                           0x080065fb   Thumb Code     6  stm32f1xx_ll_usb.o(i.USB_DevConnect)
    USB_DevDisconnect                        0x08006601   Thumb Code     6  stm32f1xx_ll_usb.o(i.USB_DevDisconnect)
    USB_DevInit                              0x08006607   Thumb Code    30  stm32f1xx_ll_usb.o(i.USB_DevInit)
    USB_DisableGlobalInt                     0x08006625   Thumb Code    22  stm32f1xx_ll_usb.o(i.USB_DisableGlobalInt)
    USB_EP0_OutStart                         0x0800663b   Thumb Code     6  stm32f1xx_ll_usb.o(i.USB_EP0_OutStart)
    USB_EPClearStall                         0x08006641   Thumb Code   180  stm32f1xx_ll_usb.o(i.USB_EPClearStall)
    USB_EPSetStall                           0x080066f5   Thumb Code   134  stm32f1xx_ll_usb.o(i.USB_EPSetStall)
    USB_EPStartXfer                          0x0800677b   Thumb Code   818  stm32f1xx_ll_usb.o(i.USB_EPStartXfer)
    USB_EnableGlobalInt                      0x08006aad   Thumb Code    22  stm32f1xx_ll_usb.o(i.USB_EnableGlobalInt)
    USB_LP_CAN1_RX0_IRQHandler               0x08006ac5   Thumb Code    10  stm32f1xx_it.o(i.USB_LP_CAN1_RX0_IRQHandler)
    USB_ReadInterrupts                       0x08006ad5   Thumb Code    10  stm32f1xx_ll_usb.o(i.USB_ReadInterrupts)
    USB_ReadPMA                              0x08006adf   Thumb Code    40  stm32f1xx_ll_usb.o(i.USB_ReadPMA)
    USB_SetCurrentMode                       0x08006b07   Thumb Code     6  stm32f1xx_ll_usb.o(i.USB_SetCurrentMode)
    USB_SetDevAddress                        0x08006b0d   Thumb Code    14  stm32f1xx_ll_usb.o(i.USB_SetDevAddress)
    USB_WritePMA                             0x08006b1b   Thumb Code    66  stm32f1xx_ll_usb.o(i.USB_WritePMA)
    UsageFault_Handler                       0x08006b5d   Thumb Code     4  stm32f1xx_it.o(i.UsageFault_Handler)
    WakeUP                                   0x08006b61   Thumb Code    22  bs.o(i.WakeUP)
    __scatterload_copy                       0x08006b81   Thumb Code    14  handlers.o(i.__scatterload_copy)
    __scatterload_null                       0x08006b8f   Thumb Code     2  handlers.o(i.__scatterload_null)
    __scatterload_zeroinit                   0x08006b91   Thumb Code    14  handlers.o(i.__scatterload_zeroinit)
    clust2sect                               0x08006d65   Thumb Code    38  ff.o(i.clust2sect)
    disk_initialize                          0x0800748d   Thumb Code    40  diskio.o(i.disk_initialize)
    disk_ioctl                               0x080074b9   Thumb Code    36  diskio.o(i.disk_ioctl)
    disk_read                                0x080074e1   Thumb Code    42  diskio.o(i.disk_read)
    disk_status                              0x08007511   Thumb Code    24  diskio.o(i.disk_status)
    disk_write                               0x0800752d   Thumb Code    42  diskio.o(i.disk_write)
    f_close                                  0x08007585   Thumb Code    50  ff.o(i.f_close)
    f_mount                                  0x080075b9   Thumb Code   100  ff.o(i.f_mount)
    f_open                                   0x08007621   Thumb Code   546  ff.o(i.f_open)
    f_sync                                   0x08007843   Thumb Code   250  ff.o(i.f_sync)
    f_write                                  0x0800793d   Thumb Code   850  ff.o(i.f_write)
    free                                     0x080081c1   Thumb Code    76  malloc.o(i.free)
    get_fat                                  0x08008211   Thumb Code   356  ff.o(i.get_fat)
    get_fattime                              0x08008375   Thumb Code     4  fatfs.o(i.get_fattime)
    itoa                                     0x080084b5   Thumb Code    76  serialcommand.o(i.itoa)
    main                                     0x08008525   Thumb Code   248  main.o(i.main)
    malloc                                   0x08008661   Thumb Code    92  malloc.o(i.malloc)
    put_fat                                  0x0800875f   Thumb Code   446  ff.o(i.put_fat)
    reverse                                  0x080089a5   Thumb Code    38  serialcommand.o(i.reverse)
    AHBPrescTable                            0x08008bd0   Data          16  system_stm32f1xx.o(.constdata)
    APBPrescTable                            0x08008be0   Data           8  system_stm32f1xx.o(.constdata)
    SD_Driver                                0x08008c94   Data          20  sd_diskio.o(.constdata)
    Region$$Table$$Base                      0x08008cc0   Number         0  anon$$obj.o(Region$$Table)
    Region$$Table$$Limit                     0x08008ce0   Number         0  anon$$obj.o(Region$$Table)
    serial_tx_buf_pos                        0x20000000   Data           2  serialcommand.o(.data)
    serial_rx_buf_pos                        0x20000002   Data           2  serialcommand.o(.data)
    msg_pos                                  0x20000004   Data           1  serialcommand.o(.data)
    saveptr                                  0x20000008   Data           4  serialcommand.o(.data)
    Console                                  0x2000000c   Data           8  main.o(.data)
    millis_counter                           0x20000014   Data           4  main.o(.data)
    testBuffer                               0x20000018   Data          16  main.o(.data)
    testBytes                                0x20000028   Data           4  main.o(.data)
    res                                      0x2000002c   Data           1  main.o(.data)
    ADC_Data                                 0x2000002e   Data           4  main.o(.data)
    adc_1                                    0x20000032   Data           4  main.o(.data)
    i                                        0x20000036   Data           1  main.o(.data)
    retSD                                    0x20000037   Data           1  fatfs.o(.data)
    SDPath                                   0x20000038   Data           4  fatfs.o(.data)
    FS_Desc                                  0x2000003c   Data          28  usbd_desc.o(.data)
    USBD_FS_DeviceDesc                       0x20000058   Data          18  usbd_desc.o(.data)
    USBD_LangIDDesc                          0x2000006c   Data           4  usbd_desc.o(.data)
    USBD_StringSerial                        0x20000070   Data          26  usbd_desc.o(.data)
    USBD_Interface_fops_FS                   0x2000008c   Data          16  usbd_cdc_if.o(.data)
    uwTick                                   0x200000a0   Data           4  stm32f1xx_hal.o(.data)
    uwTickPrio                               0x200000a4   Data           4  stm32f1xx_hal.o(.data)
    uwTickFreq                               0x200000a8   Data           1  stm32f1xx_hal.o(.data)
    SystemCoreClock                          0x200000ac   Data           4  system_stm32f1xx.o(.data)
    USBD_CDC                                 0x200000c0   Data          56  usbd_cdc.o(.data)
    USBD_CDC_CfgHSDesc                       0x200000f8   Data          67  usbd_cdc.o(.data)
    USBD_CDC_CfgFSDesc                       0x2000013c   Data          67  usbd_cdc.o(.data)
    USBD_CDC_OtherSpeedCfgDesc               0x20000180   Data          67  usbd_cdc.o(.data)
    __microlib_freelist                      0x200001d0   Data           4  mvars.o(.data)
    __microlib_freelist_initialised          0x200001d4   Data           4  mvars.o(.data)
    serial_str_tx                            0x200001d8   Data         128  serialcommand.o(.bss)
    serial_str_rx                            0x20000258   Data         128  serialcommand.o(.bss)
    trm_cmd_buf                              0x200002d8   Data         128  serialcommand.o(.bss)
    trm_cmd_ptr                              0x20000358   Data          16  serialcommand.o(.bss)
    hadc1                                    0x20000368   Data          48  main.o(.bss)
    hdma_adc1                                0x20000398   Data          68  main.o(.bss)
    hrtc                                     0x200003dc   Data          20  main.o(.bss)
    hsd                                      0x200003f0   Data         132  main.o(.bss)
    htim6                                    0x20000474   Data          64  main.o(.bss)
    fileSystem                               0x200004b4   Data        4144  main.o(.bss)
    testFile                                 0x200014e4   Data        4140  main.o(.bss)
    str_tx                                   0x20002510   Data          32  main.o(.bss)
    str_rx                                   0x20002530   Data          32  main.o(.bss)
    hUsbDeviceFS                             0x20002550   Data         548  usb_device.o(.bss)
    hpcd_USB_FS                              0x20002774   Data        1120  usbd_conf.o(.bss)
    USBD_StrDesc                             0x20002df4   Data         512  usbd_desc.o(.bss)
    UserRxBufferFS                           0x20002ff4   Data        2048  usbd_cdc_if.o(.bss)
    UserTxBufferFS                           0x200037f4   Data        2048  usbd_cdc_if.o(.bss)
    disk                                     0x2000400c   Data          12  ff_gen_drv.o(.bss)
    __heap_base                              0x20004018   Data           0  startup_stm32f103xe.o(HEAP)
    __heap_limit                             0x20004218   Data           0  startup_stm32f103xe.o(HEAP)
    __initial_sp                             0x20004618   Data           0  startup_stm32f103xe.o(STACK)



==============================================================================

Memory Map of the image

  Image Entry point : 0x08000131

  Load Region LR_IROM1 (Base: 0x08000000, Size: 0x00008eb8, Max: 0x00040000, ABSOLUTE, COMPRESSED[0x00008dc0])

    Execution Region ER_IROM1 (Exec base: 0x08000000, Load base: 0x08000000, Size: 0x00008ce0, Max: 0x00040000, ABSOLUTE)

    Exec Addr    Load Addr    Size         Type   Attr      Idx    E Section Name        Object

    0x08000000   0x08000000   0x00000130   Data   RO            3    RESET               startup_stm32f103xe.o
    0x08000130   0x08000130   0x00000000   Code   RO         5656  * .ARM.Collect$$$$00000000  mc_w.l(entry.o)
    0x08000130   0x08000130   0x00000004   Code   RO         5705    .ARM.Collect$$$$00000001  mc_w.l(entry2.o)
    0x08000134   0x08000134   0x00000004   Code   RO         5708    .ARM.Collect$$$$00000004  mc_w.l(entry5.o)
    0x08000138   0x08000138   0x00000000   Code   RO         5710    .ARM.Collect$$$$00000008  mc_w.l(entry7b.o)
    0x08000138   0x08000138   0x00000000   Code   RO         5712    .ARM.Collect$$$$0000000A  mc_w.l(entry8b.o)
    0x08000138   0x08000138   0x00000008   Code   RO         5713    .ARM.Collect$$$$0000000B  mc_w.l(entry9a.o)
    0x08000140   0x08000140   0x00000000   Code   RO         5715    .ARM.Collect$$$$0000000D  mc_w.l(entry10a.o)
    0x08000140   0x08000140   0x00000000   Code   RO         5717    .ARM.Collect$$$$0000000F  mc_w.l(entry11a.o)
    0x08000140   0x08000140   0x00000004   Code   RO         5706    .ARM.Collect$$$$00002712  mc_w.l(entry2.o)
    0x08000144   0x08000144   0x00000024   Code   RO            4    .text               startup_stm32f103xe.o
    0x08000168   0x08000168   0x00000024   Code   RO         5661    .text               mc_w.l(memcpya.o)
    0x0800018c   0x0800018c   0x00000024   Code   RO         5663    .text               mc_w.l(memseta.o)
    0x080001b0   0x080001b0   0x0000000e   Code   RO         5665    .text               mc_w.l(strlen.o)
    0x080001be   0x080001be   0x0000001e   Code   RO         5667    .text               mc_w.l(strncmp.o)
    0x080001dc   0x080001dc   0x00000044   Code   RO         5669    .text               mc_w.l(strtok.o)
    0x08000220   0x08000220   0x00000024   Code   RO         5721    .text               mc_w.l(init.o)
    0x08000244   0x08000244   0x00000056   Code   RO         5731    .text               mc_w.l(__dczerorl2.o)
    0x0800029a   0x0800029a   0x00000052   Code   RO         1781    i.ADC_ConversionStop_Disable  stm32f1xx_hal_adc.o
    0x080002ec   0x080002ec   0x00000052   Code   RO         1782    i.ADC_DMAConvCplt   stm32f1xx_hal_adc.o
    0x0800033e   0x0800033e   0x0000001e   Code   RO         1783    i.ADC_DMAError      stm32f1xx_hal_adc.o
    0x0800035c   0x0800035c   0x0000000e   Code   RO         1784    i.ADC_DMAHalfConvCplt  stm32f1xx_hal_adc.o
    0x0800036a   0x0800036a   0x00000002   PAD
    0x0800036c   0x0800036c   0x00000084   Code   RO         1785    i.ADC_Enable        stm32f1xx_hal_adc.o
    0x080003f0   0x080003f0   0x00000014   Code   RO          399    i.BSP_SD_GetCardInfo  bsp_driver_sd.o
    0x08000404   0x08000404   0x00000018   Code   RO          400    i.BSP_SD_GetCardState  bsp_driver_sd.o
    0x0800041c   0x0800041c   0x00000030   Code   RO          403    i.BSP_SD_Init       bsp_driver_sd.o
    0x0800044c   0x0800044c   0x0000000c   Code   RO          404    i.BSP_SD_IsDetected  bsp_driver_sd.o
    0x08000458   0x08000458   0x00000030   Code   RO          405    i.BSP_SD_ReadBlocks  bsp_driver_sd.o
    0x08000488   0x08000488   0x00000030   Code   RO          408    i.BSP_SD_WriteBlocks  bsp_driver_sd.o
    0x080004b8   0x080004b8   0x00000004   Code   RO         1098    i.BusFault_Handler  stm32f1xx_it.o
    0x080004bc   0x080004bc   0x00000044   Code   RO         1046    i.CDC_Control_FS    usbd_cdc_if.o
    0x08000500   0x08000500   0x00000004   Code   RO         1047    i.CDC_DeInit_FS     usbd_cdc_if.o
    0x08000504   0x08000504   0x00000024   Code   RO         1048    i.CDC_Init_FS       usbd_cdc_if.o
    0x08000528   0x08000528   0x0000001c   Code   RO         1049    i.CDC_Receive_FS    usbd_cdc_if.o
    0x08000544   0x08000544   0x00000038   Code   RO         1050    i.CDC_Transmit_FS   usbd_cdc_if.o
    0x0800057c   0x0800057c   0x0000000a   Code   RO           13    i.ConsoleInit       serialcommand.o
    0x08000586   0x08000586   0x00000002   PAD
    0x08000588   0x08000588   0x00000010   Code   RO         1099    i.DMA1_Channel1_IRQHandler  stm32f1xx_it.o
    0x08000598   0x08000598   0x0000002c   Code   RO         4110    i.DMA_SetConfig     stm32f1xx_hal_dma.o
    0x080005c4   0x080005c4   0x00000002   Code   RO         1100    i.DebugMon_Handler  stm32f1xx_it.o
    0x080005c6   0x080005c6   0x00000014   Code   RO          249    i.DoCmd1            main.o
    0x080005da   0x080005da   0x00000006   Code   RO          250    i.DoCmd2            main.o
    0x080005e0   0x080005e0   0x00000006   Code   RO          251    i.DoCmd3            main.o
    0x080005e6   0x080005e6   0x0000000a   Code   RO         1101    i.EXTI9_5_IRQHandler  stm32f1xx_it.o
    0x080005f0   0x080005f0   0x00000002   Code   RO          252    i.Error_Handler     main.o
    0x080005f2   0x080005f2   0x00000012   Code   RO         5519    i.FATFS_LinkDriver  ff_gen_drv.o
    0x08000604   0x08000604   0x00000054   Code   RO         5520    i.FATFS_LinkDriverEx  ff_gen_drv.o
    0x08000658   0x08000658   0x00000034   Code   RO          969    i.Get_SerialNum     usbd_desc.o
    0x0800068c   0x0800068c   0x00000104   Code   RO         1961    i.HAL_ADCEx_Calibration_Start  stm32f1xx_hal_adc_ex.o
    0x08000790   0x08000790   0x00000160   Code   RO         1787    i.HAL_ADC_ConfigChannel  stm32f1xx_hal_adc.o
    0x080008f0   0x080008f0   0x00000002   Code   RO          253    i.HAL_ADC_ConvCpltCallback  main.o
    0x080008f2   0x080008f2   0x00000002   Code   RO         1789    i.HAL_ADC_ConvHalfCpltCallback  stm32f1xx_hal_adc.o
    0x080008f4   0x080008f4   0x00000002   Code   RO         1791    i.HAL_ADC_ErrorCallback  stm32f1xx_hal_adc.o
    0x080008f6   0x080008f6   0x00000002   PAD
    0x080008f8   0x080008f8   0x00000160   Code   RO         1796    i.HAL_ADC_Init      stm32f1xx_hal_adc.o
    0x08000a58   0x08000a58   0x000000ac   Code   RO         1206    i.HAL_ADC_MspInit   stm32f1xx_hal_msp.o
    0x08000b04   0x08000b04   0x00000180   Code   RO         1803    i.HAL_ADC_Start_DMA  stm32f1xx_hal_adc.o
    0x08000c84   0x08000c84   0x00000398   Code   RO         4116    i.HAL_DMA_IRQHandler  stm32f1xx_hal_dma.o
    0x0800101c   0x0800101c   0x0000008c   Code   RO         4117    i.HAL_DMA_Init      stm32f1xx_hal_dma.o
    0x080010a8   0x080010a8   0x0000009c   Code   RO         4121    i.HAL_DMA_Start_IT  stm32f1xx_hal_dma.o
    0x08001144   0x08001144   0x00000028   Code   RO         3746    i.HAL_Delay         stm32f1xx_hal.o
    0x0800116c   0x0800116c   0x00000020   Code   RO          254    i.HAL_GPIO_EXTI_Callback  main.o
    0x0800118c   0x0800118c   0x0000001c   Code   RO         4046    i.HAL_GPIO_EXTI_IRQHandler  stm32f1xx_hal_gpio.o
    0x080011a8   0x080011a8   0x00000340   Code   RO         4047    i.HAL_GPIO_Init     stm32f1xx_hal_gpio.o
    0x080014e8   0x080014e8   0x00000010   Code   RO         4049    i.HAL_GPIO_ReadPin  stm32f1xx_hal_gpio.o
    0x080014f8   0x080014f8   0x00000008   Code   RO         4050    i.HAL_GPIO_TogglePin  stm32f1xx_hal_gpio.o
    0x08001500   0x08001500   0x0000000c   Code   RO         4051    i.HAL_GPIO_WritePin  stm32f1xx_hal_gpio.o
    0x0800150c   0x0800150c   0x0000000c   Code   RO         3750    i.HAL_GetTick       stm32f1xx_hal.o
    0x08001518   0x08001518   0x00000018   Code   RO         3754    i.HAL_IncTick       stm32f1xx_hal.o
    0x08001530   0x08001530   0x00000028   Code   RO         3755    i.HAL_Init          stm32f1xx_hal.o
    0x08001558   0x08001558   0x0000004c   Code   RO         3756    i.HAL_InitTick      stm32f1xx_hal.o
    0x080015a4   0x080015a4   0x00000054   Code   RO         1207    i.HAL_MspInit       stm32f1xx_hal_msp.o
    0x080015f8   0x080015f8   0x0000001a   Code   RO         4207    i.HAL_NVIC_EnableIRQ  stm32f1xx_hal_cortex.o
    0x08001612   0x08001612   0x0000007c   Code   RO         4213    i.HAL_NVIC_SetPriority  stm32f1xx_hal_cortex.o
    0x0800168e   0x0800168e   0x00000002   PAD
    0x08001690   0x08001690   0x00000028   Code   RO         4214    i.HAL_NVIC_SetPriorityGrouping  stm32f1xx_hal_cortex.o
    0x080016b8   0x080016b8   0x0000003e   Code   RO         1559    i.HAL_PCDEx_PMAConfig  stm32f1xx_hal_pcd_ex.o
    0x080016f6   0x080016f6   0x00000002   Code   RO          757    i.HAL_PCDEx_SetConnectionState  usbd_conf.o
    0x080016f8   0x080016f8   0x0000001c   Code   RO          759    i.HAL_PCD_DataInStageCallback  usbd_conf.o
    0x08001714   0x08001714   0x0000001c   Code   RO          760    i.HAL_PCD_DataOutStageCallback  usbd_conf.o
    0x08001730   0x08001730   0x00000064   Code   RO         1353    i.HAL_PCD_EP_Close  stm32f1xx_hal_pcd.o
    0x08001794   0x08001794   0x00000062   Code   RO         1354    i.HAL_PCD_EP_ClrStall  stm32f1xx_hal_pcd.o
    0x080017f6   0x080017f6   0x00000014   Code   RO         1356    i.HAL_PCD_EP_GetRxCount  stm32f1xx_hal_pcd.o
    0x0800180a   0x0800180a   0x00000076   Code   RO         1357    i.HAL_PCD_EP_Open   stm32f1xx_hal_pcd.o
    0x08001880   0x08001880   0x0000004a   Code   RO         1358    i.HAL_PCD_EP_Receive  stm32f1xx_hal_pcd.o
    0x080018ca   0x080018ca   0x00000072   Code   RO         1359    i.HAL_PCD_EP_SetStall  stm32f1xx_hal_pcd.o
    0x0800193c   0x0800193c   0x0000004c   Code   RO         1360    i.HAL_PCD_EP_Transmit  stm32f1xx_hal_pcd.o
    0x08001988   0x08001988   0x00000168   Code   RO         1362    i.HAL_PCD_IRQHandler  stm32f1xx_hal_pcd.o
    0x08001af0   0x08001af0   0x0000011a   Code   RO         1365    i.HAL_PCD_Init      stm32f1xx_hal_pcd.o
    0x08001c0a   0x08001c0a   0x00000002   PAD
    0x08001c0c   0x08001c0c   0x00000044   Code   RO          765    i.HAL_PCD_MspInit   usbd_conf.o
    0x08001c50   0x08001c50   0x00000024   Code   RO          766    i.HAL_PCD_ResetCallback  usbd_conf.o
    0x08001c74   0x08001c74   0x0000000e   Code   RO          767    i.HAL_PCD_ResumeCallback  usbd_conf.o
    0x08001c82   0x08001c82   0x0000000e   Code   RO          768    i.HAL_PCD_SOFCallback  usbd_conf.o
    0x08001c90   0x08001c90   0x00000036   Code   RO         1371    i.HAL_PCD_SetAddress  stm32f1xx_hal_pcd.o
    0x08001cc6   0x08001cc6   0x00000012   Code   RO          769    i.HAL_PCD_SetupStageCallback  usbd_conf.o
    0x08001cd8   0x08001cd8   0x0000003c   Code   RO         1373    i.HAL_PCD_Start     stm32f1xx_hal_pcd.o
    0x08001d14   0x08001d14   0x00000024   Code   RO          770    i.HAL_PCD_SuspendCallback  usbd_conf.o
    0x08001d38   0x08001d38   0x0000000c   Code   RO         4334    i.HAL_PWR_EnableBkUpAccess  stm32f1xx_hal_pwr.o
    0x08001d44   0x08001d44   0x0000013c   Code   RO         4009    i.HAL_RCCEx_GetPeriphCLKFreq  stm32f1xx_hal_rcc_ex.o
    0x08001e80   0x08001e80   0x00000130   Code   RO         4010    i.HAL_RCCEx_PeriphCLKConfig  stm32f1xx_hal_rcc_ex.o
    0x08001fb0   0x08001fb0   0x000001d0   Code   RO         3902    i.HAL_RCC_ClockConfig  stm32f1xx_hal_rcc.o
    0x08002180   0x08002180   0x0000000c   Code   RO         3907    i.HAL_RCC_GetHCLKFreq  stm32f1xx_hal_rcc.o
    0x0800218c   0x0800218c   0x00000020   Code   RO         3910    i.HAL_RCC_GetPCLK2Freq  stm32f1xx_hal_rcc.o
    0x080021ac   0x080021ac   0x00000094   Code   RO         3911    i.HAL_RCC_GetSysClockFreq  stm32f1xx_hal_rcc.o
    0x08002240   0x08002240   0x00000440   Code   RO         3914    i.HAL_RCC_OscConfig  stm32f1xx_hal_rcc.o
    0x08002680   0x08002680   0x000000d0   Code   RO         2065    i.HAL_RTC_Init      stm32f1xx_hal_rtc.o
    0x08002750   0x08002750   0x00000040   Code   RO         1209    i.HAL_RTC_MspInit   stm32f1xx_hal_msp.o
    0x08002790   0x08002790   0x000000f8   Code   RO         2071    i.HAL_RTC_SetDate   stm32f1xx_hal_rtc.o
    0x08002888   0x08002888   0x000000dc   Code   RO         2072    i.HAL_RTC_SetTime   stm32f1xx_hal_rtc.o
    0x08002964   0x08002964   0x00000040   Code   RO         2073    i.HAL_RTC_WaitForSynchro  stm32f1xx_hal_rtc.o
    0x080029a4   0x080029a4   0x000000a8   Code   RO         2613    i.HAL_SD_ConfigWideBusOperation  stm32f1xx_hal_sd.o
    0x08002a4c   0x08002a4c   0x000001f0   Code   RO         2618    i.HAL_SD_GetCardCSD  stm32f1xx_hal_sd.o
    0x08002c3c   0x08002c3c   0x00000026   Code   RO         2619    i.HAL_SD_GetCardInfo  stm32f1xx_hal_sd.o
    0x08002c62   0x08002c62   0x00000028   Code   RO         2620    i.HAL_SD_GetCardState  stm32f1xx_hal_sd.o
    0x08002c8a   0x08002c8a   0x00000036   Code   RO         2625    i.HAL_SD_Init       stm32f1xx_hal_sd.o
    0x08002cc0   0x08002cc0   0x00000084   Code   RO         2626    i.HAL_SD_InitCard   stm32f1xx_hal_sd.o
    0x08002d44   0x08002d44   0x000000a8   Code   RO         1211    i.HAL_SD_MspInit    stm32f1xx_hal_msp.o
    0x08002dec   0x08002dec   0x0000024c   Code   RO         2629    i.HAL_SD_ReadBlocks  stm32f1xx_hal_sd.o
    0x08003038   0x08003038   0x00000204   Code   RO         2634    i.HAL_SD_WriteBlocks  stm32f1xx_hal_sd.o
    0x0800323c   0x0800323c   0x00000034   Code   RO         4218    i.HAL_SYSTICK_Config  stm32f1xx_hal_cortex.o
    0x08003270   0x08003270   0x00000002   Code   RO         3506    i.HAL_TIMEx_BreakCallback  stm32f1xx_hal_tim_ex.o
    0x08003272   0x08003272   0x00000002   Code   RO         3507    i.HAL_TIMEx_CommutationCallback  stm32f1xx_hal_tim_ex.o
    0x08003274   0x08003274   0x00000062   Code   RO         3523    i.HAL_TIMEx_MasterConfigSynchronization  stm32f1xx_hal_tim_ex.o
    0x080032d6   0x080032d6   0x00000034   Code   RO         2867    i.HAL_TIM_Base_Init  stm32f1xx_hal_tim.o
    0x0800330a   0x0800330a   0x00000002   PAD
    0x0800330c   0x0800330c   0x00000044   Code   RO         1213    i.HAL_TIM_Base_MspInit  stm32f1xx_hal_msp.o
    0x08003350   0x08003350   0x0000001e   Code   RO         2870    i.HAL_TIM_Base_Start  stm32f1xx_hal_tim.o
    0x0800336e   0x0800336e   0x0000001e   Code   RO         2872    i.HAL_TIM_Base_Start_IT  stm32f1xx_hal_tim.o
    0x0800338c   0x0800338c   0x00000038   Code   RO         2875    i.HAL_TIM_Base_Stop_IT  stm32f1xx_hal_tim.o
    0x080033c4   0x080033c4   0x00000002   Code   RO         2896    i.HAL_TIM_IC_CaptureCallback  stm32f1xx_hal_tim.o
    0x080033c6   0x080033c6   0x00000196   Code   RO         2909    i.HAL_TIM_IRQHandler  stm32f1xx_hal_tim.o
    0x0800355c   0x0800355c   0x00000002   Code   RO         2912    i.HAL_TIM_OC_DelayElapsedCallback  stm32f1xx_hal_tim.o
    0x0800355e   0x0800355e   0x00000002   Code   RO         2939    i.HAL_TIM_PWM_PulseFinishedCallback  stm32f1xx_hal_tim.o
    0x08003560   0x08003560   0x00000002   Code   RO         2946    i.HAL_TIM_PeriodElapsedCallback  stm32f1xx_hal_tim.o
    0x08003562   0x08003562   0x00000002   Code   RO         2950    i.HAL_TIM_TriggerCallback  stm32f1xx_hal_tim.o
    0x08003564   0x08003564   0x00000014   Code   RO         1278    i.Halt              bs.o
    0x08003578   0x08003578   0x00000004   Code   RO         1102    i.HardFault_Handler  stm32f1xx_it.o
    0x0800357c   0x0800357c   0x0000003e   Code   RO          970    i.IntToUnicode      usbd_desc.o
    0x080035ba   0x080035ba   0x00000002   PAD
    0x080035bc   0x080035bc   0x00000070   Code   RO          255    i.MX_ADC1_Init      main.o
    0x0800362c   0x0800362c   0x00000034   Code   RO          256    i.MX_DMA_Init       main.o
    0x08003660   0x08003660   0x0000001c   Code   RO          641    i.MX_FATFS_Init     fatfs.o
    0x0800367c   0x0800367c   0x000000d8   Code   RO          257    i.MX_GPIO_Init      main.o
    0x08003754   0x08003754   0x00000070   Code   RO          258    i.MX_RTC_Init       main.o
    0x080037c4   0x080037c4   0x00000024   Code   RO          259    i.MX_SDIO_SD_Init   main.o
    0x080037e8   0x080037e8   0x0000004c   Code   RO          260    i.MX_TIM6_Init      main.o
    0x08003834   0x08003834   0x0000004c   Code   RO          700    i.MX_USB_DEVICE_Init  usb_device.o
    0x08003880   0x08003880   0x00000004   Code   RO         1103    i.MemManage_Handler  stm32f1xx_it.o
    0x08003884   0x08003884   0x00000002   Code   RO         1104    i.NMI_Handler       stm32f1xx_it.o
    0x08003886   0x08003886   0x00000002   PAD
    0x08003888   0x08003888   0x00000010   Code   RO         4220    i.NVIC_GetPriorityGrouping  stm32f1xx_hal_cortex.o
    0x08003898   0x08003898   0x00000028   Code   RO         4221    i.NVIC_SetPriority  stm32f1xx_hal_cortex.o
    0x080038c0   0x080038c0   0x00000444   Code   RO         1376    i.PCD_EP_ISR_Handler  stm32f1xx_hal_pcd.o
    0x08003d04   0x08003d04   0x000000ac   Code   RO           14    i.ParseCMD          serialcommand.o
    0x08003db0   0x08003db0   0x00000002   Code   RO         1105    i.PendSV_Handler    stm32f1xx_it.o
    0x08003db2   0x08003db2   0x00000016   Code   RO           16    i.PrintInt          serialcommand.o
    0x08003dc8   0x08003dc8   0x00000016   Code   RO           17    i.PrintString       serialcommand.o
    0x08003dde   0x08003dde   0x00000002   PAD
    0x08003de0   0x08003de0   0x00000028   Code   RO         3915    i.RCC_Delay         stm32f1xx_hal_rcc.o
    0x08003e08   0x08003e08   0x00000016   Code   RO         2074    i.RTC_Bcd2ToByte    stm32f1xx_hal_rtc.o
    0x08003e1e   0x08003e1e   0x0000003a   Code   RO         2077    i.RTC_EnterInitMode  stm32f1xx_hal_rtc.o
    0x08003e58   0x08003e58   0x0000003a   Code   RO         2078    i.RTC_ExitInitMode  stm32f1xx_hal_rtc.o
    0x08003e92   0x08003e92   0x00000018   Code   RO         2080    i.RTC_ReadAlarmCounter  stm32f1xx_hal_rtc.o
    0x08003eaa   0x08003eaa   0x00000034   Code   RO         2081    i.RTC_ReadTimeCounter  stm32f1xx_hal_rtc.o
    0x08003ede   0x08003ede   0x00000084   Code   RO         2082    i.RTC_WeekDayNum    stm32f1xx_hal_rtc.o
    0x08003f62   0x08003f62   0x0000002e   Code   RO         2083    i.RTC_WriteAlarmCounter  stm32f1xx_hal_rtc.o
    0x08003f90   0x08003f90   0x0000002e   Code   RO         2084    i.RTC_WriteTimeCounter  stm32f1xx_hal_rtc.o
    0x08003fbe   0x08003fbe   0x0000002c   Code   RO         2334    i.SDIO_ConfigData   stm32f1xx_ll_sdmmc.o
    0x08003fea   0x08003fea   0x00000008   Code   RO         2335    i.SDIO_GetCommandResponse  stm32f1xx_ll_sdmmc.o
    0x08003ff2   0x08003ff2   0x0000000a   Code   RO         2338    i.SDIO_GetPowerState  stm32f1xx_ll_sdmmc.o
    0x08003ffc   0x08003ffc   0x00000016   Code   RO         2339    i.SDIO_GetResponse  stm32f1xx_ll_sdmmc.o
    0x08004012   0x08004012   0x00000034   Code   RO         2340    i.SDIO_Init         stm32f1xx_ll_sdmmc.o
    0x08004046   0x08004046   0x0000000a   Code   RO         2342    i.SDIO_PowerState_ON  stm32f1xx_ll_sdmmc.o
    0x08004050   0x08004050   0x00000008   Code   RO         2343    i.SDIO_ReadFIFO     stm32f1xx_ll_sdmmc.o
    0x08004058   0x08004058   0x00000028   Code   RO         2344    i.SDIO_SendCommand  stm32f1xx_ll_sdmmc.o
    0x08004080   0x08004080   0x0000000c   Code   RO         2346    i.SDIO_WriteFIFO    stm32f1xx_ll_sdmmc.o
    0x0800408c   0x0800408c   0x0000003a   Code   RO         2347    i.SDMMC_CmdAppCommand  stm32f1xx_ll_sdmmc.o
    0x080040c6   0x080040c6   0x00000002   PAD
    0x080040c8   0x080040c8   0x0000003c   Code   RO         2348    i.SDMMC_CmdAppOperCommand  stm32f1xx_ll_sdmmc.o
    0x08004104   0x08004104   0x0000003a   Code   RO         2349    i.SDMMC_CmdBlockLength  stm32f1xx_ll_sdmmc.o
    0x0800413e   0x0800413e   0x0000003a   Code   RO         2350    i.SDMMC_CmdBusWidth  stm32f1xx_ll_sdmmc.o
    0x08004178   0x08004178   0x0000002e   Code   RO         2354    i.SDMMC_CmdGoIdleState  stm32f1xx_ll_sdmmc.o
    0x080041a6   0x080041a6   0x00000036   Code   RO         2356    i.SDMMC_CmdOperCond  stm32f1xx_ll_sdmmc.o
    0x080041dc   0x080041dc   0x0000003a   Code   RO         2357    i.SDMMC_CmdReadMultiBlock  stm32f1xx_ll_sdmmc.o
    0x08004216   0x08004216   0x0000003a   Code   RO         2358    i.SDMMC_CmdReadSingleBlock  stm32f1xx_ll_sdmmc.o
    0x08004250   0x08004250   0x0000003c   Code   RO         2361    i.SDMMC_CmdSelDesel  stm32f1xx_ll_sdmmc.o
    0x0800428c   0x0800428c   0x00000034   Code   RO         2362    i.SDMMC_CmdSendCID  stm32f1xx_ll_sdmmc.o
    0x080042c0   0x080042c0   0x00000034   Code   RO         2363    i.SDMMC_CmdSendCSD  stm32f1xx_ll_sdmmc.o
    0x080042f4   0x080042f4   0x0000003a   Code   RO         2364    i.SDMMC_CmdSendSCR  stm32f1xx_ll_sdmmc.o
    0x0800432e   0x0800432e   0x0000003a   Code   RO         2365    i.SDMMC_CmdSendStatus  stm32f1xx_ll_sdmmc.o
    0x08004368   0x08004368   0x0000003a   Code   RO         2366    i.SDMMC_CmdSetRelAdd  stm32f1xx_ll_sdmmc.o
    0x080043a2   0x080043a2   0x00000002   PAD
    0x080043a4   0x080043a4   0x0000003c   Code   RO         2368    i.SDMMC_CmdStopTransfer  stm32f1xx_ll_sdmmc.o
    0x080043e0   0x080043e0   0x0000003a   Code   RO         2370    i.SDMMC_CmdWriteMultiBlock  stm32f1xx_ll_sdmmc.o
    0x0800441a   0x0800441a   0x0000003a   Code   RO         2371    i.SDMMC_CmdWriteSingleBlock  stm32f1xx_ll_sdmmc.o
    0x08004454   0x08004454   0x00000040   Code   RO         2372    i.SDMMC_GetCmdError  stm32f1xx_ll_sdmmc.o
    0x08004494   0x08004494   0x000001a4   Code   RO         2373    i.SDMMC_GetCmdResp1  stm32f1xx_ll_sdmmc.o
    0x08004638   0x08004638   0x0000005c   Code   RO         2374    i.SDMMC_GetCmdResp2  stm32f1xx_ll_sdmmc.o
    0x08004694   0x08004694   0x00000050   Code   RO         2375    i.SDMMC_GetCmdResp3  stm32f1xx_ll_sdmmc.o
    0x080046e4   0x080046e4   0x000000b0   Code   RO         2376    i.SDMMC_GetCmdResp6  stm32f1xx_ll_sdmmc.o
    0x08004794   0x08004794   0x00000058   Code   RO         2377    i.SDMMC_GetCmdResp7  stm32f1xx_ll_sdmmc.o
    0x080047ec   0x080047ec   0x0000012c   Code   RO         2642    i.SD_FindSCR        stm32f1xx_hal_sd.o
    0x08004918   0x08004918   0x000000fc   Code   RO         2643    i.SD_InitCard       stm32f1xx_hal_sd.o
    0x08004a14   0x08004a14   0x000000ee   Code   RO         2645    i.SD_PowerON        stm32f1xx_hal_sd.o
    0x08004b02   0x08004b02   0x00000032   Code   RO         2648    i.SD_SendStatus     stm32f1xx_hal_sd.o
    0x08004b34   0x08004b34   0x0000006a   Code   RO         2649    i.SD_WideBus_Disable  stm32f1xx_hal_sd.o
    0x08004b9e   0x08004b9e   0x0000006a   Code   RO         2650    i.SD_WideBus_Enable  stm32f1xx_hal_sd.o
    0x08004c08   0x08004c08   0x00000028   Code   RO         5600    i.SD_initialize     sd_diskio.o
    0x08004c30   0x08004c30   0x00000068   Code   RO         5601    i.SD_ioctl          sd_diskio.o
    0x08004c98   0x08004c98   0x00000048   Code   RO         5602    i.SD_read           sd_diskio.o
    0x08004ce0   0x08004ce0   0x00000028   Code   RO         5603    i.SD_status         sd_diskio.o
    0x08004d08   0x08004d08   0x00000048   Code   RO         5604    i.SD_write          sd_diskio.o
    0x08004d50   0x08004d50   0x00000002   Code   RO         1106    i.SVC_Handler       stm32f1xx_it.o
    0x08004d52   0x08004d52   0x00000002   PAD
    0x08004d54   0x08004d54   0x0000003c   Code   RO           18    i.SerialBufferSend  serialcommand.o
    0x08004d90   0x08004d90   0x000000a8   Code   RO           19    i.SerialParse       serialcommand.o
    0x08004e38   0x08004e38   0x00000020   Code   RO           20    i.SerialSendHandlar  serialcommand.o
    0x08004e58   0x08004e58   0x00000018   Code   RO         1107    i.SysTick_Handler   stm32f1xx_it.o
    0x08004e70   0x08004e70   0x00000090   Code   RO          261    i.SystemClock_Config  main.o
    0x08004f00   0x08004f00   0x00000058   Code   RO         4662    i.SystemInit        system_stm32f1xx.o
    0x08004f58   0x08004f58   0x00000060   Code   RO         1109    i.TIM6_IRQHandler   stm32f1xx_it.o
    0x08004fb8   0x08004fb8   0x00000098   Code   RO         2951    i.TIM_Base_SetConfig  stm32f1xx_hal_tim.o
    0x08005050   0x08005050   0x0000001a   Code   RO         4991    i.USBD_CDC_DataIn   usbd_cdc.o
    0x0800506a   0x0800506a   0x00000034   Code   RO         4992    i.USBD_CDC_DataOut  usbd_cdc.o
    0x0800509e   0x0800509e   0x00000040   Code   RO         4993    i.USBD_CDC_DeInit   usbd_cdc.o
    0x080050de   0x080050de   0x00000032   Code   RO         4994    i.USBD_CDC_EP0_RxReady  usbd_cdc.o
    0x08005110   0x08005110   0x00000010   Code   RO         4995    i.USBD_CDC_GetDeviceQualifierDescriptor  usbd_cdc.o
    0x08005120   0x08005120   0x00000010   Code   RO         4996    i.USBD_CDC_GetFSCfgDesc  usbd_cdc.o
    0x08005130   0x08005130   0x00000010   Code   RO         4997    i.USBD_CDC_GetHSCfgDesc  usbd_cdc.o
    0x08005140   0x08005140   0x00000010   Code   RO         4998    i.USBD_CDC_GetOtherSpeedCfgDesc  usbd_cdc.o
    0x08005150   0x08005150   0x000000a6   Code   RO         4999    i.USBD_CDC_Init     usbd_cdc.o
    0x080051f6   0x080051f6   0x0000003a   Code   RO         5000    i.USBD_CDC_ReceivePacket  usbd_cdc.o
    0x08005230   0x08005230   0x0000000e   Code   RO         5001    i.USBD_CDC_RegisterInterface  usbd_cdc.o
    0x0800523e   0x0800523e   0x0000000e   Code   RO         5002    i.USBD_CDC_SetRxBuffer  usbd_cdc.o
    0x0800524c   0x0800524c   0x00000014   Code   RO         5003    i.USBD_CDC_SetTxBuffer  usbd_cdc.o
    0x08005260   0x08005260   0x00000090   Code   RO         5004    i.USBD_CDC_Setup    usbd_cdc.o
    0x080052f0   0x080052f0   0x00000038   Code   RO         5005    i.USBD_CDC_TransmitPacket  usbd_cdc.o
    0x08005328   0x08005328   0x00000016   Code   RO         4698    i.USBD_ClrClassConfig  usbd_core.o
    0x0800533e   0x0800533e   0x00000044   Code   RO         4836    i.USBD_ClrFeature   usbd_ctlreq.o
    0x08005382   0x08005382   0x00000018   Code   RO         4931    i.USBD_CtlContinueRx  usbd_ioreq.o
    0x0800539a   0x0800539a   0x00000018   Code   RO         4932    i.USBD_CtlContinueSendData  usbd_ioreq.o
    0x080053b2   0x080053b2   0x00000018   Code   RO         4837    i.USBD_CtlError     usbd_ctlreq.o
    0x080053ca   0x080053ca   0x00000028   Code   RO         4933    i.USBD_CtlPrepareRx  usbd_ioreq.o
    0x080053f2   0x080053f2   0x0000001a   Code   RO         4934    i.USBD_CtlReceiveStatus  usbd_ioreq.o
    0x0800540c   0x0800540c   0x00000022   Code   RO         4935    i.USBD_CtlSendData  usbd_ioreq.o
    0x0800542e   0x0800542e   0x0000001a   Code   RO         4936    i.USBD_CtlSendStatus  usbd_ioreq.o
    0x08005448   0x08005448   0x00000034   Code   RO          971    i.USBD_FS_ConfigStrDescriptor  usbd_desc.o
    0x0800547c   0x0800547c   0x00000010   Code   RO          972    i.USBD_FS_DeviceDescriptor  usbd_desc.o
    0x0800548c   0x0800548c   0x00000038   Code   RO          973    i.USBD_FS_InterfaceStrDescriptor  usbd_desc.o
    0x080054c4   0x080054c4   0x00000010   Code   RO          974    i.USBD_FS_LangIDStrDescriptor  usbd_desc.o
    0x080054d4   0x080054d4   0x00000020   Code   RO          975    i.USBD_FS_ManufacturerStrDescriptor  usbd_desc.o
    0x080054f4   0x080054f4   0x00000034   Code   RO          976    i.USBD_FS_ProductStrDescriptor  usbd_desc.o
    0x08005528   0x08005528   0x00000018   Code   RO          977    i.USBD_FS_SerialStrDescriptor  usbd_desc.o
    0x08005540   0x08005540   0x00000050   Code   RO         4838    i.USBD_GetConfig    usbd_ctlreq.o
    0x08005590   0x08005590   0x00000148   Code   RO         4839    i.USBD_GetDescriptor  usbd_ctlreq.o
    0x080056d8   0x080056d8   0x00000014   Code   RO         4840    i.USBD_GetLen       usbd_ctlreq.o
    0x080056ec   0x080056ec   0x00000044   Code   RO         4841    i.USBD_GetStatus    usbd_ctlreq.o
    0x08005730   0x08005730   0x00000052   Code   RO         4842    i.USBD_GetString    usbd_ctlreq.o
    0x08005782   0x08005782   0x0000002c   Code   RO          771    i.USBD_Get_USB_Status  usbd_conf.o
    0x080057ae   0x080057ae   0x00000032   Code   RO         4700    i.USBD_Init         usbd_core.o
    0x080057e0   0x080057e0   0x00000026   Code   RO          772    i.USBD_LL_ClearStallEP  usbd_conf.o
    0x08005806   0x08005806   0x00000026   Code   RO          773    i.USBD_LL_CloseEP   usbd_conf.o
    0x0800582c   0x0800582c   0x000000da   Code   RO         4701    i.USBD_LL_DataInStage  usbd_core.o
    0x08005906   0x08005906   0x00000086   Code   RO         4702    i.USBD_LL_DataOutStage  usbd_core.o
    0x0800598c   0x0800598c   0x00000012   Code   RO          777    i.USBD_LL_GetRxDataSize  usbd_conf.o
    0x0800599e   0x0800599e   0x00000002   PAD
    0x080059a0   0x080059a0   0x00000084   Code   RO          778    i.USBD_LL_Init      usbd_conf.o
    0x08005a24   0x08005a24   0x00000030   Code   RO          779    i.USBD_LL_IsStallEP  usbd_conf.o
    0x08005a54   0x08005a54   0x00000030   Code   RO          780    i.USBD_LL_OpenEP    usbd_conf.o
    0x08005a84   0x08005a84   0x00000030   Code   RO          781    i.USBD_LL_PrepareReceive  usbd_conf.o
    0x08005ab4   0x08005ab4   0x00000044   Code   RO         4707    i.USBD_LL_Reset     usbd_core.o
    0x08005af8   0x08005af8   0x0000000e   Code   RO         4708    i.USBD_LL_Resume    usbd_core.o
    0x08005b06   0x08005b06   0x00000022   Code   RO         4709    i.USBD_LL_SOF       usbd_core.o
    0x08005b28   0x08005b28   0x00000008   Code   RO         4710    i.USBD_LL_SetSpeed  usbd_core.o
    0x08005b30   0x08005b30   0x00000026   Code   RO          782    i.USBD_LL_SetUSBAddress  usbd_conf.o
    0x08005b56   0x08005b56   0x0000006e   Code   RO         4711    i.USBD_LL_SetupStage  usbd_core.o
    0x08005bc4   0x08005bc4   0x00000026   Code   RO          783    i.USBD_LL_StallEP   usbd_conf.o
    0x08005bea   0x08005bea   0x0000001e   Code   RO          784    i.USBD_LL_Start     usbd_conf.o
    0x08005c08   0x08005c08   0x00000014   Code   RO         4712    i.USBD_LL_Suspend   usbd_core.o
    0x08005c1c   0x08005c1c   0x00000030   Code   RO          786    i.USBD_LL_Transmit  usbd_conf.o
    0x08005c4c   0x08005c4c   0x00000028   Code   RO         4843    i.USBD_ParseSetupRequest  usbd_ctlreq.o
    0x08005c74   0x08005c74   0x00000010   Code   RO         4713    i.USBD_RegisterClass  usbd_core.o
    0x08005c84   0x08005c84   0x00000006   Code   RO         4714    i.USBD_RunTestMode  usbd_core.o
    0x08005c8a   0x08005c8a   0x00000054   Code   RO         4844    i.USBD_SetAddress   usbd_ctlreq.o
    0x08005cde   0x08005cde   0x00000022   Code   RO         4715    i.USBD_SetClassConfig  usbd_core.o
    0x08005d00   0x08005d00   0x000000e0   Code   RO         4845    i.USBD_SetConfig    usbd_ctlreq.o
    0x08005de0   0x08005de0   0x00000024   Code   RO         4846    i.USBD_SetFeature   usbd_ctlreq.o
    0x08005e04   0x08005e04   0x0000000e   Code   RO         4716    i.USBD_Start        usbd_core.o
    0x08005e12   0x08005e12   0x00000072   Code   RO         4847    i.USBD_StdDevReq    usbd_ctlreq.o
    0x08005e84   0x08005e84   0x00000156   Code   RO         4848    i.USBD_StdEPReq     usbd_ctlreq.o
    0x08005fda   0x08005fda   0x0000004a   Code   RO         4849    i.USBD_StdItfReq    usbd_ctlreq.o
    0x08006024   0x08006024   0x00000002   Code   RO          787    i.USBD_static_free  usbd_conf.o
    0x08006026   0x08006026   0x00000002   PAD
    0x08006028   0x08006028   0x0000000c   Code   RO          788    i.USBD_static_malloc  usbd_conf.o
    0x08006034   0x08006034   0x000003aa   Code   RO         1589    i.USB_ActivateEndpoint  stm32f1xx_ll_usb.o
    0x080063de   0x080063de   0x00000008   Code   RO         1592    i.USB_CoreInit      stm32f1xx_ll_usb.o
    0x080063e6   0x080063e6   0x00000214   Code   RO         1594    i.USB_DeactivateEndpoint  stm32f1xx_ll_usb.o
    0x080065fa   0x080065fa   0x00000006   Code   RO         1595    i.USB_DevConnect    stm32f1xx_ll_usb.o
    0x08006600   0x08006600   0x00000006   Code   RO         1596    i.USB_DevDisconnect  stm32f1xx_ll_usb.o
    0x08006606   0x08006606   0x0000001e   Code   RO         1597    i.USB_DevInit       stm32f1xx_ll_usb.o
    0x08006624   0x08006624   0x00000016   Code   RO         1598    i.USB_DisableGlobalInt  stm32f1xx_ll_usb.o
    0x0800663a   0x0800663a   0x00000006   Code   RO         1599    i.USB_EP0_OutStart  stm32f1xx_ll_usb.o
    0x08006640   0x08006640   0x000000b4   Code   RO         1600    i.USB_EPClearStall  stm32f1xx_ll_usb.o
    0x080066f4   0x080066f4   0x00000086   Code   RO         1601    i.USB_EPSetStall    stm32f1xx_ll_usb.o
    0x0800677a   0x0800677a   0x00000332   Code   RO         1602    i.USB_EPStartXfer   stm32f1xx_ll_usb.o
    0x08006aac   0x08006aac   0x00000016   Code   RO         1603    i.USB_EnableGlobalInt  stm32f1xx_ll_usb.o
    0x08006ac2   0x08006ac2   0x00000002   PAD
    0x08006ac4   0x08006ac4   0x00000010   Code   RO         1110    i.USB_LP_CAN1_RX0_IRQHandler  stm32f1xx_it.o
    0x08006ad4   0x08006ad4   0x0000000a   Code   RO         1610    i.USB_ReadInterrupts  stm32f1xx_ll_usb.o
    0x08006ade   0x08006ade   0x00000028   Code   RO         1611    i.USB_ReadPMA       stm32f1xx_ll_usb.o
    0x08006b06   0x08006b06   0x00000006   Code   RO         1613    i.USB_SetCurrentMode  stm32f1xx_ll_usb.o
    0x08006b0c   0x08006b0c   0x0000000e   Code   RO         1614    i.USB_SetDevAddress  stm32f1xx_ll_usb.o
    0x08006b1a   0x08006b1a   0x00000042   Code   RO         1616    i.USB_WritePMA      stm32f1xx_ll_usb.o
    0x08006b5c   0x08006b5c   0x00000004   Code   RO         1111    i.UsageFault_Handler  stm32f1xx_it.o
    0x08006b60   0x08006b60   0x00000020   Code   RO         1279    i.WakeUP            bs.o
    0x08006b80   0x08006b80   0x0000000e   Code   RO         5725    i.__scatterload_copy  mc_w.l(handlers.o)
    0x08006b8e   0x08006b8e   0x00000002   Code   RO         5726    i.__scatterload_null  mc_w.l(handlers.o)
    0x08006b90   0x08006b90   0x0000000e   Code   RO         5727    i.__scatterload_zeroinit  mc_w.l(handlers.o)
    0x08006b9e   0x08006b9e   0x00000002   PAD
    0x08006ba0   0x08006ba0   0x0000009c   Code   RO         5151    i.check_fs          ff.o
    0x08006c3c   0x08006c3c   0x00000014   Code   RO         5152    i.chk_chr           ff.o
    0x08006c50   0x08006c50   0x00000098   Code   RO         5153    i.chk_lock          ff.o
    0x08006ce8   0x08006ce8   0x00000030   Code   RO         5154    i.clear_lock        ff.o
    0x08006d18   0x08006d18   0x0000004c   Code   RO         5155    i.clmt_clust        ff.o
    0x08006d64   0x08006d64   0x00000026   Code   RO         5156    i.clust2sect        ff.o
    0x08006d8a   0x08006d8a   0x00000048   Code   RO           21    i.cmdGetArgNum      serialcommand.o
    0x08006dd2   0x08006dd2   0x000000fc   Code   RO         5157    i.create_chain      ff.o
    0x08006ece   0x08006ece   0x00000002   PAD
    0x08006ed0   0x08006ed0   0x00000124   Code   RO         5158    i.create_name       ff.o
    0x08006ff4   0x08006ff4   0x0000004c   Code   RO         5159    i.dec_lock          ff.o
    0x08007040   0x08007040   0x0000006c   Code   RO         5160    i.dir_alloc         ff.o
    0x080070ac   0x080070ac   0x0000006c   Code   RO         5161    i.dir_find          ff.o
    0x08007118   0x08007118   0x000001ec   Code   RO         5162    i.dir_next          ff.o
    0x08007304   0x08007304   0x00000052   Code   RO         5164    i.dir_register      ff.o
    0x08007356   0x08007356   0x00000134   Code   RO         5166    i.dir_sdi           ff.o
    0x0800748a   0x0800748a   0x00000002   PAD
    0x0800748c   0x0800748c   0x0000002c   Code   RO         5096    i.disk_initialize   diskio.o
    0x080074b8   0x080074b8   0x00000028   Code   RO         5097    i.disk_ioctl        diskio.o
    0x080074e0   0x080074e0   0x00000030   Code   RO         5098    i.disk_read         diskio.o
    0x08007510   0x08007510   0x0000001c   Code   RO         5099    i.disk_status       diskio.o
    0x0800752c   0x0800752c   0x00000030   Code   RO         5100    i.disk_write        diskio.o
    0x0800755c   0x0800755c   0x00000028   Code   RO         5167    i.enq_lock          ff.o
    0x08007584   0x08007584   0x00000032   Code   RO         5169    i.f_close           ff.o
    0x080075b6   0x080075b6   0x00000002   PAD
    0x080075b8   0x080075b8   0x00000068   Code   RO         5178    i.f_mount           ff.o
    0x08007620   0x08007620   0x00000222   Code   RO         5179    i.f_open            ff.o
    0x08007842   0x08007842   0x000000fa   Code   RO         5188    i.f_sync            ff.o
    0x0800793c   0x0800793c   0x00000352   Code   RO         5192    i.f_write           ff.o
    0x08007c8e   0x08007c8e   0x00000002   PAD
    0x08007c90   0x08007c90   0x00000488   Code   RO         5193    i.find_volume       ff.o
    0x08008118   0x08008118   0x000000a6   Code   RO         5194    i.follow_path       ff.o
    0x080081be   0x080081be   0x00000002   PAD
    0x080081c0   0x080081c0   0x00000050   Code   RO         5677    i.free              mc_w.l(malloc.o)
    0x08008210   0x08008210   0x00000164   Code   RO         5196    i.get_fat           ff.o
    0x08008374   0x08008374   0x00000004   Code   RO          642    i.get_fattime       fatfs.o
    0x08008378   0x08008378   0x00000048   Code   RO         5198    i.get_ldnumber      ff.o
    0x080083c0   0x080083c0   0x000000f4   Code   RO         5199    i.inc_lock          ff.o
    0x080084b4   0x080084b4   0x0000004c   Code   RO           23    i.itoa              serialcommand.o
    0x08008500   0x08008500   0x00000024   Code   RO         5200    i.ld_clust          ff.o
    0x08008524   0x08008524   0x0000013c   Code   RO          262    i.main              main.o
    0x08008660   0x08008660   0x0000006c   Code   RO         5678    i.malloc            mc_w.l(malloc.o)
    0x080086cc   0x080086cc   0x00000026   Code   RO         5201    i.mem_cmp           ff.o
    0x080086f2   0x080086f2   0x0000001a   Code   RO         5202    i.mem_cpy           ff.o
    0x0800870c   0x0800870c   0x00000014   Code   RO         5203    i.mem_set           ff.o
    0x08008720   0x08008720   0x0000003e   Code   RO         5204    i.move_window       ff.o
    0x0800875e   0x0800875e   0x000001be   Code   RO         5206    i.put_fat           ff.o
    0x0800891c   0x0800891c   0x00000088   Code   RO         5208    i.remove_chain      ff.o
    0x080089a4   0x080089a4   0x00000026   Code   RO           24    i.reverse           serialcommand.o
    0x080089ca   0x080089ca   0x00000010   Code   RO         5209    i.st_clust          ff.o
    0x080089da   0x080089da   0x00000118   Code   RO         5210    i.sync_fs           ff.o
    0x08008af2   0x08008af2   0x00000072   Code   RO         5211    i.sync_window       ff.o
    0x08008b64   0x08008b64   0x00000052   Code   RO         5212    i.validate          ff.o
    0x08008bb6   0x08008bb6   0x00000002   PAD
    0x08008bb8   0x08008bb8   0x00000018   Data   RO          265    .constdata          main.o
    0x08008bd0   0x08008bd0   0x00000018   Data   RO         4663    .constdata          system_stm32f1xx.o
    0x08008be8   0x08008be8   0x000000ac   Data   RO         5214    .constdata          ff.o
    0x08008c94   0x08008c94   0x00000014   Data   RO         5605    .constdata          sd_diskio.o
    0x08008ca8   0x08008ca8   0x00000017   Data   RO          266    .conststring        main.o
    0x08008cbf   0x08008cbf   0x00000001   PAD
    0x08008cc0   0x08008cc0   0x00000020   Data   RO         5723    Region$$Table       anon$$obj.o


    Execution Region RW_IRAM1 (Exec base: 0x20000000, Load base: 0x08008ce0, Size: 0x00004618, Max: 0x0000c000, ABSOLUTE, COMPRESSED[0x000000e0])

    Exec Addr    Load Addr    Size         Type   Attr      Idx    E Section Name        Object

    0x20000000   COMPRESSED   0x0000000c   Data   RW           26    .data               serialcommand.o
    0x2000000c   COMPRESSED   0x0000002b   Data   RW          267    .data               main.o
    0x20000037   COMPRESSED   0x00000005   Data   RW          644    .data               fatfs.o
    0x2000003c   COMPRESSED   0x0000004e   Data   RW          979    .data               usbd_desc.o
    0x2000008a   COMPRESSED   0x00000002   PAD
    0x2000008c   COMPRESSED   0x00000010   Data   RW         1052    .data               usbd_cdc_if.o
    0x2000009c   COMPRESSED   0x00000002   Data   RW         1112    .data               stm32f1xx_it.o
    0x2000009e   COMPRESSED   0x00000002   PAD
    0x200000a0   COMPRESSED   0x00000009   Data   RW         3762    .data               stm32f1xx_hal.o
    0x200000a9   COMPRESSED   0x00000003   PAD
    0x200000ac   COMPRESSED   0x00000004   Data   RW         4664    .data               system_stm32f1xx.o
    0x200000b0   COMPRESSED   0x00000001   Data   RW         4850    .data               usbd_ctlreq.o
    0x200000b1   COMPRESSED   0x00000003   PAD
    0x200000b4   COMPRESSED   0x00000110   Data   RW         5006    .data               usbd_cdc.o
    0x200001c4   COMPRESSED   0x00000006   Data   RW         5215    .data               ff.o
    0x200001ca   COMPRESSED   0x00000001   Data   RW         5606    .data               sd_diskio.o
    0x200001cb   COMPRESSED   0x00000001   PAD
    0x200001cc   COMPRESSED   0x00000004   Data   RW         5670    .data               mc_w.l(strtok.o)
    0x200001d0   COMPRESSED   0x00000004   Data   RW         5719    .data               mc_w.l(mvars.o)
    0x200001d4   COMPRESSED   0x00000004   Data   RW         5720    .data               mc_w.l(mvars.o)
    0x200001d8        -       0x00000190   Zero   RW           25    .bss                serialcommand.o
    0x20000368        -       0x000021e8   Zero   RW          264    .bss                main.o
    0x20002550        -       0x00000224   Zero   RW          701    .bss                usb_device.o
    0x20002774        -       0x00000680   Zero   RW          789    .bss                usbd_conf.o
    0x20002df4        -       0x00000200   Zero   RW          978    .bss                usbd_desc.o
    0x20002ff4        -       0x00001000   Zero   RW         1051    .bss                usbd_cdc_if.o
    0x20003ff4        -       0x00000018   Zero   RW         5213    .bss                ff.o
    0x2000400c        -       0x0000000c   Zero   RW         5523    .bss                ff_gen_drv.o
    0x20004018        -       0x00000200   Zero   RW            2    HEAP                startup_stm32f103xe.o
    0x20004218        -       0x00000400   Zero   RW            1    STACK               startup_stm32f103xe.o


==============================================================================

Image component sizes


      Code (inc. data)   RO Data    RW Data    ZI Data      Debug   Object Name

        52         16          0          0          0        836   bs.o
       200         26          0          0          0     529620   bsp_driver_sd.o
       208         24          0          0          0       3761   diskio.o
        32         12          0          5          0       6344   fatfs.o
      7302         74        172          6         24      33286   ff.o
       102          6          0          0         12       1635   ff_gen_drv.o
      1132        126         47         43       8680      34190   main.o
       328         32         20          1          0       4552   sd_diskio.o
       672         46          0         12        400     522971   serialcommand.o
        36          8        304          0       1536        808   startup_stm32f103xe.o
       192         36          0          9          0       6525   stm32f1xx_hal.o
      1432         58          0          0          0       7807   stm32f1xx_hal_adc.o
       260          4          0          0          0       1458   stm32f1xx_hal_adc_ex.o
       298         22          0          0          0      26243   stm32f1xx_hal_cortex.o
      1260         18          0          0          0       3791   stm32f1xx_hal_dma.o
       896         46          0          0          0       4515   stm32f1xx_hal_gpio.o
       556         68          0          0          0       3534   stm32f1xx_hal_msp.o
      2448          0          0          0          0      10009   stm32f1xx_hal_pcd.o
        62          0          0          0          0       1182   stm32f1xx_hal_pcd_ex.o
        12          4          0          0          0        519   stm32f1xx_hal_pwr.o
      1784         98          0          0          0       5433   stm32f1xx_hal_rcc.o
       620         46          0          0          0       2433   stm32f1xx_hal_rcc_ex.o
      1178         18          0          0          0       9088   stm32f1xx_hal_rtc.o
      3084          4          0          0          0      12824   stm32f1xx_hal_sd.o
       736         20          0          0          0       7203   stm32f1xx_hal_tim.o
       102          0          0          0          0       2266   stm32f1xx_hal_tim_ex.o
       186         36          0          2          0       5841   stm32f1xx_it.o
      2090         40          0          0          0      23163   stm32f1xx_ll_sdmmc.o
      2838          0          0          0          0      13563   stm32f1xx_ll_usb.o
        88         18         24          4          0       1171   system_stm32f1xx.o
        76         16          0          0        548       5116   usb_device.o
       728         30          0        272          0      12794   usbd_cdc.o
       192         22          0         16       4096       3503   usbd_cdc_if.o
       826         30          0          0       1664      14213   usbd_conf.o
       748          0          0          0          0       9827   usbd_core.o
      1584         30          0          1          0      10476   usbd_ctlreq.o
       362         98          0         78        512       6341   usbd_desc.o
       174          0          0          0          0       4556   usbd_ioreq.o

    ----------------------------------------------------------------------
     34918       1132        600        460      17472    1353397   Object Totals
         0          0         32          0          0          0   (incl. Generated)
        42          0          1         11          0          0   (incl. Padding)

    ----------------------------------------------------------------------

      Code (inc. data)   RO Data    RW Data    ZI Data      Debug   Library Member Name

        86          0          0          0          0          0   __dczerorl2.o
         0          0          0          0          0          0   entry.o
         0          0          0          0          0          0   entry10a.o
         0          0          0          0          0          0   entry11a.o
         8          4          0          0          0          0   entry2.o
         4          0          0          0          0          0   entry5.o
         0          0          0          0          0          0   entry7b.o
         0          0          0          0          0          0   entry8b.o
         8          4          0          0          0          0   entry9a.o
        30          0          0          0          0          0   handlers.o
        36          8          0          0          0         68   init.o
       188         20          0          0          0        160   malloc.o
        36          0          0          0          0         68   memcpya.o
        36          0          0          0          0        108   memseta.o
         0          0          0          8          0          0   mvars.o
        14          0          0          0          0         68   strlen.o
        30          0          0          0          0         80   strncmp.o
        68          6          0          4          0         80   strtok.o

    ----------------------------------------------------------------------
       546         42          0         12          0        632   Library Totals
         2          0          0          0          0          0   (incl. Padding)

    ----------------------------------------------------------------------

      Code (inc. data)   RO Data    RW Data    ZI Data      Debug   Library Name

       544         42          0         12          0        632   mc_w.l

    ----------------------------------------------------------------------
       546         42          0         12          0        632   Library Totals

    ----------------------------------------------------------------------

==============================================================================


      Code (inc. data)   RO Data    RW Data    ZI Data      Debug   

     35464       1174        600        472      17472    1337205   Grand Totals
     35464       1174        600        224      17472    1337205   ELF Image Totals (compressed)
     35464       1174        600        224          0          0   ROM Totals

==============================================================================

    Total RO  Size (Code + RO Data)                36064 (  35.22kB)
    Total RW  Size (RW Data + ZI Data)             17944 (  17.52kB)
    Total ROM Size (Code + RO Data + RW Data)      36288 (  35.44kB)

==============================================================================

