Component: ARM Compiler 5.06 update 6 (build 750) Tool: armlink [4d35ed]

==============================================================================

Section Cross References

    startup_stm32f103xe.o(RESET) refers to startup_stm32f103xe.o(STACK) for __initial_sp
    startup_stm32f103xe.o(RESET) refers to startup_stm32f103xe.o(.text) for Reset_Handler
    startup_stm32f103xe.o(RESET) refers to stm32f1xx_it.o(i.NMI_Handler) for NMI_Handler
    startup_stm32f103xe.o(RESET) refers to stm32f1xx_it.o(i.HardFault_Handler) for HardFault_Handler
    startup_stm32f103xe.o(RESET) refers to stm32f1xx_it.o(i.MemManage_Handler) for MemManage_Handler
    startup_stm32f103xe.o(RESET) refers to stm32f1xx_it.o(i.BusFault_Handler) for BusFault_Handler
    startup_stm32f103xe.o(RESET) refers to stm32f1xx_it.o(i.UsageFault_Handler) for UsageFault_Handler
    startup_stm32f103xe.o(RESET) refers to stm32f1xx_it.o(i.SVC_Handler) for SVC_Handler
    startup_stm32f103xe.o(RESET) refers to stm32f1xx_it.o(i.DebugMon_Handler) for DebugMon_Handler
    startup_stm32f103xe.o(RESET) refers to stm32f1xx_it.o(i.PendSV_Handler) for PendSV_Handler
    startup_stm32f103xe.o(RESET) refers to stm32f1xx_it.o(i.SysTick_Handler) for SysTick_Handler
    startup_stm32f103xe.o(RESET) refers to stm32f1xx_it.o(i.DMA1_Channel1_IRQHandler) for DMA1_Channel1_IRQHandler
    startup_stm32f103xe.o(RESET) refers to stm32f1xx_it.o(i.USB_LP_CAN1_RX0_IRQHandler) for USB_LP_CAN1_RX0_IRQHandler
    startup_stm32f103xe.o(RESET) refers to stm32f1xx_it.o(i.EXTI9_5_IRQHandler) for EXTI9_5_IRQHandler
    startup_stm32f103xe.o(RESET) refers to stm32f1xx_it.o(i.I2C1_EV_IRQHandler) for I2C1_EV_IRQHandler
    startup_stm32f103xe.o(RESET) refers to stm32f1xx_it.o(i.I2C1_ER_IRQHandler) for I2C1_ER_IRQHandler
    startup_stm32f103xe.o(RESET) refers to stm32f1xx_it.o(i.TIM6_IRQHandler) for TIM6_IRQHandler
    startup_stm32f103xe.o(RESET) refers to stm32f1xx_it.o(i.TIM7_IRQHandler) for TIM7_IRQHandler
    startup_stm32f103xe.o(.text) refers to system_stm32f1xx.o(i.SystemInit) for SystemInit
    startup_stm32f103xe.o(.text) refers to entry.o(.ARM.Collect$$$$00000000) for __main
    serialcommand.o(i.ParseCMD) refers to serialcommand.o(i.cmdGetArgNum) for cmdGetArgNum
    serialcommand.o(i.ParseCMD) refers to malloc.o(i.malloc) for malloc
    serialcommand.o(i.ParseCMD) refers to strtok.o(.text) for strtok
    serialcommand.o(i.ParseCMD) refers to strlen.o(.text) for strlen
    serialcommand.o(i.ParseCMD) refers to strncmp.o(.text) for strncmp
    serialcommand.o(i.ParseCMD) refers to malloc.o(i.free) for free
    serialcommand.o(i.ParseCMD) refers to main.o(.data) for Console
    serialcommand.o(i.PrintFloat) refers to serialcommand.o(i.ftoa) for ftoa
    serialcommand.o(i.PrintFloat) refers to serialcommand.o(i.PrintString) for PrintString
    serialcommand.o(i.PrintInt) refers to serialcommand.o(i.itoa) for itoa
    serialcommand.o(i.PrintInt) refers to serialcommand.o(i.PrintString) for PrintString
    serialcommand.o(i.PrintString) refers to strlen.o(.text) for strlen
    serialcommand.o(i.PrintString) refers to serialcommand.o(i.SerialBufferSend) for SerialBufferSend
    serialcommand.o(i.SerialBufferSend) refers to serialcommand.o(.bss) for serial_str_tx
    serialcommand.o(i.SerialBufferSend) refers to serialcommand.o(.data) for serial_tx_buf_pos
    serialcommand.o(i.SerialParse) refers to serialcommand.o(i.ParseCMD) for ParseCMD
    serialcommand.o(i.SerialParse) refers to serialcommand.o(.data) for msg_pos
    serialcommand.o(i.SerialParse) refers to serialcommand.o(.bss) for serial_str_rx
    serialcommand.o(i.SerialSendHandlar) refers to usbd_cdc_if.o(i.CDC_Transmit_FS) for CDC_Transmit_FS
    serialcommand.o(i.SerialSendHandlar) refers to serialcommand.o(.data) for serial_tx_buf_pos
    serialcommand.o(i.SerialSendHandlar) refers to serialcommand.o(.bss) for serial_str_tx
    serialcommand.o(i.ftoa) refers to serialcommand.o(i.itoa) for itoa
    serialcommand.o(i.itoa) refers to serialcommand.o(i.reverse) for reverse
    serialcommand.o(i.reverse) refers to strlen.o(.text) for strlen
    bs.o(i.Halt) refers to stm32f1xx_hal_gpio.o(i.HAL_GPIO_WritePin) for HAL_GPIO_WritePin
    bs.o(i.WakeUP) refers to stm32f1xx_hal_gpio.o(i.HAL_GPIO_WritePin) for HAL_GPIO_WritePin
    bs.o(i.WakeUP) refers to stm32f1xx_hal_gpio.o(i.HAL_GPIO_TogglePin) for HAL_GPIO_TogglePin
    mpu.o(i.MPU60XX_DisableInterrupts) refers to stm32f1xx_hal_i2c.o(i.HAL_I2C_Master_Transmit) for HAL_I2C_Master_Transmit
    mpu.o(i.MPU60XX_EnableInterrupts) refers to stm32f1xx_hal_i2c.o(i.HAL_I2C_Master_Transmit) for HAL_I2C_Master_Transmit
    mpu.o(i.MPU60XX_EnableInterrupts) refers to stm32f1xx_hal_i2c.o(i.HAL_I2C_Master_Receive) for HAL_I2C_Master_Receive
    mpu.o(i.MPU60XX_Init) refers to stm32f1xx_hal_i2c.o(i.HAL_I2C_IsDeviceReady) for HAL_I2C_IsDeviceReady
    mpu.o(i.MPU60XX_Init) refers to stm32f1xx_hal_i2c.o(i.HAL_I2C_Master_Transmit) for HAL_I2C_Master_Transmit
[...]
    ConsoleInit                              0x08000899   Thumb Code    10  serialcommand.o(i.ConsoleInit)
    DMA1_Channel1_IRQHandler                 0x080008a5   Thumb Code    10  stm32f1xx_it.o(i.DMA1_Channel1_IRQHandler)
    DebugMon_Handler                         0x080008e1   Thumb Code     2  stm32f1xx_it.o(i.DebugMon_Handler)
    DoCmd1                                   0x080008e5   Thumb Code   180  main.o(i.DoCmd1)
    DoCmd2                                   0x080009b5   Thumb Code    16  main.o(i.DoCmd2)
    DoCmd3                                   0x080009cd   Thumb Code    92  main.o(i.DoCmd3)
    EXTI9_5_IRQHandler                       0x08000a35   Thumb Code    10  stm32f1xx_it.o(i.EXTI9_5_IRQHandler)
    Error_Handler                            0x08000a3f   Thumb Code     2  main.o(i.Error_Handler)
    FATFS_LinkDriver                         0x08000a41   Thumb Code    18  ff_gen_drv.o(i.FATFS_LinkDriver)
    FATFS_LinkDriverEx                       0x08000a55   Thumb Code    78  ff_gen_drv.o(i.FATFS_LinkDriverEx)
    HAL_ADCEx_Calibration_Start              0x08000add   Thumb Code   256  stm32f1xx_hal_adc_ex.o(i.HAL_ADCEx_Calibration_Start)
    HAL_ADC_ConfigChannel                    0x08000be1   Thumb Code   338  stm32f1xx_hal_adc.o(i.HAL_ADC_ConfigChannel)
    HAL_ADC_ConvCpltCallback                 0x08000d41   Thumb Code     2  main.o(i.HAL_ADC_ConvCpltCallback)
    HAL_ADC_ConvHalfCpltCallback             0x08000d43   Thumb Code     2  stm32f1xx_hal_adc.o(i.HAL_ADC_ConvHalfCpltCallback)
    HAL_ADC_ErrorCallback                    0x08000d45   Thumb Code     2  stm32f1xx_hal_adc.o(i.HAL_ADC_ErrorCallback)
    HAL_ADC_Init                             0x08000d49   Thumb Code   340  stm32f1xx_hal_adc.o(i.HAL_ADC_Init)
    HAL_ADC_MspInit                          0x08000ea9   Thumb Code   152  stm32f1xx_hal_msp.o(i.HAL_ADC_MspInit)
    HAL_ADC_Start_DMA                        0x08000f55   Thumb Code   362  stm32f1xx_hal_adc.o(i.HAL_ADC_Start_DMA)
    HAL_DMA_Abort_IT                         0x080010d5   Thumb Code   414  stm32f1xx_hal_dma.o(i.HAL_DMA_Abort_IT)
    HAL_DMA_IRQHandler                       0x0800127d   Thumb Code   910  stm32f1xx_hal_dma.o(i.HAL_DMA_IRQHandler)
    HAL_DMA_Init                             0x08001615   Thumb Code   132  stm32f1xx_hal_dma.o(i.HAL_DMA_Init)
    HAL_DMA_Start_IT                         0x080016a1   Thumb Code   156  stm32f1xx_hal_dma.o(i.HAL_DMA_Start_IT)
    HAL_Delay                                0x0800173d   Thumb Code    36  stm32f1xx_hal.o(i.HAL_Delay)
    HAL_GPIO_EXTI_Callback                   0x08001765   Thumb Code     8  main.o(i.HAL_GPIO_EXTI_Callback)
    HAL_GPIO_EXTI_IRQHandler                 0x0800176d   Thumb Code    24  stm32f1xx_hal_gpio.o(i.HAL_GPIO_EXTI_IRQHandler)
    HAL_GPIO_Init                            0x08001789   Thumb Code   790  stm32f1xx_hal_gpio.o(i.HAL_GPIO_Init)
    HAL_GPIO_TogglePin                       0x08001ac9   Thumb Code     8  stm32f1xx_hal_gpio.o(i.HAL_GPIO_TogglePin)
    HAL_GPIO_WritePin                        0x08001ad1   Thumb Code    12  stm32f1xx_hal_gpio.o(i.HAL_GPIO_WritePin)
    HAL_GetTick                              0x08001add   Thumb Code     6  stm32f1xx_hal.o(i.HAL_GetTick)
    HAL_I2C_AbortCpltCallback                0x08001ae9   Thumb Code     2  stm32f1xx_hal_i2c.o(i.HAL_I2C_AbortCpltCallback)
    HAL_I2C_AddrCallback                     0x08001aeb   Thumb Code     2  stm32f1xx_hal_i2c.o(i.HAL_I2C_AddrCallback)
    HAL_I2C_ER_IRQHandler                    0x08001aed   Thumb Code   236  stm32f1xx_hal_i2c.o(i.HAL_I2C_ER_IRQHandler)
    HAL_I2C_EV_IRQHandler                    0x08001bdd   Thumb Code   368  stm32f1xx_hal_i2c.o(i.HAL_I2C_EV_IRQHandler)
    HAL_I2C_ErrorCallback                    0x08001d55   Thumb Code     2  stm32f1xx_hal_i2c.o(i.HAL_I2C_ErrorCallback)
    HAL_I2C_Init                             0x08001d59   Thumb Code   362  stm32f1xx_hal_i2c.o(i.HAL_I2C_Init)
    HAL_I2C_IsDeviceReady                    0x08001ed5   Thumb Code   426  stm32f1xx_hal_i2c.o(i.HAL_I2C_IsDeviceReady)
    HAL_I2C_ListenCpltCallback               0x08002089   Thumb Code     2  stm32f1xx_hal_i2c.o(i.HAL_I2C_ListenCpltCallback)
    HAL_I2C_MasterRxCpltCallback             0x0800208b   Thumb Code     2  stm32f1xx_hal_i2c.o(i.HAL_I2C_MasterRxCpltCallback)
    HAL_I2C_MasterTxCpltCallback             0x0800208d   Thumb Code     2  stm32f1xx_hal_i2c.o(i.HAL_I2C_MasterTxCpltCallback)
    HAL_I2C_Master_Receive                   0x08002091   Thumb Code   814  stm32f1xx_hal_i2c.o(i.HAL_I2C_Master_Receive)
    HAL_I2C_Master_Transmit                  0x080023cd   Thumb Code   396  stm32f1xx_hal_i2c.o(i.HAL_I2C_Master_Transmit)
    HAL_I2C_MemRxCpltCallback                0x08002561   Thumb Code     2  stm32f1xx_hal_i2c.o(i.HAL_I2C_MemRxCpltCallback)
    HAL_I2C_MemTxCpltCallback                0x08002563   Thumb Code     2  stm32f1xx_hal_i2c.o(i.HAL_I2C_MemTxCpltCallback)
    HAL_I2C_MspInit                          0x08002565   Thumb Code   136  stm32f1xx_hal_msp.o(i.HAL_I2C_MspInit)
    HAL_I2C_SlaveRxCpltCallback              0x080025f9   Thumb Code     2  stm32f1xx_hal_i2c.o(i.HAL_I2C_SlaveRxCpltCallback)
    HAL_I2C_SlaveTxCpltCallback              0x080025fb   Thumb Code     2  stm32f1xx_hal_i2c.o(i.HAL_I2C_SlaveTxCpltCallback)
    HAL_IncTick                              0x080025fd   Thumb Code    16  stm32f1xx_hal.o(i.HAL_IncTick)
    HAL_Init                                 0x08002615   Thumb Code    34  stm32f1xx_hal.o(i.HAL_Init)
    HAL_InitTick                             0x0800263d   Thumb Code    64  stm32f1xx_hal.o(i.HAL_InitTick)
    HAL_MspInit                              0x08002689   Thumb Code    76  stm32f1xx_hal_msp.o(i.HAL_MspInit)
    HAL_NVIC_EnableIRQ                       0x080026dd   Thumb Code    26  stm32f1xx_hal_cortex.o(i.HAL_NVIC_EnableIRQ)
    HAL_NVIC_SetPriority                     0x080026f7   Thumb Code   124  stm32f1xx_hal_cortex.o(i.HAL_NVIC_SetPriority)
    HAL_NVIC_SetPriorityGrouping             0x08002775   Thumb Code    32  stm32f1xx_hal_cortex.o(i.HAL_NVIC_SetPriorityGrouping)
    HAL_PCDEx_PMAConfig                      0x0800279d   Thumb Code    62  stm32f1xx_hal_pcd_ex.o(i.HAL_PCDEx_PMAConfig)
    HAL_PCDEx_SetConnectionState             0x080027db   Thumb Code     2  usbd_conf.o(i.HAL_PCDEx_SetConnectionState)
    HAL_PCD_DataInStageCallback              0x080027dd   Thumb Code    28  usbd_conf.o(i.HAL_PCD_DataInStageCallback)
    HAL_PCD_DataOutStageCallback             0x080027f9   Thumb Code    28  usbd_conf.o(i.HAL_PCD_DataOutStageCallback)
    HAL_PCD_EP_Close                         0x08002815   Thumb Code   100  stm32f1xx_hal_pcd.o(i.HAL_PCD_EP_Close)
    HAL_PCD_EP_ClrStall                      0x08002879   Thumb Code    98  stm32f1xx_hal_pcd.o(i.HAL_PCD_EP_ClrStall)
    HAL_PCD_EP_GetRxCount                    0x080028db   Thumb Code    20  stm32f1xx_hal_pcd.o(i.HAL_PCD_EP_GetRxCount)
    HAL_PCD_EP_Open                          0x080028ef   Thumb Code   118  stm32f1xx_hal_pcd.o(i.HAL_PCD_EP_Open)
    HAL_PCD_EP_Receive                       0x08002965   Thumb Code    74  stm32f1xx_hal_pcd.o(i.HAL_PCD_EP_Receive)
    HAL_PCD_EP_SetStall                      0x080029af   Thumb Code   114  stm32f1xx_hal_pcd.o(i.HAL_PCD_EP_SetStall)
    HAL_PCD_EP_Transmit                      0x08002a21   Thumb Code    76  stm32f1xx_hal_pcd.o(i.HAL_PCD_EP_Transmit)
    HAL_PCD_IRQHandler                       0x08002a6d   Thumb Code   360  stm32f1xx_hal_pcd.o(i.HAL_PCD_IRQHandler)
    HAL_PCD_Init                             0x08002bd5   Thumb Code   282  stm32f1xx_hal_pcd.o(i.HAL_PCD_Init)
    HAL_PCD_MspInit                          0x08002cf1   Thumb Code    58  usbd_conf.o(i.HAL_PCD_MspInit)
    HAL_PCD_ResetCallback                    0x08002d35   Thumb Code    36  usbd_conf.o(i.HAL_PCD_ResetCallback)
    HAL_PCD_ResumeCallback                   0x08002d59   Thumb Code    14  usbd_conf.o(i.HAL_PCD_ResumeCallback)
    HAL_PCD_SOFCallback                      0x08002d67   Thumb Code    14  usbd_conf.o(i.HAL_PCD_SOFCallback)
    HAL_PCD_SetAddress                       0x08002d75   Thumb Code    54  stm32f1xx_hal_pcd.o(i.HAL_PCD_SetAddress)
    HAL_PCD_SetupStageCallback               0x08002dab   Thumb Code    18  usbd_conf.o(i.HAL_PCD_SetupStageCallback)
    HAL_PCD_Start                            0x08002dbd   Thumb Code    60  stm32f1xx_hal_pcd.o(i.HAL_PCD_Start)
    HAL_PCD_SuspendCallback                  0x08002df9   Thumb Code    30  usbd_conf.o(i.HAL_PCD_SuspendCallback)
    HAL_PWR_EnableBkUpAccess                 0x08002e1d   Thumb Code     8  stm32f1xx_hal_pwr.o(i.HAL_PWR_EnableBkUpAccess)
    HAL_RCCEx_GetPeriphCLKFreq               0x08002e29   Thumb Code   284  stm32f1xx_hal_rcc_ex.o(i.HAL_RCCEx_GetPeriphCLKFreq)
    HAL_RCCEx_PeriphCLKConfig                0x08002f65   Thumb Code   290  stm32f1xx_hal_rcc_ex.o(i.HAL_RCCEx_PeriphCLKConfig)
    HAL_RCC_ClockConfig                      0x08003095   Thumb Code   446  stm32f1xx_hal_rcc.o(i.HAL_RCC_ClockConfig)
    HAL_RCC_GetHCLKFreq                      0x08003265   Thumb Code     6  stm32f1xx_hal_rcc.o(i.HAL_RCC_GetHCLKFreq)
    HAL_RCC_GetPCLK1Freq                     0x08003271   Thumb Code    22  stm32f1xx_hal_rcc.o(i.HAL_RCC_GetPCLK1Freq)
    HAL_RCC_GetPCLK2Freq                     0x08003291   Thumb Code    22  stm32f1xx_hal_rcc.o(i.HAL_RCC_GetPCLK2Freq)
    HAL_RCC_GetSysClockFreq                  0x080032b1   Thumb Code   116  stm32f1xx_hal_rcc.o(i.HAL_RCC_GetSysClockFreq)
    HAL_RCC_OscConfig                        0x08003345   Thumb Code  1078  stm32f1xx_hal_rcc.o(i.HAL_RCC_OscConfig)
    HAL_RTC_Init                             0x08003785   Thumb Code   202  stm32f1xx_hal_rtc.o(i.HAL_RTC_Init)
    HAL_RTC_MspInit                          0x08003855   Thumb Code    52  stm32f1xx_hal_msp.o(i.HAL_RTC_MspInit)
    HAL_RTC_SetDate                          0x08003895   Thumb Code   242  stm32f1xx_hal_rtc.o(i.HAL_RTC_SetDate)
    HAL_RTC_SetTime                          0x0800398d   Thumb Code   214  stm32f1xx_hal_rtc.o(i.HAL_RTC_SetTime)
    HAL_RTC_WaitForSynchro                   0x08003a69   Thumb Code    64  stm32f1xx_hal_rtc.o(i.HAL_RTC_WaitForSynchro)
    HAL_SD_ConfigWideBusOperation            0x08003aa9   Thumb Code   168  stm32f1xx_hal_sd.o(i.HAL_SD_ConfigWideBusOperation)
    HAL_SD_GetCardCSD                        0x08003b51   Thumb Code   496  stm32f1xx_hal_sd.o(i.HAL_SD_GetCardCSD)
    HAL_SD_GetCardInfo                       0x08003d41   Thumb Code    38  stm32f1xx_hal_sd.o(i.HAL_SD_GetCardInfo)
    HAL_SD_GetCardState                      0x08003d67   Thumb Code    40  stm32f1xx_hal_sd.o(i.HAL_SD_GetCardState)
    HAL_SD_Init                              0x08003d8f   Thumb Code    54  stm32f1xx_hal_sd.o(i.HAL_SD_Init)
    HAL_SD_InitCard                          0x08003dc5   Thumb Code   128  stm32f1xx_hal_sd.o(i.HAL_SD_InitCard)
    HAL_SD_MspInit                           0x08003e49   Thumb Code   150  stm32f1xx_hal_msp.o(i.HAL_SD_MspInit)
    HAL_SD_ReadBlocks                        0x08003ef1   Thumb Code   588  stm32f1xx_hal_sd.o(i.HAL_SD_ReadBlocks)
    HAL_SD_WriteBlocks                       0x0800413d   Thumb Code   516  stm32f1xx_hal_sd.o(i.HAL_SD_WriteBlocks)
    HAL_SYSTICK_Config                       0x08004341   Thumb Code    52  stm32f1xx_hal_cortex.o(i.HAL_SYSTICK_Config)
    HAL_TIMEx_BreakCallback                  0x08004375   Thumb Code     2  stm32f1xx_hal_tim_ex.o(i.HAL_TIMEx_BreakCallback)
    HAL_TIMEx_CommutationCallback            0x08004377   Thumb Code     2  stm32f1xx_hal_tim_ex.o(i.HAL_TIMEx_CommutationCallback)
    HAL_TIMEx_MasterConfigSynchronization    0x08004379   Thumb Code    98  stm32f1xx_hal_tim_ex.o(i.HAL_TIMEx_MasterConfigSynchronization)
    HAL_TIM_Base_Init                        0x080043db   Thumb Code    52  stm32f1xx_hal_tim.o(i.HAL_TIM_Base_Init)
    HAL_TIM_Base_MspInit                     0x08004411   Thumb Code   112  stm32f1xx_hal_msp.o(i.HAL_TIM_Base_MspInit)
    HAL_TIM_Base_Start                       0x0800448d   Thumb Code    30  stm32f1xx_hal_tim.o(i.HAL_TIM_Base_Start)
    HAL_TIM_Base_Start_IT                    0x080044ab   Thumb Code    30  stm32f1xx_hal_tim.o(i.HAL_TIM_Base_Start_IT)
    HAL_TIM_Base_Stop                        0x080044c9   Thumb Code    56  stm32f1xx_hal_tim.o(i.HAL_TIM_Base_Stop)
    HAL_TIM_Base_Stop_IT                     0x08004501   Thumb Code    56  stm32f1xx_hal_tim.o(i.HAL_TIM_Base_Stop_IT)
    HAL_TIM_IC_CaptureCallback               0x08004539   Thumb Code     2  stm32f1xx_hal_tim.o(i.HAL_TIM_IC_CaptureCallback)
    HAL_TIM_IRQHandler                       0x0800453b   Thumb Code   406  stm32f1xx_hal_tim.o(i.HAL_TIM_IRQHandler)
    HAL_TIM_OC_DelayElapsedCallback          0x080046d1   Thumb Code     2  stm32f1xx_hal_tim.o(i.HAL_TIM_OC_DelayElapsedCallback)
    HAL_TIM_PWM_PulseFinishedCallback        0x080046d3   Thumb Code     2  stm32f1xx_hal_tim.o(i.HAL_TIM_PWM_PulseFinishedCallback)
    HAL_TIM_PeriodElapsedCallback            0x080046d5   Thumb Code     2  stm32f1xx_hal_tim.o(i.HAL_TIM_PeriodElapsedCallback)
    HAL_TIM_TriggerCallback                  0x080046d7   Thumb Code     2  stm32f1xx_hal_tim.o(i.HAL_TIM_TriggerCallback)
    HardFault_Handler                        0x080046d9   Thumb Code     4  stm32f1xx_it.o(i.HardFault_Handler)
    I2C1_ER_IRQHandler                       0x080046dd   Thumb Code    10  stm32f1xx_it.o(i.I2C1_ER_IRQHandler)
    I2C1_EV_IRQHandler                       0x080046ed   Thumb Code    10  stm32f1xx_it.o(i.I2C1_EV_IRQHandler)
    MPU60XX_Init                             0x080056cd   Thumb Code   186  mpu.o(i.MPU60XX_Init)
    MPU60XX_ReadAll                          0x08005789   Thumb Code   210  mpu.o(i.MPU60XX_ReadAll)
    MPU60XX_SetAccelerometer                 0x08005865   Thumb Code   166  mpu.o(i.MPU60XX_SetAccelerometer)
    MPU60XX_SetDataRate                      0x0800590b   Thumb Code    56  mpu.o(i.MPU60XX_SetDataRate)
    MPU60XX_SetGyroscope                     0x08005945   Thumb Code   158  mpu.o(i.MPU60XX_SetGyroscope)
    MX_FATFS_Init                            0x08005a99   Thumb Code    16  fatfs.o(i.MX_FATFS_Init)
    MX_USB_DEVICE_Init                       0x08005d6d   Thumb Code    60  usb_device.o(i.MX_USB_DEVICE_Init)
    MemManage_Handler                        0x08005db9   Thumb Code     4  stm32f1xx_it.o(i.MemManage_Handler)
    NMI_Handler                              0x08005dbd   Thumb Code     2  stm32f1xx_it.o(i.NMI_Handler)
    ParseCMD                                 0x0800623d   Thumb Code   146  serialcommand.o(i.ParseCMD)
    PendSV_Handler                           0x080062d9   Thumb Code     2  stm32f1xx_it.o(i.PendSV_Handler)
    PrintDebug                               0x080062dd   Thumb Code   164  main.o(i.PrintDebug)
    PrintInt                                 0x080063b9   Thumb Code    22  serialcommand.o(i.PrintInt)
    PrintString                              0x080063cf   Thumb Code    22  serialcommand.o(i.PrintString)
    ReadSensors                              0x080065c5   Thumb Code    34  main.o(i.ReadSensors)
    SDIO_ConfigData                          0x080065f5   Thumb Code    44  stm32f1xx_ll_sdmmc.o(i.SDIO_ConfigData)
    SDIO_GetCommandResponse                  0x08006621   Thumb Code     8  stm32f1xx_ll_sdmmc.o(i.SDIO_GetCommandResponse)
    SDIO_GetPowerState                       0x08006629   Thumb Code    10  stm32f1xx_ll_sdmmc.o(i.SDIO_GetPowerState)
    SDIO_GetResponse                         0x08006633   Thumb Code    22  stm32f1xx_ll_sdmmc.o(i.SDIO_GetResponse)
    SDIO_Init                                0x08006649   Thumb Code    52  stm32f1xx_ll_sdmmc.o(i.SDIO_Init)
    SDIO_PowerState_ON                       0x0800667d   Thumb Code    10  stm32f1xx_ll_sdmmc.o(i.SDIO_PowerState_ON)
    SDIO_ReadFIFO                            0x08006687   Thumb Code     8  stm32f1xx_ll_sdmmc.o(i.SDIO_ReadFIFO)
    SDIO_SendCommand                         0x0800668f   Thumb Code    40  stm32f1xx_ll_sdmmc.o(i.SDIO_SendCommand)
    SDIO_WriteFIFO                           0x080066b7   Thumb Code    12  stm32f1xx_ll_sdmmc.o(i.SDIO_WriteFIFO)
    SDMMC_CmdAppCommand                      0x080066c3   Thumb Code    58  stm32f1xx_ll_sdmmc.o(i.SDMMC_CmdAppCommand)
    SDMMC_CmdAppOperCommand                  0x080066fd   Thumb Code    56  stm32f1xx_ll_sdmmc.o(i.SDMMC_CmdAppOperCommand)
    SDMMC_CmdBlockLength                     0x08006739   Thumb Code    58  stm32f1xx_ll_sdmmc.o(i.SDMMC_CmdBlockLength)
    SDMMC_CmdBusWidth                        0x08006773   Thumb Code    58  stm32f1xx_ll_sdmmc.o(i.SDMMC_CmdBusWidth)
    SDMMC_CmdGoIdleState                     0x080067ad   Thumb Code    46  stm32f1xx_ll_sdmmc.o(i.SDMMC_CmdGoIdleState)
    SDMMC_CmdOperCond                        0x080067db   Thumb Code    54  stm32f1xx_ll_sdmmc.o(i.SDMMC_CmdOperCond)
    SDMMC_CmdReadMultiBlock                  0x08006811   Thumb Code    58  stm32f1xx_ll_sdmmc.o(i.SDMMC_CmdReadMultiBlock)
    SDMMC_CmdReadSingleBlock                 0x0800684b   Thumb Code    58  stm32f1xx_ll_sdmmc.o(i.SDMMC_CmdReadSingleBlock)
    SDMMC_CmdSelDesel                        0x08006885   Thumb Code    60  stm32f1xx_ll_sdmmc.o(i.SDMMC_CmdSelDesel)
    SDMMC_CmdSendCID                         0x080068c1   Thumb Code    52  stm32f1xx_ll_sdmmc.o(i.SDMMC_CmdSendCID)
    SDMMC_CmdSendCSD                         0x080068f5   Thumb Code    52  stm32f1xx_ll_sdmmc.o(i.SDMMC_CmdSendCSD)
    SDMMC_CmdSendSCR                         0x08006929   Thumb Code    58  stm32f1xx_ll_sdmmc.o(i.SDMMC_CmdSendSCR)
    SDMMC_CmdSendStatus                      0x08006963   Thumb Code    58  stm32f1xx_ll_sdmmc.o(i.SDMMC_CmdSendStatus)
    SDMMC_CmdSetRelAdd                       0x0800699d   Thumb Code    58  stm32f1xx_ll_sdmmc.o(i.SDMMC_CmdSetRelAdd)
    SDMMC_CmdStopTransfer                    0x080069d9   Thumb Code    56  stm32f1xx_ll_sdmmc.o(i.SDMMC_CmdStopTransfer)
    SDMMC_CmdWriteMultiBlock                 0x08006a15   Thumb Code    58  stm32f1xx_ll_sdmmc.o(i.SDMMC_CmdWriteMultiBlock)
    SDMMC_CmdWriteSingleBlock                0x08006a4f   Thumb Code    58  stm32f1xx_ll_sdmmc.o(i.SDMMC_CmdWriteSingleBlock)
    SD_initialize                            0x0800723d   Thumb Code    34  sd_diskio.o(i.SD_initialize)
    SD_ioctl                                 0x08007265   Thumb Code   100  sd_diskio.o(i.SD_ioctl)
    SD_read                                  0x080072cd   Thumb Code    64  sd_diskio.o(i.SD_read)
    SD_status                                0x08007315   Thumb Code    34  sd_diskio.o(i.SD_status)
    SD_write                                 0x0800733d   Thumb Code    64  sd_diskio.o(i.SD_write)
    SVC_Handler                              0x08007385   Thumb Code     2  stm32f1xx_it.o(i.SVC_Handler)
    SerialBufferSend                         0x08007389   Thumb Code    52  serialcommand.o(i.SerialBufferSend)
    SerialParse                              0x080073c5   Thumb Code   164  serialcommand.o(i.SerialParse)
    SerialSendHandlar                        0x08007475   Thumb Code    22  serialcommand.o(i.SerialSendHandlar)
    SysTick_Handler                          0x08007495   Thumb Code    18  stm32f1xx_it.o(i.SysTick_Handler)
    SystemClock_Config                       0x080074ad   Thumb Code   144  main.o(i.SystemClock_Config)
    SystemInit                               0x0800753d   Thumb Code    70  system_stm32f1xx.o(i.SystemInit)
    TIM6_IRQHandler                          0x08007595   Thumb Code    14  stm32f1xx_it.o(i.TIM6_IRQHandler)
    TIM6_SetFrq                              0x080075a9   Thumb Code    52  main.o(i.TIM6_SetFrq)
    TIM7_IRQHandler                          0x080075e9   Thumb Code    22  stm32f1xx_it.o(i.TIM7_IRQHandler)
    TIM_Base_SetConfig                       0x08007609   Thumb Code   132  stm32f1xx_hal_tim.o(i.TIM_Base_SetConfig)
    USBD_CDC_GetDeviceQualifierDescriptor    0x08007761   Thumb Code    10  usbd_cdc.o(i.USBD_CDC_GetDeviceQualifierDescriptor)
    USBD_CDC_ReceivePacket                   0x08007847   Thumb Code    58  usbd_cdc.o(i.USBD_CDC_ReceivePacket)
    USBD_CDC_RegisterInterface               0x08007881   Thumb Code    14  usbd_cdc.o(i.USBD_CDC_RegisterInterface)
    USBD_CDC_SetRxBuffer                     0x0800788f   Thumb Code    14  usbd_cdc.o(i.USBD_CDC_SetRxBuffer)
    USBD_CDC_SetTxBuffer                     0x0800789d   Thumb Code    20  usbd_cdc.o(i.USBD_CDC_SetTxBuffer)
    USBD_CDC_TransmitPacket                  0x08007941   Thumb Code    56  usbd_cdc.o(i.USBD_CDC_TransmitPacket)
    USBD_ClrClassConfig                      0x08007979   Thumb Code    22  usbd_core.o(i.USBD_ClrClassConfig)
    USBD_CtlContinueRx                       0x080079d3   Thumb Code    24  usbd_ioreq.o(i.USBD_CtlContinueRx)
    USBD_CtlContinueSendData                 0x080079eb   Thumb Code    24  usbd_ioreq.o(i.USBD_CtlContinueSendData)
    USBD_CtlError                            0x08007a03   Thumb Code    24  usbd_ctlreq.o(i.USBD_CtlError)
    USBD_CtlPrepareRx                        0x08007a1b   Thumb Code    40  usbd_ioreq.o(i.USBD_CtlPrepareRx)
    USBD_CtlReceiveStatus                    0x08007a43   Thumb Code    26  usbd_ioreq.o(i.USBD_CtlReceiveStatus)
    USBD_CtlSendData                         0x08007a5d   Thumb Code    34  usbd_ioreq.o(i.USBD_CtlSendData)
    USBD_CtlSendStatus                       0x08007a7f   Thumb Code    26  usbd_ioreq.o(i.USBD_CtlSendStatus)
    USBD_FS_ConfigStrDescriptor              0x08007a99   Thumb Code    34  usbd_desc.o(i.USBD_FS_ConfigStrDescriptor)
    USBD_FS_DeviceDescriptor                 0x08007acd   Thumb Code    10  usbd_desc.o(i.USBD_FS_DeviceDescriptor)
    USBD_FS_InterfaceStrDescriptor           0x08007add   Thumb Code    34  usbd_desc.o(i.USBD_FS_InterfaceStrDescriptor)
    USBD_FS_LangIDStrDescriptor              0x08007b15   Thumb Code    10  usbd_desc.o(i.USBD_FS_LangIDStrDescriptor)
    USBD_FS_ManufacturerStrDescriptor        0x08007b25   Thumb Code    20  usbd_desc.o(i.USBD_FS_ManufacturerStrDescriptor)
    USBD_FS_ProductStrDescriptor             0x08007b45   Thumb Code    34  usbd_desc.o(i.USBD_FS_ProductStrDescriptor)
    USBD_FS_SerialStrDescriptor              0x08007b79   Thumb Code    18  usbd_desc.o(i.USBD_FS_SerialStrDescriptor)
    USBD_GetString                           0x08007d81   Thumb Code    82  usbd_ctlreq.o(i.USBD_GetString)
    USBD_Init                                0x08007dff   Thumb Code    50  usbd_core.o(i.USBD_Init)
    USBD_LL_ClearStallEP                     0x08007e31   Thumb Code    38  usbd_conf.o(i.USBD_LL_ClearStallEP)
    USBD_LL_CloseEP                          0x08007e57   Thumb Code    38  usbd_conf.o(i.USBD_LL_CloseEP)
    USBD_LL_DataInStage                      0x08007e7d   Thumb Code   218  usbd_core.o(i.USBD_LL_DataInStage)
    USBD_LL_DataOutStage                     0x08007f57   Thumb Code   134  usbd_core.o(i.USBD_LL_DataOutStage)
    USBD_LL_GetRxDataSize                    0x08007fdd   Thumb Code    18  usbd_conf.o(i.USBD_LL_GetRxDataSize)
    USBD_LL_Init                             0x08007ff1   Thumb Code   124  usbd_conf.o(i.USBD_LL_Init)
    USBD_LL_IsStallEP                        0x08008075   Thumb Code    48  usbd_conf.o(i.USBD_LL_IsStallEP)
    USBD_LL_OpenEP                           0x080080a5   Thumb Code    48  usbd_conf.o(i.USBD_LL_OpenEP)
    USBD_LL_PrepareReceive                   0x080080d5   Thumb Code    48  usbd_conf.o(i.USBD_LL_PrepareReceive)
    USBD_LL_Reset                            0x08008105   Thumb Code    68  usbd_core.o(i.USBD_LL_Reset)
    USBD_LL_Resume                           0x08008149   Thumb Code    14  usbd_core.o(i.USBD_LL_Resume)
    USBD_LL_SOF                              0x08008157   Thumb Code    34  usbd_core.o(i.USBD_LL_SOF)
    USBD_LL_SetSpeed                         0x08008179   Thumb Code     8  usbd_core.o(i.USBD_LL_SetSpeed)
    USBD_LL_SetUSBAddress                    0x08008181   Thumb Code    38  usbd_conf.o(i.USBD_LL_SetUSBAddress)
    USBD_LL_SetupStage                       0x080081a7   Thumb Code   110  usbd_core.o(i.USBD_LL_SetupStage)
    USBD_LL_StallEP                          0x08008215   Thumb Code    38  usbd_conf.o(i.USBD_LL_StallEP)
    USBD_LL_Start                            0x0800823b   Thumb Code    30  usbd_conf.o(i.USBD_LL_Start)
    USBD_LL_Suspend                          0x08008259   Thumb Code    20  usbd_core.o(i.USBD_LL_Suspend)
    USBD_LL_Transmit                         0x0800826d   Thumb Code    48  usbd_conf.o(i.USBD_LL_Transmit)
    USBD_ParseSetupRequest                   0x0800829d   Thumb Code    40  usbd_ctlreq.o(i.USBD_ParseSetupRequest)
    USBD_RegisterClass                       0x080082c5   Thumb Code    16  usbd_core.o(i.USBD_RegisterClass)
    USBD_RunTestMode                         0x080082d5   Thumb Code     6  usbd_core.o(i.USBD_RunTestMode)
    USBD_SetClassConfig                      0x0800832f   Thumb Code    34  usbd_core.o(i.USBD_SetClassConfig)
    USBD_Start                               0x08008455   Thumb Code    14  usbd_core.o(i.USBD_Start)
    USBD_StdDevReq                           0x08008463   Thumb Code   114  usbd_ctlreq.o(i.USBD_StdDevReq)
    USBD_StdEPReq                            0x080084d5   Thumb Code   342  usbd_ctlreq.o(i.USBD_StdEPReq)
    USBD_StdItfReq                           0x0800862b   Thumb Code    74  usbd_ctlreq.o(i.USBD_StdItfReq)
    USBD_static_free                         0x08008675   Thumb Code     2  usbd_conf.o(i.USBD_static_free)
    USBD_static_malloc                       0x08008679   Thumb Code     6  usbd_conf.o(i.USBD_static_malloc)
    USB_ActivateEndpoint                     0x08008685   Thumb Code   938  stm32f1xx_ll_usb.o(i.USB_ActivateEndpoint)
    USB_CoreInit                             0x08008a2f   Thumb Code     8  stm32f1xx_ll_usb.o(i.USB_CoreInit)
    USB_DeactivateEndpoint                   0x08008a37   Thumb Code   532  stm32f1xx_ll_usb.o(i.USB_DeactivateEndpoint)
    USB_DevConnect                           0x08008c4b   Thumb Code     6  stm32f1xx_ll_usb.o(i.USB_DevConnect)
    USB_DevDisconnect                        0x08008c51   Thumb Code     6  stm32f1xx_ll_usb.o(i.USB_DevDisconnect)
    USB_DevInit                              0x08008c57   Thumb Code    30  stm32f1xx_ll_usb.o(i.USB_DevInit)
    USB_DisableGlobalInt                     0x08008c75   Thumb Code    22  stm32f1xx_ll_usb.o(i.USB_DisableGlobalInt)
    USB_EP0_OutStart                         0x08008c8b   Thumb Code     6  stm32f1xx_ll_usb.o(i.USB_EP0_OutStart)
    USB_EPClearStall                         0x08008c91   Thumb Code   180  stm32f1xx_ll_usb.o(i.USB_EPClearStall)
    USB_EPSetStall                           0x08008d45   Thumb Code   134  stm32f1xx_ll_usb.o(i.USB_EPSetStall)
    USB_EPStartXfer                          0x08008dcb   Thumb Code   818  stm32f1xx_ll_usb.o(i.USB_EPStartXfer)
    USB_EnableGlobalInt                      0x080090fd   Thumb Code    22  stm32f1xx_ll_usb.o(i.USB_EnableGlobalInt)
    USB_LP_CAN1_RX0_IRQHandler               0x08009115   Thumb Code    10  stm32f1xx_it.o(i.USB_LP_CAN1_RX0_IRQHandler)
    USB_ReadInterrupts                       0x08009125   Thumb Code    10  stm32f1xx_ll_usb.o(i.USB_ReadInterrupts)
    USB_ReadPMA                              0x0800912f   Thumb Code    40  stm32f1xx_ll_usb.o(i.USB_ReadPMA)
    USB_SetCurrentMode                       0x08009157   Thumb Code     6  stm32f1xx_ll_usb.o(i.USB_SetCurrentMode)
    USB_SetDevAddress                        0x0800915d   Thumb Code    14  stm32f1xx_ll_usb.o(i.USB_SetDevAddress)
    USB_WritePMA                             0x0800916b   Thumb Code    66  stm32f1xx_ll_usb.o(i.USB_WritePMA)
    UsageFault_Handler                       0x080091ad   Thumb Code     4  stm32f1xx_it.o(i.UsageFault_Handler)
    WakeUP                                   0x080091b1   Thumb Code    22  bs.o(i.WakeUP)
    __aeabi_errno_addr                       0x080091d1   Thumb Code     4  errno.o(i.__aeabi_errno_addr)
    __rt_errno_addr                          0x080091d1   Thumb Code     0  errno.o(i.__aeabi_errno_addr)
    __scatterload_copy                       0x080091d9   Thumb Code    14  handlers.o(i.__scatterload_copy)
    __scatterload_null                       0x080091e7   Thumb Code     2  handlers.o(i.__scatterload_null)
    __scatterload_zeroinit                   0x080091e9   Thumb Code    14  handlers.o(i.__scatterload_zeroinit)
    clust2sect                               0x080093bd   Thumb Code    38  ff.o(i.clust2sect)
    disk_initialize                          0x08009ae5   Thumb Code    40  diskio.o(i.disk_initialize)
    disk_ioctl                               0x08009b11   Thumb Code    36  diskio.o(i.disk_ioctl)
    disk_read                                0x08009b39   Thumb Code    42  diskio.o(i.disk_read)
    disk_status                              0x08009b69   Thumb Code    24  diskio.o(i.disk_status)
    disk_write                               0x08009b85   Thumb Code    42  diskio.o(i.disk_write)
    f_close                                  0x08009bdd   Thumb Code    50  ff.o(i.f_close)
    f_mount                                  0x08009c11   Thumb Code   100  ff.o(i.f_mount)
    f_open                                   0x08009c79   Thumb Code   546  ff.o(i.f_open)
    f_sync                                   0x08009e9b   Thumb Code   250  ff.o(i.f_sync)
    f_write                                  0x08009f95   Thumb Code   850  ff.o(i.f_write)
    free                                     0x0800a819   Thumb Code    76  malloc.o(i.free)
    get_fat                                  0x0800a869   Thumb Code   356  ff.o(i.get_fat)
    get_fattime                              0x0800a9cd   Thumb Code     4  fatfs.o(i.get_fattime)
    itoa                                     0x0800ab0d   Thumb Code    76  serialcommand.o(i.itoa)
    main                                     0x0800ab7d   Thumb Code   286  main.o(i.main)
    malloc                                   0x0800acf1   Thumb Code    92  malloc.o(i.malloc)
    put_fat                                  0x0800adef   Thumb Code   446  ff.o(i.put_fat)
    reverse                                  0x0800b035   Thumb Code    38  serialcommand.o(i.reverse)
    AHBPrescTable                            0x0800b260   Data          16  system_stm32f1xx.o(.constdata)
    APBPrescTable                            0x0800b270   Data           8  system_stm32f1xx.o(.constdata)
    SD_Driver                                0x0800b324   Data          20  sd_diskio.o(.constdata)
    __ctype_table                            0x0800b338   Data         129  ctype_o.o(.constdata)
    Region$$Table$$Base                      0x0800b3d8   Number         0  anon$$obj.o(Region$$Table)
    Region$$Table$$Limit                     0x0800b3f8   Number         0  anon$$obj.o(Region$$Table)
    serial_tx_buf_pos                        0x20000000   Data           2  serialcommand.o(.data)
    serial_rx_buf_pos                        0x20000002   Data           2  serialcommand.o(.data)
    msg_pos                                  0x20000004   Data           1  serialcommand.o(.data)
    saveptr                                  0x20000008   Data           4  serialcommand.o(.data)
    Console                                  0x2000000c   Data           8  main.o(.data)
    mpu1_result                              0x20000014   Data           1  main.o(.data)
    debug_settings                           0x20000018   Data           4  main.o(.data)
    millis_counter                           0x2000001c   Data           4  main.o(.data)
    testBuffer                               0x20000020   Data          16  main.o(.data)
    testBytes                                0x20000030   Data           4  main.o(.data)
    res                                      0x20000034   Data           1  main.o(.data)
    ADC_Data                                 0x20000036   Data           4  main.o(.data)
    adc_1                                    0x2000003a   Data           4  main.o(.data)
    i                                        0x2000003e   Data           1  main.o(.data)
    retSD                                    0x2000003f   Data           1  fatfs.o(.data)
    SDPath                                   0x20000040   Data           4  fatfs.o(.data)
    FS_Desc                                  0x20000044   Data          28  usbd_desc.o(.data)
    USBD_FS_DeviceDesc                       0x20000060   Data          18  usbd_desc.o(.data)
    USBD_LangIDDesc                          0x20000074   Data           4  usbd_desc.o(.data)
    USBD_StringSerial                        0x20000078   Data          26  usbd_desc.o(.data)
    USBD_Interface_fops_FS                   0x20000094   Data          16  usbd_cdc_if.o(.data)
    uwTick                                   0x200000a4   Data           4  stm32f1xx_hal.o(.data)
    uwTickPrio                               0x200000a8   Data           4  stm32f1xx_hal.o(.data)
    uwTickFreq                               0x200000ac   Data           1  stm32f1xx_hal.o(.data)
    SystemCoreClock                          0x200000b0   Data           4  system_stm32f1xx.o(.data)
    USBD_CDC                                 0x200000c4   Data          56  usbd_cdc.o(.data)
    USBD_CDC_CfgHSDesc                       0x200000fc   Data          67  usbd_cdc.o(.data)
    USBD_CDC_CfgFSDesc                       0x20000140   Data          67  usbd_cdc.o(.data)
    USBD_CDC_OtherSpeedCfgDesc               0x20000184   Data          67  usbd_cdc.o(.data)
    __microlib_freelist                      0x200001d4   Data           4  mvars.o(.data)
    __microlib_freelist_initialised          0x200001d8   Data           4  mvars.o(.data)
    serial_str_tx                            0x200001e0   Data         128  serialcommand.o(.bss)
    serial_str_rx                            0x20000260   Data         128  serialcommand.o(.bss)
    trm_cmd_buf                              0x200002e0   Data         128  serialcommand.o(.bss)
    trm_cmd_ptr                              0x20000360   Data          16  serialcommand.o(.bss)
    hadc1                                    0x20000370   Data          48  main.o(.bss)
    hdma_adc1                                0x200003a0   Data          68  main.o(.bss)
    hi2c1                                    0x200003e4   Data          84  main.o(.bss)
    hrtc                                     0x20000438   Data          20  main.o(.bss)
    hsd                                      0x2000044c   Data         132  main.o(.bss)
    htim6                                    0x200004d0   Data          64  main.o(.bss)
    htim7                                    0x20000510   Data          64  main.o(.bss)
    mpu1                                     0x20000550   Data          28  main.o(.bss)
    fileSystem                               0x2000056c   Data        4144  main.o(.bss)
    testFile                                 0x2000159c   Data        4140  main.o(.bss)
    str_tx                                   0x200025c8   Data          32  main.o(.bss)
    str_rx                                   0x200025e8   Data          32  main.o(.bss)
    hUsbDeviceFS                             0x20002608   Data         548  usb_device.o(.bss)
    hpcd_USB_FS                              0x2000282c   Data        1120  usbd_conf.o(.bss)
    USBD_StrDesc                             0x20002eac   Data         512  usbd_desc.o(.bss)
    UserRxBufferFS                           0x200030ac   Data        2048  usbd_cdc_if.o(.bss)
    UserTxBufferFS                           0x200038ac   Data        2048  usbd_cdc_if.o(.bss)
    disk                                     0x200040c4   Data          12  ff_gen_drv.o(.bss)
    __heap_base                              0x200040d0   Data           0  startup_stm32f103xe.o(HEAP)
    __heap_limit                             0x200042d0   Data           0  startup_stm32f103xe.o(HEAP)
    __initial_sp                             0x200046d0   Data           0  startup_stm32f103xe.o(STACK)



==============================================================================

Memory Map of the image

  Image Entry point : 0x08000131

  Load Region LR_IROM1 (Base: 0x08000000, Size: 0x0000b5d8, Max: 0x00040000, ABSOLUTE, COMPRESSED[0x0000b4d8])

    Execution Region ER_IROM1 (Exec base: 0x08000000, Load base: 0x08000000, Size: 0x0000b3f8, Max: 0x00040000, ABSOLUTE)

    Exec Addr    Load Addr    Size         Type   Attr      Idx    E Section Name        Object

    0x08000000   0x08000000   0x00000130   Data   RO            3    RESET               startup_stm32f103xe.o
    0x08000130   0x08000130   0x00000000   Code   RO         6089  * .ARM.Collect$$$$00000000  mc_w.l(entry.o)
    0x08000130   0x08000130   0x00000004   Code   RO         6148    .ARM.Collect$$$$00000001  mc_w.l(entry2.o)
    0x08000134   0x08000134   0x00000004   Code   RO         6151    .ARM.Collect$$$$00000004  mc_w.l(entry5.o)
    0x08000138   0x08000138   0x00000000   Code   RO         6153    .ARM.Collect$$$$00000008  mc_w.l(entry7b.o)
    0x08000138   0x08000138   0x00000000   Code   RO         6155    .ARM.Collect$$$$0000000A  mc_w.l(entry8b.o)
    0x08000138   0x08000138   0x00000008   Code   RO         6156    .ARM.Collect$$$$0000000B  mc_w.l(entry9a.o)
    0x08000140   0x08000140   0x00000000   Code   RO         6158    .ARM.Collect$$$$0000000D  mc_w.l(entry10a.o)
    0x08000140   0x08000140   0x00000000   Code   RO         6160    .ARM.Collect$$$$0000000F  mc_w.l(entry11a.o)
    0x08000140   0x08000140   0x00000004   Code   RO         6149    .ARM.Collect$$$$00002712  mc_w.l(entry2.o)
    0x08000144   0x08000144   0x00000024   Code   RO            4    .text               startup_stm32f103xe.o
    0x08000168   0x08000168   0x00000024   Code   RO         6094    .text               mc_w.l(memcpya.o)
    0x0800018c   0x0800018c   0x00000024   Code   RO         6096    .text               mc_w.l(memseta.o)
    0x080001b0   0x080001b0   0x0000000e   Code   RO         6098    .text               mc_w.l(strlen.o)
    0x080001be   0x080001be   0x0000001c   Code   RO         6100    .text               mc_w.l(strcmp.o)
    0x080001da   0x080001da   0x0000001e   Code   RO         6102    .text               mc_w.l(strncmp.o)
    0x080001f8   0x080001f8   0x00000044   Code   RO         6104    .text               mc_w.l(strtok.o)
    0x0800023c   0x0800023c   0x0000001a   Code   RO         6140    .text               mc_w.l(atoi.o)
    0x08000256   0x08000256   0x000000b0   Code   RO         6142    .text               mf_w.l(fadd.o)
    0x08000306   0x08000306   0x0000007c   Code   RO         6144    .text               mf_w.l(fdiv.o)
    0x08000382   0x08000382   0x00000012   Code   RO         6146    .text               mf_w.l(fflti.o)
    0x08000394   0x08000394   0x00000070   Code   RO         6171    .text               mc_w.l(strtol.o)
    0x08000404   0x08000404   0x00000000   Code   RO         6173    .text               mc_w.l(iusefp.o)
    0x08000404   0x08000404   0x0000006e   Code   RO         6174    .text               mf_w.l(fepilogue.o)
    0x08000472   0x08000472   0x00000002   PAD
    0x08000474   0x08000474   0x00000024   Code   RO         6176    .text               mc_w.l(init.o)
    0x08000498   0x08000498   0x00000008   Code   RO         6178    .text               mc_w.l(ctype_o.o)
    0x080004a0   0x080004a0   0x0000009e   Code   RO         6206    .text               mc_w.l(_strtoul.o)
    0x0800053e   0x0800053e   0x0000001c   Code   RO         6208    .text               mc_w.l(_chval.o)
    0x0800055a   0x0800055a   0x00000056   Code   RO         6218    .text               mc_w.l(__dczerorl2.o)
    0x080005b0   0x080005b0   0x00000052   Code   RO         1781    i.ADC_ConversionStop_Disable  stm32f1xx_hal_adc.o
    0x08000602   0x08000602   0x00000052   Code   RO         1782    i.ADC_DMAConvCplt   stm32f1xx_hal_adc.o
    0x08000654   0x08000654   0x0000001e   Code   RO         1783    i.ADC_DMAError      stm32f1xx_hal_adc.o
    0x08000672   0x08000672   0x0000000e   Code   RO         1784    i.ADC_DMAHalfConvCplt  stm32f1xx_hal_adc.o
    0x08000680   0x08000680   0x00000084   Code   RO         1785    i.ADC_Enable        stm32f1xx_hal_adc.o
    0x08000704   0x08000704   0x00000014   Code   RO          551    i.BSP_SD_GetCardInfo  bsp_driver_sd.o
    0x08000718   0x08000718   0x00000018   Code   RO          552    i.BSP_SD_GetCardState  bsp_driver_sd.o
    0x08000730   0x08000730   0x00000030   Code   RO          555    i.BSP_SD_Init       bsp_driver_sd.o
    0x08000760   0x08000760   0x0000000c   Code   RO          556    i.BSP_SD_IsDetected  bsp_driver_sd.o
    0x0800076c   0x0800076c   0x00000030   Code   RO          557    i.BSP_SD_ReadBlocks  bsp_driver_sd.o
    0x0800079c   0x0800079c   0x00000030   Code   RO          560    i.BSP_SD_WriteBlocks  bsp_driver_sd.o
    0x080007cc   0x080007cc   0x00000004   Code   RO         1099    i.BusFault_Handler  stm32f1xx_it.o
    0x080007d0   0x080007d0   0x00000044   Code   RO         1047    i.CDC_Control_FS    usbd_cdc_if.o
    0x08000814   0x08000814   0x00000004   Code   RO         1048    i.CDC_DeInit_FS     usbd_cdc_if.o
    0x08000818   0x08000818   0x00000024   Code   RO         1049    i.CDC_Init_FS       usbd_cdc_if.o
    0x0800083c   0x0800083c   0x00000024   Code   RO         1050    i.CDC_Receive_FS    usbd_cdc_if.o
    0x08000860   0x08000860   0x00000038   Code   RO         1051    i.CDC_Transmit_FS   usbd_cdc_if.o
    0x08000898   0x08000898   0x0000000a   Code   RO           13    i.ConsoleInit       serialcommand.o
    0x080008a2   0x080008a2   0x00000002   PAD
    0x080008a4   0x080008a4   0x00000010   Code   RO         1100    i.DMA1_Channel1_IRQHandler  stm32f1xx_it.o
    0x080008b4   0x080008b4   0x0000002c   Code   RO         4543    i.DMA_SetConfig     stm32f1xx_hal_dma.o
    0x080008e0   0x080008e0   0x00000002   Code   RO         1101    i.DebugMon_Handler  stm32f1xx_it.o
    0x080008e2   0x080008e2   0x00000002   PAD
    0x080008e4   0x080008e4   0x000000d0   Code   RO          376    i.DoCmd1            main.o
    0x080009b4   0x080009b4   0x00000018   Code   RO          377    i.DoCmd2            main.o
    0x080009cc   0x080009cc   0x00000068   Code   RO          378    i.DoCmd3            main.o
    0x08000a34   0x08000a34   0x0000000a   Code   RO         1102    i.EXTI9_5_IRQHandler  stm32f1xx_it.o
    0x08000a3e   0x08000a3e   0x00000002   Code   RO          379    i.Error_Handler     main.o
    0x08000a40   0x08000a40   0x00000012   Code   RO         5952    i.FATFS_LinkDriver  ff_gen_drv.o
    0x08000a52   0x08000a52   0x00000002   PAD
    0x08000a54   0x08000a54   0x00000054   Code   RO         5953    i.FATFS_LinkDriverEx  ff_gen_drv.o
    0x08000aa8   0x08000aa8   0x00000034   Code   RO          970    i.Get_SerialNum     usbd_desc.o
    0x08000adc   0x08000adc   0x00000104   Code   RO         1961    i.HAL_ADCEx_Calibration_Start  stm32f1xx_hal_adc_ex.o
    0x08000be0   0x08000be0   0x00000160   Code   RO         1787    i.HAL_ADC_ConfigChannel  stm32f1xx_hal_adc.o
    0x08000d40   0x08000d40   0x00000002   Code   RO          380    i.HAL_ADC_ConvCpltCallback  main.o
    0x08000d42   0x08000d42   0x00000002   Code   RO         1789    i.HAL_ADC_ConvHalfCpltCallback  stm32f1xx_hal_adc.o
    0x08000d44   0x08000d44   0x00000002   Code   RO         1791    i.HAL_ADC_ErrorCallback  stm32f1xx_hal_adc.o
    0x08000d46   0x08000d46   0x00000002   PAD
    0x08000d48   0x08000d48   0x00000160   Code   RO         1796    i.HAL_ADC_Init      stm32f1xx_hal_adc.o
    0x08000ea8   0x08000ea8   0x000000ac   Code   RO         1224    i.HAL_ADC_MspInit   stm32f1xx_hal_msp.o
    0x08000f54   0x08000f54   0x00000180   Code   RO         1803    i.HAL_ADC_Start_DMA  stm32f1xx_hal_adc.o
    0x080010d4   0x080010d4   0x000001a8   Code   RO         4545    i.HAL_DMA_Abort_IT  stm32f1xx_hal_dma.o
    0x0800127c   0x0800127c   0x00000398   Code   RO         4549    i.HAL_DMA_IRQHandler  stm32f1xx_hal_dma.o
    0x08001614   0x08001614   0x0000008c   Code   RO         4550    i.HAL_DMA_Init      stm32f1xx_hal_dma.o
    0x080016a0   0x080016a0   0x0000009c   Code   RO         4554    i.HAL_DMA_Start_IT  stm32f1xx_hal_dma.o
    0x0800173c   0x0800173c   0x00000028   Code   RO         4179    i.HAL_Delay         stm32f1xx_hal.o
    0x08001764   0x08001764   0x00000008   Code   RO          381    i.HAL_GPIO_EXTI_Callback  main.o
    0x0800176c   0x0800176c   0x0000001c   Code   RO         4479    i.HAL_GPIO_EXTI_IRQHandler  stm32f1xx_hal_gpio.o
    0x08001788   0x08001788   0x00000340   Code   RO         4480    i.HAL_GPIO_Init     stm32f1xx_hal_gpio.o
    0x08001ac8   0x08001ac8   0x00000008   Code   RO         4483    i.HAL_GPIO_TogglePin  stm32f1xx_hal_gpio.o
    0x08001ad0   0x08001ad0   0x0000000c   Code   RO         4484    i.HAL_GPIO_WritePin  stm32f1xx_hal_gpio.o
    0x08001adc   0x08001adc   0x0000000c   Code   RO         4183    i.HAL_GetTick       stm32f1xx_hal.o
    0x08001ae8   0x08001ae8   0x00000002   Code   RO         2057    i.HAL_I2C_AbortCpltCallback  stm32f1xx_hal_i2c.o
    0x08001aea   0x08001aea   0x00000002   Code   RO         2058    i.HAL_I2C_AddrCallback  stm32f1xx_hal_i2c.o
    0x08001aec   0x08001aec   0x000000f0   Code   RO         2061    i.HAL_I2C_ER_IRQHandler  stm32f1xx_hal_i2c.o
    0x08001bdc   0x08001bdc   0x00000178   Code   RO         2062    i.HAL_I2C_EV_IRQHandler  stm32f1xx_hal_i2c.o
    0x08001d54   0x08001d54   0x00000002   Code   RO         2064    i.HAL_I2C_ErrorCallback  stm32f1xx_hal_i2c.o
    0x08001d56   0x08001d56   0x00000002   PAD
    0x08001d58   0x08001d58   0x0000017c   Code   RO         2068    i.HAL_I2C_Init      stm32f1xx_hal_i2c.o
    0x08001ed4   0x08001ed4   0x000001b4   Code   RO         2069    i.HAL_I2C_IsDeviceReady  stm32f1xx_hal_i2c.o
    0x08002088   0x08002088   0x00000002   Code   RO         2070    i.HAL_I2C_ListenCpltCallback  stm32f1xx_hal_i2c.o
    0x0800208a   0x0800208a   0x00000002   Code   RO         2071    i.HAL_I2C_MasterRxCpltCallback  stm32f1xx_hal_i2c.o
    0x0800208c   0x0800208c   0x00000002   Code   RO         2072    i.HAL_I2C_MasterTxCpltCallback  stm32f1xx_hal_i2c.o
    0x0800208e   0x0800208e   0x00000002   PAD
    0x08002090   0x08002090   0x0000033c   Code   RO         2074    i.HAL_I2C_Master_Receive  stm32f1xx_hal_i2c.o
    0x080023cc   0x080023cc   0x00000194   Code   RO         2079    i.HAL_I2C_Master_Transmit  stm32f1xx_hal_i2c.o
    0x08002560   0x08002560   0x00000002   Code   RO         2082    i.HAL_I2C_MemRxCpltCallback  stm32f1xx_hal_i2c.o
    0x08002562   0x08002562   0x00000002   Code   RO         2083    i.HAL_I2C_MemTxCpltCallback  stm32f1xx_hal_i2c.o
    0x08002564   0x08002564   0x00000094   Code   RO         1226    i.HAL_I2C_MspInit   stm32f1xx_hal_msp.o
    0x080025f8   0x080025f8   0x00000002   Code   RO         2092    i.HAL_I2C_SlaveRxCpltCallback  stm32f1xx_hal_i2c.o
    0x080025fa   0x080025fa   0x00000002   Code   RO         2093    i.HAL_I2C_SlaveTxCpltCallback  stm32f1xx_hal_i2c.o
    0x080025fc   0x080025fc   0x00000018   Code   RO         4187    i.HAL_IncTick       stm32f1xx_hal.o
    0x08002614   0x08002614   0x00000028   Code   RO         4188    i.HAL_Init          stm32f1xx_hal.o
    0x0800263c   0x0800263c   0x0000004c   Code   RO         4189    i.HAL_InitTick      stm32f1xx_hal.o
    0x08002688   0x08002688   0x00000054   Code   RO         1227    i.HAL_MspInit       stm32f1xx_hal_msp.o
    0x080026dc   0x080026dc   0x0000001a   Code   RO         4640    i.HAL_NVIC_EnableIRQ  stm32f1xx_hal_cortex.o
    0x080026f6   0x080026f6   0x0000007c   Code   RO         4646    i.HAL_NVIC_SetPriority  stm32f1xx_hal_cortex.o
    0x08002772   0x08002772   0x00000002   PAD
    0x08002774   0x08002774   0x00000028   Code   RO         4647    i.HAL_NVIC_SetPriorityGrouping  stm32f1xx_hal_cortex.o
    0x0800279c   0x0800279c   0x0000003e   Code   RO         1559    i.HAL_PCDEx_PMAConfig  stm32f1xx_hal_pcd_ex.o
    0x080027da   0x080027da   0x00000002   Code   RO          758    i.HAL_PCDEx_SetConnectionState  usbd_conf.o
    0x080027dc   0x080027dc   0x0000001c   Code   RO          760    i.HAL_PCD_DataInStageCallback  usbd_conf.o
    0x080027f8   0x080027f8   0x0000001c   Code   RO          761    i.HAL_PCD_DataOutStageCallback  usbd_conf.o
    0x08002814   0x08002814   0x00000064   Code   RO         1353    i.HAL_PCD_EP_Close  stm32f1xx_hal_pcd.o
    0x08002878   0x08002878   0x00000062   Code   RO         1354    i.HAL_PCD_EP_ClrStall  stm32f1xx_hal_pcd.o
    0x080028da   0x080028da   0x00000014   Code   RO         1356    i.HAL_PCD_EP_GetRxCount  stm32f1xx_hal_pcd.o
    0x080028ee   0x080028ee   0x00000076   Code   RO         1357    i.HAL_PCD_EP_Open   stm32f1xx_hal_pcd.o
    0x08002964   0x08002964   0x0000004a   Code   RO         1358    i.HAL_PCD_EP_Receive  stm32f1xx_hal_pcd.o
    0x080029ae   0x080029ae   0x00000072   Code   RO         1359    i.HAL_PCD_EP_SetStall  stm32f1xx_hal_pcd.o
    0x08002a20   0x08002a20   0x0000004c   Code   RO         1360    i.HAL_PCD_EP_Transmit  stm32f1xx_hal_pcd.o
    0x08002a6c   0x08002a6c   0x00000168   Code   RO         1362    i.HAL_PCD_IRQHandler  stm32f1xx_hal_pcd.o
    0x08002bd4   0x08002bd4   0x0000011a   Code   RO         1365    i.HAL_PCD_Init      stm32f1xx_hal_pcd.o
    0x08002cee   0x08002cee   0x00000002   PAD
    0x08002cf0   0x08002cf0   0x00000044   Code   RO          766    i.HAL_PCD_MspInit   usbd_conf.o
    0x08002d34   0x08002d34   0x00000024   Code   RO          767    i.HAL_PCD_ResetCallback  usbd_conf.o
    0x08002d58   0x08002d58   0x0000000e   Code   RO          768    i.HAL_PCD_ResumeCallback  usbd_conf.o
    0x08002d66   0x08002d66   0x0000000e   Code   RO          769    i.HAL_PCD_SOFCallback  usbd_conf.o
    0x08002d74   0x08002d74   0x00000036   Code   RO         1371    i.HAL_PCD_SetAddress  stm32f1xx_hal_pcd.o
    0x08002daa   0x08002daa   0x00000012   Code   RO          770    i.HAL_PCD_SetupStageCallback  usbd_conf.o
    0x08002dbc   0x08002dbc   0x0000003c   Code   RO         1373    i.HAL_PCD_Start     stm32f1xx_hal_pcd.o
    0x08002df8   0x08002df8   0x00000024   Code   RO          771    i.HAL_PCD_SuspendCallback  usbd_conf.o
    0x08002e1c   0x08002e1c   0x0000000c   Code   RO         4767    i.HAL_PWR_EnableBkUpAccess  stm32f1xx_hal_pwr.o
    0x08002e28   0x08002e28   0x0000013c   Code   RO         4442    i.HAL_RCCEx_GetPeriphCLKFreq  stm32f1xx_hal_rcc_ex.o
    0x08002f64   0x08002f64   0x00000130   Code   RO         4443    i.HAL_RCCEx_PeriphCLKConfig  stm32f1xx_hal_rcc_ex.o
    0x08003094   0x08003094   0x000001d0   Code   RO         4335    i.HAL_RCC_ClockConfig  stm32f1xx_hal_rcc.o
    0x08003264   0x08003264   0x0000000c   Code   RO         4340    i.HAL_RCC_GetHCLKFreq  stm32f1xx_hal_rcc.o
    0x08003270   0x08003270   0x00000020   Code   RO         4342    i.HAL_RCC_GetPCLK1Freq  stm32f1xx_hal_rcc.o
    0x08003290   0x08003290   0x00000020   Code   RO         4343    i.HAL_RCC_GetPCLK2Freq  stm32f1xx_hal_rcc.o
    0x080032b0   0x080032b0   0x00000094   Code   RO         4344    i.HAL_RCC_GetSysClockFreq  stm32f1xx_hal_rcc.o
    0x08003344   0x08003344   0x00000440   Code   RO         4347    i.HAL_RCC_OscConfig  stm32f1xx_hal_rcc.o
    0x08003784   0x08003784   0x000000d0   Code   RO         2498    i.HAL_RTC_Init      stm32f1xx_hal_rtc.o
    0x08003854   0x08003854   0x00000040   Code   RO         1229    i.HAL_RTC_MspInit   stm32f1xx_hal_msp.o
    0x08003894   0x08003894   0x000000f8   Code   RO         2504    i.HAL_RTC_SetDate   stm32f1xx_hal_rtc.o
    0x0800398c   0x0800398c   0x000000dc   Code   RO         2505    i.HAL_RTC_SetTime   stm32f1xx_hal_rtc.o
    0x08003a68   0x08003a68   0x00000040   Code   RO         2506    i.HAL_RTC_WaitForSynchro  stm32f1xx_hal_rtc.o
    0x08003aa8   0x08003aa8   0x000000a8   Code   RO         3046    i.HAL_SD_ConfigWideBusOperation  stm32f1xx_hal_sd.o
    0x08003b50   0x08003b50   0x000001f0   Code   RO         3051    i.HAL_SD_GetCardCSD  stm32f1xx_hal_sd.o
    0x08003d40   0x08003d40   0x00000026   Code   RO         3052    i.HAL_SD_GetCardInfo  stm32f1xx_hal_sd.o
    0x08003d66   0x08003d66   0x00000028   Code   RO         3053    i.HAL_SD_GetCardState  stm32f1xx_hal_sd.o
    0x08003d8e   0x08003d8e   0x00000036   Code   RO         3058    i.HAL_SD_Init       stm32f1xx_hal_sd.o
    0x08003dc4   0x08003dc4   0x00000084   Code   RO         3059    i.HAL_SD_InitCard   stm32f1xx_hal_sd.o
    0x08003e48   0x08003e48   0x000000a8   Code   RO         1231    i.HAL_SD_MspInit    stm32f1xx_hal_msp.o
    0x08003ef0   0x08003ef0   0x0000024c   Code   RO         3062    i.HAL_SD_ReadBlocks  stm32f1xx_hal_sd.o
    0x0800413c   0x0800413c   0x00000204   Code   RO         3067    i.HAL_SD_WriteBlocks  stm32f1xx_hal_sd.o
    0x08004340   0x08004340   0x00000034   Code   RO         4651    i.HAL_SYSTICK_Config  stm32f1xx_hal_cortex.o
    0x08004374   0x08004374   0x00000002   Code   RO         3939    i.HAL_TIMEx_BreakCallback  stm32f1xx_hal_tim_ex.o
    0x08004376   0x08004376   0x00000002   Code   RO         3940    i.HAL_TIMEx_CommutationCallback  stm32f1xx_hal_tim_ex.o
    0x08004378   0x08004378   0x00000062   Code   RO         3956    i.HAL_TIMEx_MasterConfigSynchronization  stm32f1xx_hal_tim_ex.o
    0x080043da   0x080043da   0x00000034   Code   RO         3300    i.HAL_TIM_Base_Init  stm32f1xx_hal_tim.o
    0x0800440e   0x0800440e   0x00000002   PAD
    0x08004410   0x08004410   0x0000007c   Code   RO         1233    i.HAL_TIM_Base_MspInit  stm32f1xx_hal_msp.o
    0x0800448c   0x0800448c   0x0000001e   Code   RO         3303    i.HAL_TIM_Base_Start  stm32f1xx_hal_tim.o
    0x080044aa   0x080044aa   0x0000001e   Code   RO         3305    i.HAL_TIM_Base_Start_IT  stm32f1xx_hal_tim.o
    0x080044c8   0x080044c8   0x00000038   Code   RO         3306    i.HAL_TIM_Base_Stop  stm32f1xx_hal_tim.o
    0x08004500   0x08004500   0x00000038   Code   RO         3308    i.HAL_TIM_Base_Stop_IT  stm32f1xx_hal_tim.o
    0x08004538   0x08004538   0x00000002   Code   RO         3329    i.HAL_TIM_IC_CaptureCallback  stm32f1xx_hal_tim.o
    0x0800453a   0x0800453a   0x00000196   Code   RO         3342    i.HAL_TIM_IRQHandler  stm32f1xx_hal_tim.o
    0x080046d0   0x080046d0   0x00000002   Code   RO         3345    i.HAL_TIM_OC_DelayElapsedCallback  stm32f1xx_hal_tim.o
    0x080046d2   0x080046d2   0x00000002   Code   RO         3372    i.HAL_TIM_PWM_PulseFinishedCallback  stm32f1xx_hal_tim.o
    0x080046d4   0x080046d4   0x00000002   Code   RO         3379    i.HAL_TIM_PeriodElapsedCallback  stm32f1xx_hal_tim.o
    0x080046d6   0x080046d6   0x00000002   Code   RO         3383    i.HAL_TIM_TriggerCallback  stm32f1xx_hal_tim.o
    0x080046d8   0x080046d8   0x00000004   Code   RO         1103    i.HardFault_Handler  stm32f1xx_it.o
    0x080046dc   0x080046dc   0x00000010   Code   RO         1104    i.I2C1_ER_IRQHandler  stm32f1xx_it.o
    0x080046ec   0x080046ec   0x00000010   Code   RO         1105    i.I2C1_EV_IRQHandler  stm32f1xx_it.o
    0x080046fc   0x080046fc   0x00000068   Code   RO         2102    i.I2C_DMAAbort      stm32f1xx_hal_i2c.o
    0x08004764   0x08004764   0x00000170   Code   RO         2105    i.I2C_ITError       stm32f1xx_hal_i2c.o
    0x080048d4   0x080048d4   0x00000034   Code   RO         2106    i.I2C_IsAcknowledgeFailed  stm32f1xx_hal_i2c.o
    0x08004908   0x08004908   0x00000102   Code   RO         2107    i.I2C_MasterReceive_BTF  stm32f1xx_hal_i2c.o
    0x08004a0a   0x08004a0a   0x000000de   Code   RO         2108    i.I2C_MasterReceive_RXNE  stm32f1xx_hal_i2c.o
    0x08004ae8   0x08004ae8   0x00000130   Code   RO         2109    i.I2C_MasterRequestRead  stm32f1xx_hal_i2c.o
    0x08004c18   0x08004c18   0x000000c0   Code   RO         2110    i.I2C_MasterRequestWrite  stm32f1xx_hal_i2c.o
    0x08004cd8   0x08004cd8   0x000000a0   Code   RO         2111    i.I2C_MasterTransmit_BTF  stm32f1xx_hal_i2c.o
    0x08004d78   0x08004d78   0x0000014a   Code   RO         2112    i.I2C_MasterTransmit_TXE  stm32f1xx_hal_i2c.o
    0x08004ec2   0x08004ec2   0x0000000e   Code   RO         2113    i.I2C_Master_ADD10  stm32f1xx_hal_i2c.o
    0x08004ed0   0x08004ed0   0x00000246   Code   RO         2114    i.I2C_Master_ADDR   stm32f1xx_hal_i2c.o
    0x08005116   0x08005116   0x00000082   Code   RO         2115    i.I2C_Master_SB     stm32f1xx_hal_i2c.o
    0x08005198   0x08005198   0x0000001e   Code   RO         2118    i.I2C_SlaveReceive_BTF  stm32f1xx_hal_i2c.o
    0x080051b6   0x080051b6   0x00000048   Code   RO         2119    i.I2C_SlaveReceive_RXNE  stm32f1xx_hal_i2c.o
    0x080051fe   0x080051fe   0x0000001c   Code   RO         2120    i.I2C_SlaveTransmit_BTF  stm32f1xx_hal_i2c.o
    0x0800521a   0x0800521a   0x00000046   Code   RO         2121    i.I2C_SlaveTransmit_TXE  stm32f1xx_hal_i2c.o
    0x08005260   0x08005260   0x00000036   Code   RO         2122    i.I2C_Slave_ADDR    stm32f1xx_hal_i2c.o
    0x08005296   0x08005296   0x00000002   PAD
    0x08005298   0x08005298   0x000000a4   Code   RO         2123    i.I2C_Slave_AF      stm32f1xx_hal_i2c.o
    0x0800533c   0x0800533c   0x00000110   Code   RO         2124    i.I2C_Slave_STOPF   stm32f1xx_hal_i2c.o
    0x0800544c   0x0800544c   0x00000056   Code   RO         2125    i.I2C_WaitOnBTFFlagUntilTimeout  stm32f1xx_hal_i2c.o
    0x080054a2   0x080054a2   0x0000007c   Code   RO         2126    i.I2C_WaitOnFlagUntilTimeout  stm32f1xx_hal_i2c.o
    0x0800551e   0x0800551e   0x000000ac   Code   RO         2127    i.I2C_WaitOnMasterAddressFlagUntilTimeout  stm32f1xx_hal_i2c.o
    0x080055ca   0x080055ca   0x0000006e   Code   RO         2128    i.I2C_WaitOnRXNEFlagUntilTimeout  stm32f1xx_hal_i2c.o
    0x08005638   0x08005638   0x00000056   Code   RO         2130    i.I2C_WaitOnTXEFlagUntilTimeout  stm32f1xx_hal_i2c.o
    0x0800568e   0x0800568e   0x0000003e   Code   RO          971    i.IntToUnicode      usbd_desc.o
    0x080056cc   0x080056cc   0x000000ba   Code   RO          291    i.MPU60XX_Init      mpu.o
    0x08005786   0x08005786   0x00000002   PAD
    0x08005788   0x08005788   0x000000dc   Code   RO          293    i.MPU60XX_ReadAll   mpu.o
    0x08005864   0x08005864   0x000000a6   Code   RO          297    i.MPU60XX_SetAccelerometer  mpu.o
    0x0800590a   0x0800590a   0x00000038   Code   RO          298    i.MPU60XX_SetDataRate  mpu.o
    0x08005942   0x08005942   0x00000002   PAD
    0x08005944   0x08005944   0x000000b0   Code   RO          299    i.MPU60XX_SetGyroscope  mpu.o
    0x080059f4   0x080059f4   0x00000070   Code   RO          382    i.MX_ADC1_Init      main.o
    0x08005a64   0x08005a64   0x00000034   Code   RO          383    i.MX_DMA_Init       main.o
    0x08005a98   0x08005a98   0x0000001c   Code   RO          690    i.MX_FATFS_Init     fatfs.o
    0x08005ab4   0x08005ab4   0x000000f4   Code   RO          384    i.MX_GPIO_Init      main.o
    0x08005ba8   0x08005ba8   0x00000098   Code   RO          385    i.MX_I2C1_Init      main.o
    0x08005c40   0x08005c40   0x00000070   Code   RO          386    i.MX_RTC_Init       main.o
    0x08005cb0   0x08005cb0   0x00000024   Code   RO          387    i.MX_SDIO_SD_Init   main.o
    0x08005cd4   0x08005cd4   0x0000004c   Code   RO          388    i.MX_TIM6_Init      main.o
    0x08005d20   0x08005d20   0x0000004c   Code   RO          389    i.MX_TIM7_Init      main.o
    0x08005d6c   0x08005d6c   0x0000004c   Code   RO          727    i.MX_USB_DEVICE_Init  usb_device.o
    0x08005db8   0x08005db8   0x00000004   Code   RO         1106    i.MemManage_Handler  stm32f1xx_it.o
    0x08005dbc   0x08005dbc   0x00000002   Code   RO         1107    i.NMI_Handler       stm32f1xx_it.o
    0x08005dbe   0x08005dbe   0x00000002   PAD
    0x08005dc0   0x08005dc0   0x00000010   Code   RO         4653    i.NVIC_GetPriorityGrouping  stm32f1xx_hal_cortex.o
    0x08005dd0   0x08005dd0   0x00000028   Code   RO         4654    i.NVIC_SetPriority  stm32f1xx_hal_cortex.o
    0x08005df8   0x08005df8   0x00000444   Code   RO         1376    i.PCD_EP_ISR_Handler  stm32f1xx_hal_pcd.o
    0x0800623c   0x0800623c   0x0000009c   Code   RO           14    i.ParseCMD          serialcommand.o
    0x080062d8   0x080062d8   0x00000002   Code   RO         1108    i.PendSV_Handler    stm32f1xx_it.o
    0x080062da   0x080062da   0x00000002   PAD
    0x080062dc   0x080062dc   0x000000dc   Code   RO          390    i.PrintDebug        main.o
    0x080063b8   0x080063b8   0x00000016   Code   RO           16    i.PrintInt          serialcommand.o
    0x080063ce   0x080063ce   0x00000016   Code   RO           17    i.PrintString       serialcommand.o
    0x080063e4   0x080063e4   0x00000028   Code   RO         4348    i.RCC_Delay         stm32f1xx_hal_rcc.o
    0x0800640c   0x0800640c   0x00000016   Code   RO         2507    i.RTC_Bcd2ToByte    stm32f1xx_hal_rtc.o
    0x08006422   0x08006422   0x0000003a   Code   RO         2510    i.RTC_EnterInitMode  stm32f1xx_hal_rtc.o
    0x0800645c   0x0800645c   0x0000003a   Code   RO         2511    i.RTC_ExitInitMode  stm32f1xx_hal_rtc.o
    0x08006496   0x08006496   0x00000018   Code   RO         2513    i.RTC_ReadAlarmCounter  stm32f1xx_hal_rtc.o
    0x080064ae   0x080064ae   0x00000034   Code   RO         2514    i.RTC_ReadTimeCounter  stm32f1xx_hal_rtc.o
    0x080064e2   0x080064e2   0x00000084   Code   RO         2515    i.RTC_WeekDayNum    stm32f1xx_hal_rtc.o
    0x08006566   0x08006566   0x0000002e   Code   RO         2516    i.RTC_WriteAlarmCounter  stm32f1xx_hal_rtc.o
    0x08006594   0x08006594   0x0000002e   Code   RO         2517    i.RTC_WriteTimeCounter  stm32f1xx_hal_rtc.o
    0x080065c2   0x080065c2   0x00000002   PAD
    0x080065c4   0x080065c4   0x00000030   Code   RO          391    i.ReadSensors       main.o
    0x080065f4   0x080065f4   0x0000002c   Code   RO         2767    i.SDIO_ConfigData   stm32f1xx_ll_sdmmc.o
    0x08006620   0x08006620   0x00000008   Code   RO         2768    i.SDIO_GetCommandResponse  stm32f1xx_ll_sdmmc.o
    0x08006628   0x08006628   0x0000000a   Code   RO         2771    i.SDIO_GetPowerState  stm32f1xx_ll_sdmmc.o
    0x08006632   0x08006632   0x00000016   Code   RO         2772    i.SDIO_GetResponse  stm32f1xx_ll_sdmmc.o
    0x08006648   0x08006648   0x00000034   Code   RO         2773    i.SDIO_Init         stm32f1xx_ll_sdmmc.o
    0x0800667c   0x0800667c   0x0000000a   Code   RO         2775    i.SDIO_PowerState_ON  stm32f1xx_ll_sdmmc.o
    0x08006686   0x08006686   0x00000008   Code   RO         2776    i.SDIO_ReadFIFO     stm32f1xx_ll_sdmmc.o
    0x0800668e   0x0800668e   0x00000028   Code   RO         2777    i.SDIO_SendCommand  stm32f1xx_ll_sdmmc.o
    0x080066b6   0x080066b6   0x0000000c   Code   RO         2779    i.SDIO_WriteFIFO    stm32f1xx_ll_sdmmc.o
    0x080066c2   0x080066c2   0x0000003a   Code   RO         2780    i.SDMMC_CmdAppCommand  stm32f1xx_ll_sdmmc.o
    0x080066fc   0x080066fc   0x0000003c   Code   RO         2781    i.SDMMC_CmdAppOperCommand  stm32f1xx_ll_sdmmc.o
    0x08006738   0x08006738   0x0000003a   Code   RO         2782    i.SDMMC_CmdBlockLength  stm32f1xx_ll_sdmmc.o
    0x08006772   0x08006772   0x0000003a   Code   RO         2783    i.SDMMC_CmdBusWidth  stm32f1xx_ll_sdmmc.o
    0x080067ac   0x080067ac   0x0000002e   Code   RO         2787    i.SDMMC_CmdGoIdleState  stm32f1xx_ll_sdmmc.o
    0x080067da   0x080067da   0x00000036   Code   RO         2789    i.SDMMC_CmdOperCond  stm32f1xx_ll_sdmmc.o
    0x08006810   0x08006810   0x0000003a   Code   RO         2790    i.SDMMC_CmdReadMultiBlock  stm32f1xx_ll_sdmmc.o
    0x0800684a   0x0800684a   0x0000003a   Code   RO         2791    i.SDMMC_CmdReadSingleBlock  stm32f1xx_ll_sdmmc.o
    0x08006884   0x08006884   0x0000003c   Code   RO         2794    i.SDMMC_CmdSelDesel  stm32f1xx_ll_sdmmc.o
    0x080068c0   0x080068c0   0x00000034   Code   RO         2795    i.SDMMC_CmdSendCID  stm32f1xx_ll_sdmmc.o
    0x080068f4   0x080068f4   0x00000034   Code   RO         2796    i.SDMMC_CmdSendCSD  stm32f1xx_ll_sdmmc.o
    0x08006928   0x08006928   0x0000003a   Code   RO         2797    i.SDMMC_CmdSendSCR  stm32f1xx_ll_sdmmc.o
    0x08006962   0x08006962   0x0000003a   Code   RO         2798    i.SDMMC_CmdSendStatus  stm32f1xx_ll_sdmmc.o
    0x0800699c   0x0800699c   0x0000003a   Code   RO         2799    i.SDMMC_CmdSetRelAdd  stm32f1xx_ll_sdmmc.o
    0x080069d6   0x080069d6   0x00000002   PAD
    0x080069d8   0x080069d8   0x0000003c   Code   RO         2801    i.SDMMC_CmdStopTransfer  stm32f1xx_ll_sdmmc.o
    0x08006a14   0x08006a14   0x0000003a   Code   RO         2803    i.SDMMC_CmdWriteMultiBlock  stm32f1xx_ll_sdmmc.o
    0x08006a4e   0x08006a4e   0x0000003a   Code   RO         2804    i.SDMMC_CmdWriteSingleBlock  stm32f1xx_ll_sdmmc.o
    0x08006a88   0x08006a88   0x00000040   Code   RO         2805    i.SDMMC_GetCmdError  stm32f1xx_ll_sdmmc.o
    0x08006ac8   0x08006ac8   0x000001a4   Code   RO         2806    i.SDMMC_GetCmdResp1  stm32f1xx_ll_sdmmc.o
    0x08006c6c   0x08006c6c   0x0000005c   Code   RO         2807    i.SDMMC_GetCmdResp2  stm32f1xx_ll_sdmmc.o
    0x08006cc8   0x08006cc8   0x00000050   Code   RO         2808    i.SDMMC_GetCmdResp3  stm32f1xx_ll_sdmmc.o
    0x08006d18   0x08006d18   0x000000b0   Code   RO         2809    i.SDMMC_GetCmdResp6  stm32f1xx_ll_sdmmc.o
    0x08006dc8   0x08006dc8   0x00000058   Code   RO         2810    i.SDMMC_GetCmdResp7  stm32f1xx_ll_sdmmc.o
    0x08006e20   0x08006e20   0x0000012c   Code   RO         3075    i.SD_FindSCR        stm32f1xx_hal_sd.o
    0x08006f4c   0x08006f4c   0x000000fc   Code   RO         3076    i.SD_InitCard       stm32f1xx_hal_sd.o
    0x08007048   0x08007048   0x000000ee   Code   RO         3078    i.SD_PowerON        stm32f1xx_hal_sd.o
    0x08007136   0x08007136   0x00000032   Code   RO         3081    i.SD_SendStatus     stm32f1xx_hal_sd.o
    0x08007168   0x08007168   0x0000006a   Code   RO         3082    i.SD_WideBus_Disable  stm32f1xx_hal_sd.o
    0x080071d2   0x080071d2   0x0000006a   Code   RO         3083    i.SD_WideBus_Enable  stm32f1xx_hal_sd.o
    0x0800723c   0x0800723c   0x00000028   Code   RO         6033    i.SD_initialize     sd_diskio.o
    0x08007264   0x08007264   0x00000068   Code   RO         6034    i.SD_ioctl          sd_diskio.o
    0x080072cc   0x080072cc   0x00000048   Code   RO         6035    i.SD_read           sd_diskio.o
    0x08007314   0x08007314   0x00000028   Code   RO         6036    i.SD_status         sd_diskio.o
    0x0800733c   0x0800733c   0x00000048   Code   RO         6037    i.SD_write          sd_diskio.o
    0x08007384   0x08007384   0x00000002   Code   RO         1109    i.SVC_Handler       stm32f1xx_it.o
    0x08007386   0x08007386   0x00000002   PAD
    0x08007388   0x08007388   0x0000003c   Code   RO           18    i.SerialBufferSend  serialcommand.o
    0x080073c4   0x080073c4   0x000000b0   Code   RO           19    i.SerialParse       serialcommand.o
    0x08007474   0x08007474   0x00000020   Code   RO           20    i.SerialSendHandlar  serialcommand.o
    0x08007494   0x08007494   0x00000018   Code   RO         1110    i.SysTick_Handler   stm32f1xx_it.o
    0x080074ac   0x080074ac   0x00000090   Code   RO          392    i.SystemClock_Config  main.o
    0x0800753c   0x0800753c   0x00000058   Code   RO         5095    i.SystemInit        system_stm32f1xx.o
    0x08007594   0x08007594   0x00000014   Code   RO         1112    i.TIM6_IRQHandler   stm32f1xx_it.o
    0x080075a8   0x080075a8   0x00000040   Code   RO          393    i.TIM6_SetFrq       main.o
    0x080075e8   0x080075e8   0x00000020   Code   RO         1113    i.TIM7_IRQHandler   stm32f1xx_it.o
    0x08007608   0x08007608   0x00000098   Code   RO         3384    i.TIM_Base_SetConfig  stm32f1xx_hal_tim.o
    0x080076a0   0x080076a0   0x0000001a   Code   RO         5424    i.USBD_CDC_DataIn   usbd_cdc.o
    0x080076ba   0x080076ba   0x00000034   Code   RO         5425    i.USBD_CDC_DataOut  usbd_cdc.o
    0x080076ee   0x080076ee   0x00000040   Code   RO         5426    i.USBD_CDC_DeInit   usbd_cdc.o
    0x0800772e   0x0800772e   0x00000032   Code   RO         5427    i.USBD_CDC_EP0_RxReady  usbd_cdc.o
    0x08007760   0x08007760   0x00000010   Code   RO         5428    i.USBD_CDC_GetDeviceQualifierDescriptor  usbd_cdc.o
    0x08007770   0x08007770   0x00000010   Code   RO         5429    i.USBD_CDC_GetFSCfgDesc  usbd_cdc.o
    0x08007780   0x08007780   0x00000010   Code   RO         5430    i.USBD_CDC_GetHSCfgDesc  usbd_cdc.o
    0x08007790   0x08007790   0x00000010   Code   RO         5431    i.USBD_CDC_GetOtherSpeedCfgDesc  usbd_cdc.o
    0x080077a0   0x080077a0   0x000000a6   Code   RO         5432    i.USBD_CDC_Init     usbd_cdc.o
    0x08007846   0x08007846   0x0000003a   Code   RO         5433    i.USBD_CDC_ReceivePacket  usbd_cdc.o
    0x08007880   0x08007880   0x0000000e   Code   RO         5434    i.USBD_CDC_RegisterInterface  usbd_cdc.o
    0x0800788e   0x0800788e   0x0000000e   Code   RO         5435    i.USBD_CDC_SetRxBuffer  usbd_cdc.o
    0x0800789c   0x0800789c   0x00000014   Code   RO         5436    i.USBD_CDC_SetTxBuffer  usbd_cdc.o
    0x080078b0   0x080078b0   0x00000090   Code   RO         5437    i.USBD_CDC_Setup    usbd_cdc.o
    0x08007940   0x08007940   0x00000038   Code   RO         5438    i.USBD_CDC_TransmitPacket  usbd_cdc.o
    0x08007978   0x08007978   0x00000016   Code   RO         5131    i.USBD_ClrClassConfig  usbd_core.o
    0x0800798e   0x0800798e   0x00000044   Code   RO         5269    i.USBD_ClrFeature   usbd_ctlreq.o
    0x080079d2   0x080079d2   0x00000018   Code   RO         5364    i.USBD_CtlContinueRx  usbd_ioreq.o
    0x080079ea   0x080079ea   0x00000018   Code   RO         5365    i.USBD_CtlContinueSendData  usbd_ioreq.o
    0x08007a02   0x08007a02   0x00000018   Code   RO         5270    i.USBD_CtlError     usbd_ctlreq.o
    0x08007a1a   0x08007a1a   0x00000028   Code   RO         5366    i.USBD_CtlPrepareRx  usbd_ioreq.o
    0x08007a42   0x08007a42   0x0000001a   Code   RO         5367    i.USBD_CtlReceiveStatus  usbd_ioreq.o
    0x08007a5c   0x08007a5c   0x00000022   Code   RO         5368    i.USBD_CtlSendData  usbd_ioreq.o
    0x08007a7e   0x08007a7e   0x0000001a   Code   RO         5369    i.USBD_CtlSendStatus  usbd_ioreq.o
    0x08007a98   0x08007a98   0x00000034   Code   RO          972    i.USBD_FS_ConfigStrDescriptor  usbd_desc.o
    0x08007acc   0x08007acc   0x00000010   Code   RO          973    i.USBD_FS_DeviceDescriptor  usbd_desc.o
    0x08007adc   0x08007adc   0x00000038   Code   RO          974    i.USBD_FS_InterfaceStrDescriptor  usbd_desc.o
    0x08007b14   0x08007b14   0x00000010   Code   RO          975    i.USBD_FS_LangIDStrDescriptor  usbd_desc.o
    0x08007b24   0x08007b24   0x00000020   Code   RO          976    i.USBD_FS_ManufacturerStrDescriptor  usbd_desc.o
    0x08007b44   0x08007b44   0x00000034   Code   RO          977    i.USBD_FS_ProductStrDescriptor  usbd_desc.o
    0x08007b78   0x08007b78   0x00000018   Code   RO          978    i.USBD_FS_SerialStrDescriptor  usbd_desc.o
    0x08007b90   0x08007b90   0x00000050   Code   RO         5271    i.USBD_GetConfig    usbd_ctlreq.o
    0x08007be0   0x08007be0   0x00000148   Code   RO         5272    i.USBD_GetDescriptor  usbd_ctlreq.o
    0x08007d28   0x08007d28   0x00000014   Code   RO         5273    i.USBD_GetLen       usbd_ctlreq.o
    0x08007d3c   0x08007d3c   0x00000044   Code   RO         5274    i.USBD_GetStatus    usbd_ctlreq.o
    0x08007d80   0x08007d80   0x00000052   Code   RO         5275    i.USBD_GetString    usbd_ctlreq.o
    0x08007dd2   0x08007dd2   0x0000002c   Code   RO          772    i.USBD_Get_USB_Status  usbd_conf.o
    0x08007dfe   0x08007dfe   0x00000032   Code   RO         5133    i.USBD_Init         usbd_core.o
    0x08007e30   0x08007e30   0x00000026   Code   RO          773    i.USBD_LL_ClearStallEP  usbd_conf.o
    0x08007e56   0x08007e56   0x00000026   Code   RO          774    i.USBD_LL_CloseEP   usbd_conf.o
    0x08007e7c   0x08007e7c   0x000000da   Code   RO         5134    i.USBD_LL_DataInStage  usbd_core.o
    0x08007f56   0x08007f56   0x00000086   Code   RO         5135    i.USBD_LL_DataOutStage  usbd_core.o
    0x08007fdc   0x08007fdc   0x00000012   Code   RO          778    i.USBD_LL_GetRxDataSize  usbd_conf.o
    0x08007fee   0x08007fee   0x00000002   PAD
    0x08007ff0   0x08007ff0   0x00000084   Code   RO          779    i.USBD_LL_Init      usbd_conf.o
    0x08008074   0x08008074   0x00000030   Code   RO          780    i.USBD_LL_IsStallEP  usbd_conf.o
    0x080080a4   0x080080a4   0x00000030   Code   RO          781    i.USBD_LL_OpenEP    usbd_conf.o
    0x080080d4   0x080080d4   0x00000030   Code   RO          782    i.USBD_LL_PrepareReceive  usbd_conf.o
    0x08008104   0x08008104   0x00000044   Code   RO         5140    i.USBD_LL_Reset     usbd_core.o
    0x08008148   0x08008148   0x0000000e   Code   RO         5141    i.USBD_LL_Resume    usbd_core.o
    0x08008156   0x08008156   0x00000022   Code   RO         5142    i.USBD_LL_SOF       usbd_core.o
    0x08008178   0x08008178   0x00000008   Code   RO         5143    i.USBD_LL_SetSpeed  usbd_core.o
    0x08008180   0x08008180   0x00000026   Code   RO          783    i.USBD_LL_SetUSBAddress  usbd_conf.o
    0x080081a6   0x080081a6   0x0000006e   Code   RO         5144    i.USBD_LL_SetupStage  usbd_core.o
    0x08008214   0x08008214   0x00000026   Code   RO          784    i.USBD_LL_StallEP   usbd_conf.o
    0x0800823a   0x0800823a   0x0000001e   Code   RO          785    i.USBD_LL_Start     usbd_conf.o
    0x08008258   0x08008258   0x00000014   Code   RO         5145    i.USBD_LL_Suspend   usbd_core.o
    0x0800826c   0x0800826c   0x00000030   Code   RO          787    i.USBD_LL_Transmit  usbd_conf.o
    0x0800829c   0x0800829c   0x00000028   Code   RO         5276    i.USBD_ParseSetupRequest  usbd_ctlreq.o
    0x080082c4   0x080082c4   0x00000010   Code   RO         5146    i.USBD_RegisterClass  usbd_core.o
    0x080082d4   0x080082d4   0x00000006   Code   RO         5147    i.USBD_RunTestMode  usbd_core.o
    0x080082da   0x080082da   0x00000054   Code   RO         5277    i.USBD_SetAddress   usbd_ctlreq.o
    0x0800832e   0x0800832e   0x00000022   Code   RO         5148    i.USBD_SetClassConfig  usbd_core.o
    0x08008350   0x08008350   0x000000e0   Code   RO         5278    i.USBD_SetConfig    usbd_ctlreq.o
    0x08008430   0x08008430   0x00000024   Code   RO         5279    i.USBD_SetFeature   usbd_ctlreq.o
    0x08008454   0x08008454   0x0000000e   Code   RO         5149    i.USBD_Start        usbd_core.o
    0x08008462   0x08008462   0x00000072   Code   RO         5280    i.USBD_StdDevReq    usbd_ctlreq.o
    0x080084d4   0x080084d4   0x00000156   Code   RO         5281    i.USBD_StdEPReq     usbd_ctlreq.o
    0x0800862a   0x0800862a   0x0000004a   Code   RO         5282    i.USBD_StdItfReq    usbd_ctlreq.o
    0x08008674   0x08008674   0x00000002   Code   RO          788    i.USBD_static_free  usbd_conf.o
    0x08008676   0x08008676   0x00000002   PAD
    0x08008678   0x08008678   0x0000000c   Code   RO          789    i.USBD_static_malloc  usbd_conf.o
    0x08008684   0x08008684   0x000003aa   Code   RO         1589    i.USB_ActivateEndpoint  stm32f1xx_ll_usb.o
    0x08008a2e   0x08008a2e   0x00000008   Code   RO         1592    i.USB_CoreInit      stm32f1xx_ll_usb.o
    0x08008a36   0x08008a36   0x00000214   Code   RO         1594    i.USB_DeactivateEndpoint  stm32f1xx_ll_usb.o
    0x08008c4a   0x08008c4a   0x00000006   Code   RO         1595    i.USB_DevConnect    stm32f1xx_ll_usb.o
    0x08008c50   0x08008c50   0x00000006   Code   RO         1596    i.USB_DevDisconnect  stm32f1xx_ll_usb.o
    0x08008c56   0x08008c56   0x0000001e   Code   RO         1597    i.USB_DevInit       stm32f1xx_ll_usb.o
    0x08008c74   0x08008c74   0x00000016   Code   RO         1598    i.USB_DisableGlobalInt  stm32f1xx_ll_usb.o
    0x08008c8a   0x08008c8a   0x00000006   Code   RO         1599    i.USB_EP0_OutStart  stm32f1xx_ll_usb.o
    0x08008c90   0x08008c90   0x000000b4   Code   RO         1600    i.USB_EPClearStall  stm32f1xx_ll_usb.o
    0x08008d44   0x08008d44   0x00000086   Code   RO         1601    i.USB_EPSetStall    stm32f1xx_ll_usb.o
    0x08008dca   0x08008dca   0x00000332   Code   RO         1602    i.USB_EPStartXfer   stm32f1xx_ll_usb.o
    0x080090fc   0x080090fc   0x00000016   Code   RO         1603    i.USB_EnableGlobalInt  stm32f1xx_ll_usb.o
    0x08009112   0x08009112   0x00000002   PAD
    0x08009114   0x08009114   0x00000010   Code   RO         1114    i.USB_LP_CAN1_RX0_IRQHandler  stm32f1xx_it.o
    0x08009124   0x08009124   0x0000000a   Code   RO         1610    i.USB_ReadInterrupts  stm32f1xx_ll_usb.o
    0x0800912e   0x0800912e   0x00000028   Code   RO         1611    i.USB_ReadPMA       stm32f1xx_ll_usb.o
    0x08009156   0x08009156   0x00000006   Code   RO         1613    i.USB_SetCurrentMode  stm32f1xx_ll_usb.o
    0x0800915c   0x0800915c   0x0000000e   Code   RO         1614    i.USB_SetDevAddress  stm32f1xx_ll_usb.o
    0x0800916a   0x0800916a   0x00000042   Code   RO         1616    i.USB_WritePMA      stm32f1xx_ll_usb.o
    0x080091ac   0x080091ac   0x00000004   Code   RO         1115    i.UsageFault_Handler  stm32f1xx_it.o
    0x080091b0   0x080091b0   0x00000020   Code   RO          253    i.WakeUP            bs.o
    0x080091d0   0x080091d0   0x00000008   Code   RO         6164    i.__aeabi_errno_addr  mc_w.l(errno.o)
    0x080091d8   0x080091d8   0x0000000e   Code   RO         6212    i.__scatterload_copy  mc_w.l(handlers.o)
    0x080091e6   0x080091e6   0x00000002   Code   RO         6213    i.__scatterload_null  mc_w.l(handlers.o)
    0x080091e8   0x080091e8   0x0000000e   Code   RO         6214    i.__scatterload_zeroinit  mc_w.l(handlers.o)
    0x080091f6   0x080091f6   0x00000002   PAD
    0x080091f8   0x080091f8   0x0000009c   Code   RO         5584    i.check_fs          ff.o
    0x08009294   0x08009294   0x00000014   Code   RO         5585    i.chk_chr           ff.o
    0x080092a8   0x080092a8   0x00000098   Code   RO         5586    i.chk_lock          ff.o
    0x08009340   0x08009340   0x00000030   Code   RO         5587    i.clear_lock        ff.o
    0x08009370   0x08009370   0x0000004c   Code   RO         5588    i.clmt_clust        ff.o
    0x080093bc   0x080093bc   0x00000026   Code   RO         5589    i.clust2sect        ff.o
    0x080093e2   0x080093e2   0x00000048   Code   RO           21    i.cmdGetArgNum      serialcommand.o
    0x0800942a   0x0800942a   0x000000fc   Code   RO         5590    i.create_chain      ff.o
    0x08009526   0x08009526   0x00000002   PAD
    0x08009528   0x08009528   0x00000124   Code   RO         5591    i.create_name       ff.o
    0x0800964c   0x0800964c   0x0000004c   Code   RO         5592    i.dec_lock          ff.o
    0x08009698   0x08009698   0x0000006c   Code   RO         5593    i.dir_alloc         ff.o
    0x08009704   0x08009704   0x0000006c   Code   RO         5594    i.dir_find          ff.o
    0x08009770   0x08009770   0x000001ec   Code   RO         5595    i.dir_next          ff.o
    0x0800995c   0x0800995c   0x00000052   Code   RO         5597    i.dir_register      ff.o
    0x080099ae   0x080099ae   0x00000134   Code   RO         5599    i.dir_sdi           ff.o
    0x08009ae2   0x08009ae2   0x00000002   PAD
    0x08009ae4   0x08009ae4   0x0000002c   Code   RO         5529    i.disk_initialize   diskio.o
    0x08009b10   0x08009b10   0x00000028   Code   RO         5530    i.disk_ioctl        diskio.o
    0x08009b38   0x08009b38   0x00000030   Code   RO         5531    i.disk_read         diskio.o
    0x08009b68   0x08009b68   0x0000001c   Code   RO         5532    i.disk_status       diskio.o
    0x08009b84   0x08009b84   0x00000030   Code   RO         5533    i.disk_write        diskio.o
    0x08009bb4   0x08009bb4   0x00000028   Code   RO         5600    i.enq_lock          ff.o
    0x08009bdc   0x08009bdc   0x00000032   Code   RO         5602    i.f_close           ff.o
    0x08009c0e   0x08009c0e   0x00000002   PAD
    0x08009c10   0x08009c10   0x00000068   Code   RO         5611    i.f_mount           ff.o
    0x08009c78   0x08009c78   0x00000222   Code   RO         5612    i.f_open            ff.o
    0x08009e9a   0x08009e9a   0x000000fa   Code   RO         5621    i.f_sync            ff.o
    0x08009f94   0x08009f94   0x00000352   Code   RO         5625    i.f_write           ff.o
    0x0800a2e6   0x0800a2e6   0x00000002   PAD
    0x0800a2e8   0x0800a2e8   0x00000488   Code   RO         5626    i.find_volume       ff.o
    0x0800a770   0x0800a770   0x000000a6   Code   RO         5627    i.follow_path       ff.o
    0x0800a816   0x0800a816   0x00000002   PAD
    0x0800a818   0x0800a818   0x00000050   Code   RO         6112    i.free              mc_w.l(malloc.o)
    0x0800a868   0x0800a868   0x00000164   Code   RO         5629    i.get_fat           ff.o
    0x0800a9cc   0x0800a9cc   0x00000004   Code   RO          691    i.get_fattime       fatfs.o
    0x0800a9d0   0x0800a9d0   0x00000048   Code   RO         5631    i.get_ldnumber      ff.o
    0x0800aa18   0x0800aa18   0x000000f4   Code   RO         5632    i.inc_lock          ff.o
    0x0800ab0c   0x0800ab0c   0x0000004c   Code   RO           23    i.itoa              serialcommand.o
    0x0800ab58   0x0800ab58   0x00000024   Code   RO         5633    i.ld_clust          ff.o
    0x0800ab7c   0x0800ab7c   0x00000174   Code   RO          394    i.main              main.o
    0x0800acf0   0x0800acf0   0x0000006c   Code   RO         6113    i.malloc            mc_w.l(malloc.o)
    0x0800ad5c   0x0800ad5c   0x00000026   Code   RO         5634    i.mem_cmp           ff.o
    0x0800ad82   0x0800ad82   0x0000001a   Code   RO         5635    i.mem_cpy           ff.o
    0x0800ad9c   0x0800ad9c   0x00000014   Code   RO         5636    i.mem_set           ff.o
    0x0800adb0   0x0800adb0   0x0000003e   Code   RO         5637    i.move_window       ff.o
    0x0800adee   0x0800adee   0x000001be   Code   RO         5639    i.put_fat           ff.o
    0x0800afac   0x0800afac   0x00000088   Code   RO         5641    i.remove_chain      ff.o
    0x0800b034   0x0800b034   0x00000026   Code   RO           24    i.reverse           serialcommand.o
    0x0800b05a   0x0800b05a   0x00000010   Code   RO         5642    i.st_clust          ff.o
    0x0800b06a   0x0800b06a   0x00000118   Code   RO         5643    i.sync_fs           ff.o
    0x0800b182   0x0800b182   0x00000072   Code   RO         5644    i.sync_window       ff.o
    0x0800b1f4   0x0800b1f4   0x00000052   Code   RO         5645    i.validate          ff.o
    0x0800b246   0x0800b246   0x00000002   PAD
    0x0800b248   0x0800b248   0x00000018   Data   RO          397    .constdata          main.o
    0x0800b260   0x0800b260   0x00000018   Data   RO         5096    .constdata          system_stm32f1xx.o
    0x0800b278   0x0800b278   0x000000ac   Data   RO         5647    .constdata          ff.o
    0x0800b324   0x0800b324   0x00000014   Data   RO         6038    .constdata          sd_diskio.o
    0x0800b338   0x0800b338   0x00000081   Data   RO         6179    .constdata          mc_w.l(ctype_o.o)
    0x0800b3b9   0x0800b3b9   0x00000003   PAD
    0x0800b3bc   0x0800b3bc   0x00000004   Data   RO         6180    .constdata          mc_w.l(ctype_o.o)
    0x0800b3c0   0x0800b3c0   0x00000017   Data   RO          398    .conststring        main.o
    0x0800b3d7   0x0800b3d7   0x00000001   PAD
    0x0800b3d8   0x0800b3d8   0x00000020   Data   RO         6210    Region$$Table       anon$$obj.o


    Execution Region RW_IRAM1 (Exec base: 0x20000000, Load base: 0x0800b3f8, Size: 0x000046d0, Max: 0x0000c000, ABSOLUTE, COMPRESSED[0x000000e0])

    Exec Addr    Load Addr    Size         Type   Attr      Idx    E Section Name        Object

    0x20000000   COMPRESSED   0x0000000c   Data   RW           26    .data               serialcommand.o
    0x2000000c   COMPRESSED   0x00000033   Data   RW          399    .data               main.o
    0x2000003f   COMPRESSED   0x00000005   Data   RW          693    .data               fatfs.o
    0x20000044   COMPRESSED   0x0000004e   Data   RW          980    .data               usbd_desc.o
    0x20000092   COMPRESSED   0x00000002   PAD
    0x20000094   COMPRESSED   0x00000010   Data   RW         1053    .data               usbd_cdc_if.o
    0x200000a4   COMPRESSED   0x00000009   Data   RW         4195    .data               stm32f1xx_hal.o
    0x200000ad   COMPRESSED   0x00000003   PAD
    0x200000b0   COMPRESSED   0x00000004   Data   RW         5097    .data               system_stm32f1xx.o
    0x200000b4   COMPRESSED   0x00000001   Data   RW         5283    .data               usbd_ctlreq.o
    0x200000b5   COMPRESSED   0x00000003   PAD
    0x200000b8   COMPRESSED   0x00000110   Data   RW         5439    .data               usbd_cdc.o
    0x200001c8   COMPRESSED   0x00000006   Data   RW         5648    .data               ff.o
    0x200001ce   COMPRESSED   0x00000001   Data   RW         6039    .data               sd_diskio.o
    0x200001cf   COMPRESSED   0x00000001   PAD
    0x200001d0   COMPRESSED   0x00000004   Data   RW         6105    .data               mc_w.l(strtok.o)
    0x200001d4   COMPRESSED   0x00000004   Data   RW         6162    .data               mc_w.l(mvars.o)
    0x200001d8   COMPRESSED   0x00000004   Data   RW         6163    .data               mc_w.l(mvars.o)
    0x200001dc   COMPRESSED   0x00000004   Data   RW         6167    .data               mc_w.l(errno.o)
    0x200001e0        -       0x00000190   Zero   RW           25    .bss                serialcommand.o
    0x20000370        -       0x00002298   Zero   RW          396    .bss                main.o
    0x20002608        -       0x00000224   Zero   RW          728    .bss                usb_device.o
    0x2000282c        -       0x00000680   Zero   RW          790    .bss                usbd_conf.o
    0x20002eac        -       0x00000200   Zero   RW          979    .bss                usbd_desc.o
    0x200030ac        -       0x00001000   Zero   RW         1052    .bss                usbd_cdc_if.o
    0x200040ac        -       0x00000018   Zero   RW         5646    .bss                ff.o
    0x200040c4        -       0x0000000c   Zero   RW         5956    .bss                ff_gen_drv.o
    0x200040d0        -       0x00000200   Zero   RW            2    HEAP                startup_stm32f103xe.o
    0x200042d0        -       0x00000400   Zero   RW            1    STACK               startup_stm32f103xe.o


==============================================================================

Image component sizes


      Code (inc. data)   RO Data    RW Data    ZI Data      Debug   Object Name

        32         10          0          0          0        417   bs.o
       200         26          0          0          0       3916   bsp_driver_sd.o
       208         24          0          0          0       3769   diskio.o
        32         12          0          5          0       1452   fatfs.o
      7302         74        172          6         24      33366   ff.o
       102          6          0          0         12       1643   ff_gen_drv.o
      2056        300         47         51       8856      38843   main.o
       804         28          0          0          0       7105   mpu.o
       328         32         20          1          0       4568   sd_diskio.o
       664         40          0         12        400     551839   serialcommand.o
        36          8        304          0       1536        808   startup_stm32f103xe.o
       192         36          0          9          0       6549   stm32f1xx_hal.o
      1432         58          0          0          0       7827   stm32f1xx_hal_adc.o
       260          4          0          0          0       1462   stm32f1xx_hal_adc_ex.o
       298         22          0          0          0      26255   stm32f1xx_hal_cortex.o
      1684         28          0          0          0       4654   stm32f1xx_hal_dma.o
       880         46          0          0          0       3880   stm32f1xx_hal_gpio.o
      6668         94          0          0          0      31316   stm32f1xx_hal_i2c.o
       760         82          0          0          0       4292   stm32f1xx_hal_msp.o
      2448          0          0          0          0      10029   stm32f1xx_hal_pcd.o
        62          0          0          0          0       1182   stm32f1xx_hal_pcd_ex.o
        12          4          0          0          0        519   stm32f1xx_hal_pwr.o
      1816        108          0          0          0       6004   stm32f1xx_hal_rcc.o
       620         46          0          0          0       2445   stm32f1xx_hal_rcc_ex.o
      1178         18          0          0          0       9124   stm32f1xx_hal_rtc.o
      3084          4          0          0          0      12864   stm32f1xx_hal_sd.o
       792         20          0          0          0       7815   stm32f1xx_hal_tim.o
       102          0          0          0          0       2274   stm32f1xx_hal_tim_ex.o
       174         46          0          0          0       7129   stm32f1xx_it.o
      2090         40          0          0          0      23223   stm32f1xx_ll_sdmmc.o
      2838          0          0          0          0      13607   stm32f1xx_ll_usb.o
        88         18         24          4          0       1175   system_stm32f1xx.o
        76         16          0          0        548        732   usb_device.o
       728         30          0        272          0      12830   usbd_cdc.o
       200         22          0         16       4096       3483   usbd_cdc_if.o
       826         30          0          0       1664      14269   usbd_conf.o
       748          0          0          0          0       9855   usbd_core.o
      1584         30          0          1          0      10496   usbd_ctlreq.o
       362         98          0         78        512       6361   usbd_desc.o
       174          0          0          0          0       4572   usbd_ioreq.o

    ----------------------------------------------------------------------
     43992       1460        600        464      17648     893949   Object Totals
         0          0         32          0          0          0   (incl. Generated)
        52          0          1          9          0          0   (incl. Padding)

    ----------------------------------------------------------------------

      Code (inc. data)   RO Data    RW Data    ZI Data      Debug   Library Member Name

        86          0          0          0          0          0   __dczerorl2.o
        28          0          0          0          0         68   _chval.o
       158          0          0          0          0         92   _strtoul.o
        26          0          0          0          0         80   atoi.o
         8          4        133          0          0         68   ctype_o.o
         0          0          0          0          0          0   entry.o
         0          0          0          0          0          0   entry10a.o
         0          0          0          0          0          0   entry11a.o
         8          4          0          0          0          0   entry2.o
         4          0          0          0          0          0   entry5.o
         0          0          0          0          0          0   entry7b.o
         0          0          0          0          0          0   entry8b.o
         8          4          0          0          0          0   entry9a.o
         8          4          0          4          0         68   errno.o
        30          0          0          0          0          0   handlers.o
        36          8          0          0          0         68   init.o
         0          0          0          0          0          0   iusefp.o
       188         20          0          0          0        160   malloc.o
        36          0          0          0          0         68   memcpya.o
        36          0          0          0          0        108   memseta.o
         0          0          0          8          0          0   mvars.o
        28          0          0          0          0         76   strcmp.o
        14          0          0          0          0         68   strlen.o
        30          0          0          0          0         80   strncmp.o
        68          6          0          4          0         80   strtok.o
       112          0          0          0          0         88   strtol.o
       176          0          0          0          0        140   fadd.o
       124          0          0          0          0         88   fdiv.o
       110          0          0          0          0        168   fepilogue.o
        18          0          0          0          0         68   fflti.o

    ----------------------------------------------------------------------
      1344         50        136         16          0       1636   Library Totals
         4          0          3          0          0          0   (incl. Padding)

    ----------------------------------------------------------------------

      Code (inc. data)   RO Data    RW Data    ZI Data      Debug   Library Name

       912         50        133         16          0       1172   mc_w.l
       428          0          0          0          0        464   mf_w.l

    ----------------------------------------------------------------------
      1344         50        136         16          0       1636   Library Totals

    ----------------------------------------------------------------------

==============================================================================


      Code (inc. data)   RO Data    RW Data    ZI Data      Debug   

     45336       1510        736        480      17648     875381   Grand Totals
     45336       1510        736        224      17648     875381   ELF Image Totals (compressed)
     45336       1510        736        224          0          0   ROM Totals

==============================================================================

    Total RO  Size (Code + RO Data)                46072 (  44.99kB)
    Total RW  Size (RW Data + ZI Data)             18128 (  17.70kB)
    Total ROM Size (Code + RO Data + RW Data)      46296 (  45.21kB)

==============================================================================

